Archive member included to satisfy reference by file (symbol)

/Applications/microchip/xc32/v4.60/bin/bin/../../lib/gcc/pic32mx/8.3.1/libgcc.a(floatunsisf.o)
                              build/default/production/AD.o (__floatunsisf)
/Applications/microchip/xc32/v4.60/bin/bin/../../lib/gcc/pic32mx/8.3.1/../../../../pic32mx/lib/libpic32.a(default-bootstrap-exception-handler.o)
                              /var/folders/1x/45ryrlxx2nxg6h169xphy9xr0000gn/T//ccZr0cpF.o (_bootstrap_exception_handler)
/Applications/microchip/xc32/v4.60/bin/bin/../../lib/gcc/pic32mx/8.3.1/../../../../pic32mx/lib/libpic32.a(default-on-reset.o)
                              /var/folders/1x/45ryrlxx2nxg6h169xphy9xr0000gn/T//ccZr0cpF.o (_on_reset)
/Applications/microchip/xc32/v4.60/bin/bin/../../lib/gcc/pic32mx/8.3.1/../../../../pic32mx/lib/libpic32.a(default-on-bootstrap.o)
                              /var/folders/1x/45ryrlxx2nxg6h169xphy9xr0000gn/T//ccZr0cpF.o (_on_bootstrap)
/Applications/microchip/xc32/v4.60/bin/bin/../../lib/gcc/pic32mx/8.3.1/../../../../pic32mx/lib/libpic32.a(default-nmi-handler.o)
                              /var/folders/1x/45ryrlxx2nxg6h169xphy9xr0000gn/T//ccZr0cpF.o (_nmi_handler)
/Applications/microchip/xc32/v4.60/bin/bin/../../lib/gcc/pic32mx/8.3.1/../../../../pic32mx/lib/libpic32.a(pic32_data_init_core.o)
                              /var/folders/1x/45ryrlxx2nxg6h169xphy9xr0000gn/T//ccZr0cpF.o (__pic32_data_init)
/Applications/microchip/xc32/v4.60/bin/bin/../../lib/gcc/pic32mx/8.3.1/../../../../pic32mx/lib/libpic32.a(general-exception.o)
                              /var/folders/1x/45ryrlxx2nxg6h169xphy9xr0000gn/T//ccZr0cpF.o (_general_exception_context)
/Applications/microchip/xc32/v4.60/bin/bin/../../lib/gcc/pic32mx/8.3.1/../../../../pic32mx/lib/libpic32.a(vector0.o)
                              /var/folders/1x/45ryrlxx2nxg6h169xphy9xr0000gn/T//ccCtLhYk.o (__vector_dispatch_0)
/Applications/microchip/xc32/v4.60/bin/bin/../../lib/gcc/pic32mx/8.3.1/../../../../pic32mx/lib/libpic32.a(vector1.o)
                              /var/folders/1x/45ryrlxx2nxg6h169xphy9xr0000gn/T//ccCtLhYk.o (__vector_dispatch_1)
/Applications/microchip/xc32/v4.60/bin/bin/../../lib/gcc/pic32mx/8.3.1/../../../../pic32mx/lib/libpic32.a(vector2.o)
                              /var/folders/1x/45ryrlxx2nxg6h169xphy9xr0000gn/T//ccCtLhYk.o (__vector_dispatch_2)
/Applications/microchip/xc32/v4.60/bin/bin/../../lib/gcc/pic32mx/8.3.1/../../../../pic32mx/lib/libpic32.a(vector3.o)
                              /var/folders/1x/45ryrlxx2nxg6h169xphy9xr0000gn/T//ccCtLhYk.o (__vector_dispatch_3)
/Applications/microchip/xc32/v4.60/bin/bin/../../lib/gcc/pic32mx/8.3.1/../../../../pic32mx/lib/libpic32.a(vector4.o)
                              /var/folders/1x/45ryrlxx2nxg6h169xphy9xr0000gn/T//ccCtLhYk.o (__vector_dispatch_4)
/Applications/microchip/xc32/v4.60/bin/bin/../../lib/gcc/pic32mx/8.3.1/../../../../pic32mx/lib/libpic32.a(vector5.o)
                              /var/folders/1x/45ryrlxx2nxg6h169xphy9xr0000gn/T//ccCtLhYk.o (__vector_dispatch_5)
/Applications/microchip/xc32/v4.60/bin/bin/../../lib/gcc/pic32mx/8.3.1/../../../../pic32mx/lib/libpic32.a(vector6.o)
                              /var/folders/1x/45ryrlxx2nxg6h169xphy9xr0000gn/T//ccCtLhYk.o (__vector_dispatch_6)
/Applications/microchip/xc32/v4.60/bin/bin/../../lib/gcc/pic32mx/8.3.1/../../../../pic32mx/lib/libpic32.a(vector7.o)
                              /var/folders/1x/45ryrlxx2nxg6h169xphy9xr0000gn/T//ccCtLhYk.o (__vector_dispatch_7)
/Applications/microchip/xc32/v4.60/bin/bin/../../lib/gcc/pic32mx/8.3.1/../../../../pic32mx/lib/libpic32.a(vector8.o)
                              /var/folders/1x/45ryrlxx2nxg6h169xphy9xr0000gn/T//ccCtLhYk.o (__vector_dispatch_8)
/Applications/microchip/xc32/v4.60/bin/bin/../../lib/gcc/pic32mx/8.3.1/../../../../pic32mx/lib/libpic32.a(vector9.o)
                              /var/folders/1x/45ryrlxx2nxg6h169xphy9xr0000gn/T//ccCtLhYk.o (__vector_dispatch_9)
/Applications/microchip/xc32/v4.60/bin/bin/../../lib/gcc/pic32mx/8.3.1/../../../../pic32mx/lib/libpic32.a(vector10.o)
                              /var/folders/1x/45ryrlxx2nxg6h169xphy9xr0000gn/T//ccCtLhYk.o (__vector_dispatch_10)
/Applications/microchip/xc32/v4.60/bin/bin/../../lib/gcc/pic32mx/8.3.1/../../../../pic32mx/lib/libpic32.a(vector11.o)
                              /var/folders/1x/45ryrlxx2nxg6h169xphy9xr0000gn/T//ccCtLhYk.o (__vector_dispatch_11)
/Applications/microchip/xc32/v4.60/bin/bin/../../lib/gcc/pic32mx/8.3.1/../../../../pic32mx/lib/libpic32.a(vector13.o)
                              /var/folders/1x/45ryrlxx2nxg6h169xphy9xr0000gn/T//ccCtLhYk.o (__vector_dispatch_13)
/Applications/microchip/xc32/v4.60/bin/bin/../../lib/gcc/pic32mx/8.3.1/../../../../pic32mx/lib/libpic32.a(vector14.o)
                              /var/folders/1x/45ryrlxx2nxg6h169xphy9xr0000gn/T//ccCtLhYk.o (__vector_dispatch_14)
[...]
Memory Configuration

Name             Origin             Length             Attributes
kseg0_program_mem 0x000000009d000000 0x0000000000020000 xr
kseg0_boot_mem   0x000000009fc00490 0x0000000000000970
exception_mem    0x000000009fc01000 0x0000000000001000
kseg1_boot_mem   0x00000000bfc00000 0x0000000000000490
debug_exec_mem   0x00000000bfc02000 0x0000000000000ff0
config3          0x00000000bfc02ff0 0x0000000000000004
config2          0x00000000bfc02ff4 0x0000000000000004
config1          0x00000000bfc02ff8 0x0000000000000004
config0          0x00000000bfc02ffc 0x0000000000000004
kseg1_data_mem   0x00000000a0000000 0x0000000000004000 w !x
sfrs             0x00000000bf800000 0x0000000000100000
configsfrs       0x00000000bfc02ff0 0x0000000000000010
*default*        0x0000000000000000 0xffffffffffffffff

Linker script and memory map

LOAD /Applications/microchip/xc32/v4.60/bin/bin/../../lib/gcc/pic32mx/8.3.1/../../../../pic32mx/lib/debug-exception-return.o
LOAD build/default/production/BOARD.o
LOAD build/default/production/AD.o
LOAD build/default/production/RC_Servo.o
LOAD build/default/production/part4.o
LOAD build/default/production/pwm.o
LOAD build/default/production/IO_Ports.o
LOAD build/default/production/Stepper.o
LOAD build/default/production/timers.o
                0x0000000000000001                __MPLAB_BUILD = 0x1
LOAD /var/folders/1x/45ryrlxx2nxg6h169xphy9xr0000gn/T//ccZr0cpF.o
LOAD /var/folders/1x/45ryrlxx2nxg6h169xphy9xr0000gn/T//ccLsiI9O.o
LOAD /var/folders/1x/45ryrlxx2nxg6h169xphy9xr0000gn/T//ccCtLhYk.o
LOAD /Applications/microchip/xc32/v4.60/bin/bin/../../lib/gcc/pic32mx/8.3.1/../../../../pic32mx/lib/pic32_software_reset.o
LOAD /Applications/microchip/xc32/v4.60/bin/bin/../../lib/gcc/pic32mx/8.3.1/libgcc.a
START GROUP
LOAD /Applications/microchip/xc32/v4.60/bin/bin/../../lib/gcc/pic32mx/8.3.1/../../../../pic32mx/lib/libpic32.a
LOAD /Applications/microchip/xc32/v4.60/bin/bin/../../lib/gcc/pic32mx/8.3.1/../../../../pic32mx/lib/libc-size-musl.a
LOAD /Applications/microchip/xc32/v4.60/bin/bin/../../lib/gcc/pic32mx/8.3.1/../../../../pic32mx/lib/liblmalloc-musl.a
LOAD /Applications/microchip/xc32/v4.60/bin/bin/../../lib/gcc/pic32mx/8.3.1/../../../../pic32mx/lib/libdebug.a
LOAD /Applications/microchip/xc32/v4.60/bin/bin/../../lib/gcc/pic32mx/8.3.1/../../../../pic32mx/lib/libc-musl.a
LOAD /Applications/microchip/xc32/v4.60/bin/bin/../../lib/gcc/pic32mx/8.3.1/../../../../pic32mx/lib/libm.a
LOAD /Applications/microchip/xc32/v4.60/bin/bin/../../lib/gcc/pic32mx/8.3.1/../../../../pic32mx/lib/libe.a
LOAD /Applications/microchip/xc32/v4.60/bin/bin/../../lib/gcc/pic32mx/8.3.1/../../../../pic32mx/lib/libm-musl.a
LOAD /Applications/microchip/xc32/v4.60/bin/bin/../../lib/gcc/pic32mx/8.3.1/../../../../pic32mx/lib/libdsp.a
END GROUP
LOAD /Applications/microchip/xc32/v4.60/bin/bin/../../lib/gcc/pic32mx/8.3.1/libgcc.a
                0x0000000000000400                PROVIDE (_min_stack_size = 0x400)
START GROUP
LOAD libmchp_peripheral.a
END GROUP
START GROUP
LOAD libmchp_peripheral_32MX320F128H.a
END GROUP
                0x0000000000000001                PROVIDE (_vector_spacing = 0x1)
                0x000000009fc01000                PROVIDE (_ebase_address = 0x9fc01000)
                0x00000000bfc00000                _RESET_ADDR = 0xbfc00000
                0x00000000bfc00380                _BEV_EXCPT_ADDR = 0xbfc00380
                0x00000000bfc00480                _DBG_EXCPT_ADDR = 0xbfc00480
                0x00000000bfc02000                _DBG_CODE_ADDR = 0xbfc02000
                0x0000000000000ff0                _DBG_CODE_SIZE = 0xff0
                0x000000009fc01180                _GEN_EXCPT_ADDR = (_ebase_address + 0x180)

.config_BFC02FF0
 *(.config_BFC02FF0)

.config_BFC02FF4
                0x00000000bfc02ff4        0x4
 *(.config_BFC02FF4)
 .config_BFC02FF4
                0x00000000bfc02ff4        0x4 build/default/production/BOARD.o
                0x00000000bfc02ff4                __config_BFC02FF4

.config_BFC02FF8
                0x00000000bfc02ff8        0x4
 *(.config_BFC02FF8)
 .config_BFC02FF8
                0x00000000bfc02ff8        0x4 build/default/production/BOARD.o
                0x00000000bfc02ff8                __config_BFC02FF8

.config_BFC02FFC
                0x00000000bfc02ffc        0x4
 *(.config_BFC02FFC)
 .config_BFC02FFC
                0x00000000bfc02ffc        0x4 build/default/production/BOARD.o
                0x00000000bfc02ffc                __config_BFC02FFC

.reset          0x00000000bfc00000      0x170
 *(.reset)
 .reset         0x00000000bfc00000        0x8 /var/folders/1x/45ryrlxx2nxg6h169xphy9xr0000gn/T//ccZr0cpF.o
                0x00000000bfc00000                _reset
 *(.reset.startup)
 .reset.startup
                0x00000000bfc00008      0x168 /var/folders/1x/45ryrlxx2nxg6h169xphy9xr0000gn/T//ccZr0cpF.o
                0x00000000bfc00008                _startup

.bev_excpt      0x00000000bfc00380       0x10
 *(.bev_handler)
 .bev_handler   0x00000000bfc00380       0x10 /var/folders/1x/45ryrlxx2nxg6h169xphy9xr0000gn/T//ccZr0cpF.o

.dbg_excpt      0x00000000bfc00480        0x0
                0x00000000bfc00480                . = (. + DEFINED (_DEBUGGER)?0x8:0x0)

.dbg_code       0x00000000bfc02000        0x0
                0x00000000bfc02000                . = (. + DEFINED (_DEBUGGER)?_DBG_CODE_SIZE:0x0)

.app_excpt      0x000000009fc01180       0x10
 *(.gen_handler)
 .gen_handler   0x000000009fc01180       0x10 /var/folders/1x/45ryrlxx2nxg6h169xphy9xr0000gn/T//ccZr0cpF.o

.vector_0       0x000000009fc01200        0x8
 *(.vector_0)
 .vector_0      0x000000009fc01200        0x8 /Applications/microchip/xc32/v4.60/bin/bin/../../lib/gcc/pic32mx/8.3.1/../../../../pic32mx/lib/libpic32.a(vector0.o)
                0x000000009fc01200                __vector_dispatch_0
                0x0000000000000001                ASSERT (((_vector_spacing == 0x0) || (SIZEOF (.vector_0) <= (_vector_spacing << 0x5))), function at exception vector 0 too large)

.vector_1       0x000000009fc01220        0x8
 *(.vector_1)
 .vector_1      0x000000009fc01220        0x8 /Applications/microchip/xc32/v4.60/bin/bin/../../lib/gcc/pic32mx/8.3.1/../../../../pic32mx/lib/libpic32.a(vector1.o)
                0x000000009fc01220                __vector_dispatch_1
                0x0000000000000001                ASSERT (((_vector_spacing == 0x0) || (SIZEOF (.vector_1) <= (_vector_spacing << 0x5))), function at exception vector 1 too large)

.vector_2       0x000000009fc01240        0x8
 *(.vector_2)
 .vector_2      0x000000009fc01240        0x8 /Applications/microchip/xc32/v4.60/bin/bin/../../lib/gcc/pic32mx/8.3.1/../../../../pic32mx/lib/libpic32.a(vector2.o)
                0x000000009fc01240                __vector_dispatch_2
                0x0000000000000001                ASSERT (((_vector_spacing == 0x0) || (SIZEOF (.vector_2) <= (_vector_spacing << 0x5))), function at exception vector 2 too large)

.vector_3       0x000000009fc01260        0x8
 *(.vector_3)
 .vector_3      0x000000009fc01260        0x8 /Applications/microchip/xc32/v4.60/bin/bin/../../lib/gcc/pic32mx/8.3.1/../../../../pic32mx/lib/libpic32.a(vector3.o)
                0x000000009fc01260                __vector_dispatch_3
                0x0000000000000001                ASSERT (((_vector_spacing == 0x0) || (SIZEOF (.vector_3) <= (_vector_spacing << 0x5))), function at exception vector 3 too large)

.vector_4       0x000000009fc01280        0x8
 *(.vector_4)
 .vector_4      0x000000009fc01280        0x8 /Applications/microchip/xc32/v4.60/bin/bin/../../lib/gcc/pic32mx/8.3.1/../../../../pic32mx/lib/libpic32.a(vector4.o)
                0x000000009fc01280                __vector_dispatch_4
                0x0000000000000001                ASSERT (((_vector_spacing == 0x0) || (SIZEOF (.vector_4) <= (_vector_spacing << 0x5))), function at exception vector 4 too large)

.vector_5       0x000000009fc012a0        0x8
 *(.vector_5)
 .vector_5      0x000000009fc012a0        0x8 /Applications/microchip/xc32/v4.60/bin/bin/../../lib/gcc/pic32mx/8.3.1/../../../../pic32mx/lib/libpic32.a(vector5.o)
                0x000000009fc012a0                __vector_dispatch_5
                0x0000000000000001                ASSERT (((_vector_spacing == 0x0) || (SIZEOF (.vector_5) <= (_vector_spacing << 0x5))), function at exception vector 5 too large)

.vector_6       0x000000009fc012c0        0x8
 *(.vector_6)
 .vector_6      0x000000009fc012c0        0x8 /Applications/microchip/xc32/v4.60/bin/bin/../../lib/gcc/pic32mx/8.3.1/../../../../pic32mx/lib/libpic32.a(vector6.o)
                0x000000009fc012c0                __vector_dispatch_6
                0x0000000000000001                ASSERT (((_vector_spacing == 0x0) || (SIZEOF (.vector_6) <= (_vector_spacing << 0x5))), function at exception vector 6 too large)

.vector_7       0x000000009fc012e0        0x8
 *(.vector_7)
 .vector_7      0x000000009fc012e0        0x8 /Applications/microchip/xc32/v4.60/bin/bin/../../lib/gcc/pic32mx/8.3.1/../../../../pic32mx/lib/libpic32.a(vector7.o)
                0x000000009fc012e0                __vector_dispatch_7
                0x0000000000000001                ASSERT (((_vector_spacing == 0x0) || (SIZEOF (.vector_7) <= (_vector_spacing << 0x5))), function at exception vector 7 too large)

.vector_8       0x000000009fc01300        0x8
 *(.vector_8)
 .vector_8      0x000000009fc01300        0x8 /Applications/microchip/xc32/v4.60/bin/bin/../../lib/gcc/pic32mx/8.3.1/../../../../pic32mx/lib/libpic32.a(vector8.o)
                0x000000009fc01300                __vector_dispatch_8
                0x0000000000000001                ASSERT (((_vector_spacing == 0x0) || (SIZEOF (.vector_8) <= (_vector_spacing << 0x5))), function at exception vector 8 too large)

.vector_9       0x000000009fc01320        0x8
 *(.vector_9)
 .vector_9      0x000000009fc01320        0x8 /Applications/microchip/xc32/v4.60/bin/bin/../../lib/gcc/pic32mx/8.3.1/../../../../pic32mx/lib/libpic32.a(vector9.o)
                0x000000009fc01320                __vector_dispatch_9
                0x0000000000000001                ASSERT (((_vector_spacing == 0x0) || (SIZEOF (.vector_9) <= (_vector_spacing << 0x5))), function at exception vector 9 too large)

.vector_10      0x000000009fc01340        0x8
 *(.vector_10)
 .vector_10     0x000000009fc01340        0x8 /Applications/microchip/xc32/v4.60/bin/bin/../../lib/gcc/pic32mx/8.3.1/../../../../pic32mx/lib/libpic32.a(vector10.o)
                0x000000009fc01340                __vector_dispatch_10
                0x0000000000000001                ASSERT (((_vector_spacing == 0x0) || (SIZEOF (.vector_10) <= (_vector_spacing << 0x5))), function at exception vector 10 too large)

.vector_11      0x000000009fc01360        0x8
 *(.vector_11)
 .vector_11     0x000000009fc01360        0x8 /Applications/microchip/xc32/v4.60/bin/bin/../../lib/gcc/pic32mx/8.3.1/../../../../pic32mx/lib/libpic32.a(vector11.o)
                0x000000009fc01360                __vector_dispatch_11
                0x0000000000000001                ASSERT (((_vector_spacing == 0x0) || (SIZEOF (.vector_11) <= (_vector_spacing << 0x5))), function at exception vector 11 too large)

.vector_12      0x000000009fc01380        0x8
 *(.vector_12)
 .vector_12     0x000000009fc01380        0x8 build/default/production/Stepper.o
                0x000000009fc01380                __vector_dispatch_12
                0x0000000000000001                ASSERT (((_vector_spacing == 0x0) || (SIZEOF (.vector_12) <= (_vector_spacing << 0x5))), function at exception vector 12 too large)

.vector_13      0x000000009fc013a0        0x8
 *(.vector_13)
 .vector_13     0x000000009fc013a0        0x8 /Applications/microchip/xc32/v4.60/bin/bin/../../lib/gcc/pic32mx/8.3.1/../../../../pic32mx/lib/libpic32.a(vector13.o)
                0x000000009fc013a0                __vector_dispatch_13
                0x0000000000000001                ASSERT (((_vector_spacing == 0x0) || (SIZEOF (.vector_13) <= (_vector_spacing << 0x5))), function at exception vector 13 too large)

.vector_14      0x000000009fc013c0        0x8
 *(.vector_14)
 .vector_14     0x000000009fc013c0        0x8 /Applications/microchip/xc32/v4.60/bin/bin/../../lib/gcc/pic32mx/8.3.1/../../../../pic32mx/lib/libpic32.a(vector14.o)
                0x000000009fc013c0                __vector_dispatch_14
                0x0000000000000001                ASSERT (((_vector_spacing == 0x0) || (SIZEOF (.vector_14) <= (_vector_spacing << 0x5))), function at exception vector 14 too large)

.vector_15      0x000000009fc013e0        0x8
 *(.vector_15)
 .vector_15     0x000000009fc013e0        0x8 /Applications/microchip/xc32/v4.60/bin/bin/../../lib/gcc/pic32mx/8.3.1/../../../../pic32mx/lib/libpic32.a(vector15.o)
                0x000000009fc013e0                __vector_dispatch_15
                0x0000000000000001                ASSERT (((_vector_spacing == 0x0) || (SIZEOF (.vector_15) <= (_vector_spacing << 0x5))), function at exception vector 15 too large)

.vector_16      0x000000009fc01400        0x8
 *(.vector_16)
 .vector_16     0x000000009fc01400        0x8 build/default/production/RC_Servo.o
                0x000000009fc01400                __vector_dispatch_16
                0x0000000000000001                ASSERT (((_vector_spacing == 0x0) || (SIZEOF (.vector_16) <= (_vector_spacing << 0x5))), function at exception vector 16 too large)

.vector_17      0x000000009fc01420        0x8
 *(.vector_17)
 .vector_17     0x000000009fc01420        0x8 /Applications/microchip/xc32/v4.60/bin/bin/../../lib/gcc/pic32mx/8.3.1/../../../../pic32mx/lib/libpic32.a(vector17.o)
                0x000000009fc01420                __vector_dispatch_17
                0x0000000000000001                ASSERT (((_vector_spacing == 0x0) || (SIZEOF (.vector_17) <= (_vector_spacing << 0x5))), function at exception vector 17 too large)

.vector_18      0x000000009fc01440        0x8
 *(.vector_18)
 .vector_18     0x000000009fc01440        0x8 /Applications/microchip/xc32/v4.60/bin/bin/../../lib/gcc/pic32mx/8.3.1/../../../../pic32mx/lib/libpic32.a(vector18.o)
                0x000000009fc01440                __vector_dispatch_18
                0x0000000000000001                ASSERT (((_vector_spacing == 0x0) || (SIZEOF (.vector_18) <= (_vector_spacing << 0x5))), function at exception vector 18 too large)

.vector_19      0x000000009fc01460        0x8
 *(.vector_19)
 .vector_19     0x000000009fc01460        0x8 /Applications/microchip/xc32/v4.60/bin/bin/../../lib/gcc/pic32mx/8.3.1/../../../../pic32mx/lib/libpic32.a(vector19.o)
                0x000000009fc01460                __vector_dispatch_19
                0x0000000000000001                ASSERT (((_vector_spacing == 0x0) || (SIZEOF (.vector_19) <= (_vector_spacing << 0x5))), function at exception vector 19 too large)

.vector_20      0x000000009fc01480        0x8
 *(.vector_20)
 .vector_20     0x000000009fc01480        0x8 build/default/production/timers.o
                0x000000009fc01480                __vector_dispatch_20
                0x0000000000000001                ASSERT (((_vector_spacing == 0x0) || (SIZEOF (.vector_20) <= (_vector_spacing << 0x5))), function at exception vector 20 too large)

.vector_21      0x000000009fc014a0        0x8
 *(.vector_21)
 .vector_21     0x000000009fc014a0        0x8 /Applications/microchip/xc32/v4.60/bin/bin/../../lib/gcc/pic32mx/8.3.1/../../../../pic32mx/lib/libpic32.a(vector21.o)
                0x000000009fc014a0                __vector_dispatch_21
                0x0000000000000001                ASSERT (((_vector_spacing == 0x0) || (SIZEOF (.vector_21) <= (_vector_spacing << 0x5))), function at exception vector 21 too large)

.vector_22      0x000000009fc014c0        0x8
 *(.vector_22)
 .vector_22     0x000000009fc014c0        0x8 /Applications/microchip/xc32/v4.60/bin/bin/../../lib/gcc/pic32mx/8.3.1/../../../../pic32mx/lib/libpic32.a(vector22.o)
                0x000000009fc014c0                __vector_dispatch_22
                0x0000000000000001                ASSERT (((_vector_spacing == 0x0) || (SIZEOF (.vector_22) <= (_vector_spacing << 0x5))), function at exception vector 22 too large)

.vector_23      0x000000009fc014e0        0x8
 *(.vector_23)
 .vector_23     0x000000009fc014e0        0x8 /Applications/microchip/xc32/v4.60/bin/bin/../../lib/gcc/pic32mx/8.3.1/../../../../pic32mx/lib/libpic32.a(vector23.o)
                0x000000009fc014e0                __vector_dispatch_23
                0x0000000000000001                ASSERT (((_vector_spacing == 0x0) || (SIZEOF (.vector_23) <= (_vector_spacing << 0x5))), function at exception vector 23 too large)

.vector_24      0x000000009fc01500        0x8
 *(.vector_24)
 .vector_24     0x000000009fc01500        0x8 /Applications/microchip/xc32/v4.60/bin/bin/../../lib/gcc/pic32mx/8.3.1/../../../../pic32mx/lib/libpic32.a(vector24.o)
                0x000000009fc01500                __vector_dispatch_24
                0x0000000000000001                ASSERT (((_vector_spacing == 0x0) || (SIZEOF (.vector_24) <= (_vector_spacing << 0x5))), function at exception vector 24 too large)

.vector_25      0x000000009fc01520        0x8
 *(.vector_25)
 .vector_25     0x000000009fc01520        0x8 /Applications/microchip/xc32/v4.60/bin/bin/../../lib/gcc/pic32mx/8.3.1/../../../../pic32mx/lib/libpic32.a(vector25.o)
                0x000000009fc01520                __vector_dispatch_25
                0x0000000000000001                ASSERT (((_vector_spacing == 0x0) || (SIZEOF (.vector_25) <= (_vector_spacing << 0x5))), function at exception vector 25 too large)

.vector_26      0x000000009fc01540        0x8
 *(.vector_26)
 .vector_26     0x000000009fc01540        0x8 /Applications/microchip/xc32/v4.60/bin/bin/../../lib/gcc/pic32mx/8.3.1/../../../../pic32mx/lib/libpic32.a(vector26.o)
                0x000000009fc01540                __vector_dispatch_26
                0x0000000000000001                ASSERT (((_vector_spacing == 0x0) || (SIZEOF (.vector_26) <= (_vector_spacing << 0x5))), function at exception vector 26 too large)

.vector_27      0x000000009fc01560        0x8
 *(.vector_27)
 .vector_27     0x000000009fc01560        0x8 build/default/production/AD.o
                0x000000009fc01560                __vector_dispatch_27
                0x0000000000000001                ASSERT (((_vector_spacing == 0x0) || (SIZEOF (.vector_27) <= (_vector_spacing << 0x5))), function at exception vector 27 too large)

.vector_28      0x000000009fc01580        0x8
 *(.vector_28)
 .vector_28     0x000000009fc01580        0x8 /Applications/microchip/xc32/v4.60/bin/bin/../../lib/gcc/pic32mx/8.3.1/../../../../pic32mx/lib/libpic32.a(vector28.o)
                0x000000009fc01580                __vector_dispatch_28
                0x0000000000000001                ASSERT (((_vector_spacing == 0x0) || (SIZEOF (.vector_28) <= (_vector_spacing << 0x5))), function at exception vector 28 too large)

.vector_29      0x000000009fc015a0        0x8
 *(.vector_29)
 .vector_29     0x000000009fc015a0        0x8 /Applications/microchip/xc32/v4.60/bin/bin/../../lib/gcc/pic32mx/8.3.1/../../../../pic32mx/lib/libpic32.a(vector29.o)
                0x000000009fc015a0                __vector_dispatch_29
                0x0000000000000001                ASSERT (((_vector_spacing == 0x0) || (SIZEOF (.vector_29) <= (_vector_spacing << 0x5))), function at exception vector 29 too large)

.vector_30      0x000000009fc015c0        0x8
 *(.vector_30)
 .vector_30     0x000000009fc015c0        0x8 /Applications/microchip/xc32/v4.60/bin/bin/../../lib/gcc/pic32mx/8.3.1/../../../../pic32mx/lib/libpic32.a(vector30.o)
                0x000000009fc015c0                __vector_dispatch_30
                0x0000000000000001                ASSERT (((_vector_spacing == 0x0) || (SIZEOF (.vector_30) <= (_vector_spacing << 0x5))), function at exception vector 30 too large)

.vector_31      0x000000009fc015e0        0x8
 *(.vector_31)
 .vector_31     0x000000009fc015e0        0x8 /Applications/microchip/xc32/v4.60/bin/bin/../../lib/gcc/pic32mx/8.3.1/../../../../pic32mx/lib/libpic32.a(vector31.o)
                0x000000009fc015e0                __vector_dispatch_31
                0x0000000000000001                ASSERT (((_vector_spacing == 0x0) || (SIZEOF (.vector_31) <= (_vector_spacing << 0x5))), function at exception vector 31 too large)

.vector_32      0x000000009fc01600        0x8
 *(.vector_32)
 .vector_32     0x000000009fc01600        0x8 /Applications/microchip/xc32/v4.60/bin/bin/../../lib/gcc/pic32mx/8.3.1/../../../../pic32mx/lib/libpic32.a(vector32.o)
                0x000000009fc01600                __vector_dispatch_32
                0x0000000000000001                ASSERT (((_vector_spacing == 0x0) || (SIZEOF (.vector_32) <= (_vector_spacing << 0x5))), function at exception vector 32 too large)

.vector_33      0x000000009fc01620        0x8
 *(.vector_33)
 .vector_33     0x000000009fc01620        0x8 /Applications/microchip/xc32/v4.60/bin/bin/../../lib/gcc/pic32mx/8.3.1/../../../../pic32mx/lib/libpic32.a(vector33.o)
                0x000000009fc01620                __vector_dispatch_33
                0x0000000000000001                ASSERT (((_vector_spacing == 0x0) || (SIZEOF (.vector_33) <= (_vector_spacing << 0x5))), function at exception vector 33 too large)

.vector_34      0x000000009fc01640        0x8
 *(.vector_34)
 .vector_34     0x000000009fc01640        0x8 /Applications/microchip/xc32/v4.60/bin/bin/../../lib/gcc/pic32mx/8.3.1/../../../../pic32mx/lib/libpic32.a(vector34.o)
                0x000000009fc01640                __vector_dispatch_34
                0x0000000000000001                ASSERT (((_vector_spacing == 0x0) || (SIZEOF (.vector_34) <= (_vector_spacing << 0x5))), function at exception vector 34 too large)

.vector_35      0x000000009fc01660        0x8
 *(.vector_35)
 .vector_35     0x000000009fc01660        0x8 /Applications/microchip/xc32/v4.60/bin/bin/../../lib/gcc/pic32mx/8.3.1/../../../../pic32mx/lib/libpic32.a(vector35.o)
                0x000000009fc01660                __vector_dispatch_35
                0x0000000000000001                ASSERT (((_vector_spacing == 0x0) || (SIZEOF (.vector_35) <= (_vector_spacing << 0x5))), function at exception vector 35 too large)

.vector_36      0x000000009fc01680        0x8
 *(.vector_36)
 .vector_36     0x000000009fc01680        0x8 /Applications/microchip/xc32/v4.60/bin/bin/../../lib/gcc/pic32mx/8.3.1/../../../../pic32mx/lib/libpic32.a(vector36.o)
                0x000000009fc01680                __vector_dispatch_36
                0x0000000000000001                ASSERT (((_vector_spacing == 0x0) || (SIZEOF (.vector_36) <= (_vector_spacing << 0x5))), function at exception vector 36 too large)

.vector_37      0x000000009fc016a0        0x8
 *(.vector_37)
 .vector_37     0x000000009fc016a0        0x8 /Applications/microchip/xc32/v4.60/bin/bin/../../lib/gcc/pic32mx/8.3.1/../../../../pic32mx/lib/libpic32.a(vector37.o)
                0x000000009fc016a0                __vector_dispatch_37
                0x0000000000000001                ASSERT (((_vector_spacing == 0x0) || (SIZEOF (.vector_37) <= (_vector_spacing << 0x5))), function at exception vector 37 too large)

.vector_38      0x000000009fc016c0        0x8
 *(.vector_38)
 .vector_38     0x000000009fc016c0        0x8 /Applications/microchip/xc32/v4.60/bin/bin/../../lib/gcc/pic32mx/8.3.1/../../../../pic32mx/lib/libpic32.a(vector38.o)
                0x000000009fc016c0                __vector_dispatch_38
                0x0000000000000001                ASSERT (((_vector_spacing == 0x0) || (SIZEOF (.vector_38) <= (_vector_spacing << 0x5))), function at exception vector 38 too large)

.vector_39      0x000000009fc016e0        0x8
 *(.vector_39)
 .vector_39     0x000000009fc016e0        0x8 /Applications/microchip/xc32/v4.60/bin/bin/../../lib/gcc/pic32mx/8.3.1/../../../../pic32mx/lib/libpic32.a(vector39.o)
                0x000000009fc016e0                __vector_dispatch_39
                0x0000000000000001                ASSERT (((_vector_spacing == 0x0) || (SIZEOF (.vector_39) <= (_vector_spacing << 0x5))), function at exception vector 39 too large)

.vector_40      0x000000009fc01700        0x8
 *(.vector_40)
 .vector_40     0x000000009fc01700        0x8 /Applications/microchip/xc32/v4.60/bin/bin/../../lib/gcc/pic32mx/8.3.1/../../../../pic32mx/lib/libpic32.a(vector40.o)
                0x000000009fc01700                __vector_dispatch_40
                0x0000000000000001                ASSERT (((_vector_spacing == 0x0) || (SIZEOF (.vector_40) <= (_vector_spacing << 0x5))), function at exception vector 40 too large)

.vector_41      0x000000009fc01720        0x8
 *(.vector_41)
 .vector_41     0x000000009fc01720        0x8 /Applications/microchip/xc32/v4.60/bin/bin/../../lib/gcc/pic32mx/8.3.1/../../../../pic32mx/lib/libpic32.a(vector41.o)
                0x000000009fc01720                __vector_dispatch_41
                0x0000000000000001                ASSERT (((_vector_spacing == 0x0) || (SIZEOF (.vector_41) <= (_vector_spacing << 0x5))), function at exception vector 41 too large)

.vector_42      0x000000009fc01740        0x8
 *(.vector_42)
 .vector_42     0x000000009fc01740        0x8 /Applications/microchip/xc32/v4.60/bin/bin/../../lib/gcc/pic32mx/8.3.1/../../../../pic32mx/lib/libpic32.a(vector42.o)
                0x000000009fc01740                __vector_dispatch_42
                0x0000000000000001                ASSERT (((_vector_spacing == 0x0) || (SIZEOF (.vector_42) <= (_vector_spacing << 0x5))), function at exception vector 42 too large)

.vector_43      0x000000009fc01760        0x8
 *(.vector_43)
 .vector_43     0x000000009fc01760        0x8 /Applications/microchip/xc32/v4.60/bin/bin/../../lib/gcc/pic32mx/8.3.1/../../../../pic32mx/lib/libpic32.a(vector43.o)
                0x000000009fc01760                __vector_dispatch_43
                0x0000000000000001                ASSERT (((_vector_spacing == 0x0) || (SIZEOF (.vector_43) <= (_vector_spacing << 0x5))), function at exception vector 43 too large)

.vector_44      0x000000009fc01780        0x8
 *(.vector_44)
 .vector_44     0x000000009fc01780        0x8 /Applications/microchip/xc32/v4.60/bin/bin/../../lib/gcc/pic32mx/8.3.1/../../../../pic32mx/lib/libpic32.a(vector44.o)
                0x000000009fc01780                __vector_dispatch_44
                0x0000000000000001                ASSERT (((_vector_spacing == 0x0) || (SIZEOF (.vector_44) <= (_vector_spacing << 0x5))), function at exception vector 44 too large)

.vector_45      0x000000009fc017a0        0x0
 *(.vector_45)
                0x0000000000000001                ASSERT (((_vector_spacing == 0x0) || (SIZEOF (.vector_45) <= (_vector_spacing << 0x5))), function at exception vector 45 too large)

.vector_46      0x000000009fc017c0        0x0
 *(.vector_46)
                0x0000000000000001                ASSERT (((_vector_spacing == 0x0) || (SIZEOF (.vector_46) <= (_vector_spacing << 0x5))), function at exception vector 46 too large)

.vector_47      0x000000009fc017e0        0x0
 *(.vector_47)
                0x0000000000000001                ASSERT (((_vector_spacing == 0x0) || (SIZEOF (.vector_47) <= (_vector_spacing << 0x5))), function at exception vector 47 too large)

.vector_48      0x000000009fc01800        0x0
 *(.vector_48)
                0x0000000000000001                ASSERT (((_vector_spacing == 0x0) || (SIZEOF (.vector_48) <= (_vector_spacing << 0x5))), function at exception vector 48 too large)

.vector_49      0x000000009fc01820        0x0
 *(.vector_49)
                0x0000000000000001                ASSERT (((_vector_spacing == 0x0) || (SIZEOF (.vector_49) <= (_vector_spacing << 0x5))), function at exception vector 49 too large)

.vector_50      0x000000009fc01840        0x0
 *(.vector_50)
                0x0000000000000001                ASSERT (((_vector_spacing == 0x0) || (SIZEOF (.vector_50) <= (_vector_spacing << 0x5))), function at exception vector 50 too large)

.vector_51      0x000000009fc01860        0x0
 *(.vector_51)
                0x0000000000000001                ASSERT (((_vector_spacing == 0x0) || (SIZEOF (.vector_51) <= (_vector_spacing << 0x5))), function at exception vector 51 too large)

.vector_52      0x000000009fc01880        0x0
 *(.vector_52)
                0x0000000000000001                ASSERT (((_vector_spacing == 0x0) || (SIZEOF (.vector_52) <= (_vector_spacing << 0x5))), function at exception vector 52 too large)

.vector_53      0x000000009fc018a0        0x0
 *(.vector_53)
                0x0000000000000001                ASSERT (((_vector_spacing == 0x0) || (SIZEOF (.vector_53) <= (_vector_spacing << 0x5))), function at exception vector 53 too large)

.vector_54      0x000000009fc018c0        0x0
 *(.vector_54)
                0x0000000000000001                ASSERT (((_vector_spacing == 0x0) || (SIZEOF (.vector_54) <= (_vector_spacing << 0x5))), function at exception vector 54 too large)

.vector_55      0x000000009fc018e0        0x0
 *(.vector_55)
                0x0000000000000001                ASSERT (((_vector_spacing == 0x0) || (SIZEOF (.vector_55) <= (_vector_spacing << 0x5))), function at exception vector 55 too large)

.vector_56      0x000000009fc01900        0x0
 *(.vector_56)
                0x0000000000000001                ASSERT (((_vector_spacing == 0x0) || (SIZEOF (.vector_56) <= (_vector_spacing << 0x5))), function at exception vector 56 too large)

.vector_57      0x000000009fc01920        0x0
 *(.vector_57)
                0x0000000000000001                ASSERT (((_vector_spacing == 0x0) || (SIZEOF (.vector_57) <= (_vector_spacing << 0x5))), function at exception vector 57 too large)

.vector_58      0x000000009fc01940        0x0
 *(.vector_58)
                0x0000000000000001                ASSERT (((_vector_spacing == 0x0) || (SIZEOF (.vector_58) <= (_vector_spacing << 0x5))), function at exception vector 58 too large)

.vector_59      0x000000009fc01960        0x0
 *(.vector_59)
                0x0000000000000001                ASSERT (((_vector_spacing == 0x0) || (SIZEOF (.vector_59) <= (_vector_spacing << 0x5))), function at exception vector 59 too large)

.vector_60      0x000000009fc01980        0x0
 *(.vector_60)
                0x0000000000000001                ASSERT (((_vector_spacing == 0x0) || (SIZEOF (.vector_60) <= (_vector_spacing << 0x5))), function at exception vector 60 too large)

.vector_61      0x000000009fc019a0        0x0
 *(.vector_61)
                0x0000000000000001                ASSERT (((_vector_spacing == 0x0) || (SIZEOF (.vector_61) <= (_vector_spacing << 0x5))), function at exception vector 61 too large)

.vector_62      0x000000009fc019c0        0x0
 *(.vector_62)
                0x0000000000000001                ASSERT (((_vector_spacing == 0x0) || (SIZEOF (.vector_62) <= (_vector_spacing << 0x5))), function at exception vector 62 too large)

.vector_63      0x000000009fc019e0        0x0
 *(.vector_63)
                0x0000000000000001                ASSERT (((_vector_spacing == 0x0) || (SIZEOF (.vector_63) <= (_vector_spacing << 0x5))), function at exception vector 63 too large)

.startup
 *(.startup)

.text           0x000000009d000000        0x0
 *(.stub .gnu.linkonce.t.*)
 *(.text.*personality*)
 *(.mips16.fn.*)
 *(.mips16.call.*)
 *(.gnu.warning)
                0x000000009d000000                . = ALIGN (0x4)

.init           0x000000009d000000        0x0
 *crti.o(.init)
 *crtbegin.o(.init)
 *(EXCLUDE_FILE(*crtn.o *crtend?.o *crtend.o) .init)
 *crtend.o(.init)
 *crtn.o(.init)
                0x000000009d000000                . = ALIGN (0x4)

.fini           0x000000009d000000        0x0
 *(.fini)
                0x000000009d000000                . = ALIGN (0x4)

.preinit_array  0x000000009d000000        0x0
                [!provide]                        PROVIDE (__preinit_array_start = .)
 *(.preinit_array)
                [!provide]                        PROVIDE (__preinit_array_end = .)
                0x000000009d000000                . = ALIGN (0x4)

.init_array     0x000000009d000000        0x0
                [!provide]                        PROVIDE (__init_array_start = .)
 *(SORT_BY_NAME(.init_array.*))
 *(.init_array)
                [!provide]                        PROVIDE (__init_array_end = .)
                0x000000009d000000                . = ALIGN (0x4)

.fini_array     0x000000009d000000        0x0
                [!provide]                        PROVIDE (__fini_array_start = .)
 *(SORT_BY_NAME(.fini_array.*))
 *(.fini_array)
                [!provide]                        PROVIDE (__fini_array_end = .)
                0x000000009d000000                . = ALIGN (0x4)

.ctors          0x000000009d000000        0x0
 *crtbegin.o(.ctors)
 *crtbegin?.o(.ctors)
 *(EXCLUDE_FILE(*crtend?.o *crtend.o) .ctors)
 *(SORT_BY_NAME(.ctors.*))
 *(.ctors)
                0x000000009d000000                . = ALIGN (0x4)

.dtors          0x000000009d000000        0x0
 *crtbegin.o(.dtors)
 *crtbegin?.o(.dtors)
 *(EXCLUDE_FILE(*crtend?.o *crtend.o) .dtors)
 *(SORT_BY_NAME(.dtors.*))
 *(.dtors)
                0x000000009d000000                . = ALIGN (0x4)

.rodata         0x000000009d000000        0x0
 *(.gnu.linkonce.r.*)
 *(.rodata1)
                0x000000009d000000                . = ALIGN (0x4)

.sdata2         0x000000009d000000        0x0
 *(.sdata2 .sdata2.* .gnu.linkonce.s2.*)
                0x000000009d000000                . = ALIGN (0x4)

.sbss2          0x000000009d000000        0x0
 *(.sbss2 .sbss2.* .gnu.linkonce.sb2.*)
                0x000000009d000000                . = ALIGN (0x4)

.eh_frame_hdr
 *(.eh_frame_hdr)
                0x000000009d000000                . = ALIGN (0x4)

.eh_frame
 *(.eh_frame)
                0x000000009d000000                . = ALIGN (0x4)

.gcc_except_table
 *(.gcc_except_table .gcc_except_table.*)
                0x000000009d000000                . = ALIGN (0x4)

.dbg_data       0x00000000a0000000        0x0
                0x00000000a0000000                . = (. + DEFINED (_DEBUGGER)?0x200:0x0)

.jcr            0x00000000a0000000        0x0
 *(.jcr)
                0x00000000a0000000                . = ALIGN (0x4)

.eh_frame
 *(.eh_frame)
                0x00000000a0000000                . = ALIGN (0x4)

.gcc_except_table
 *(.gcc_except_table .gcc_except_table.*)
                0x00000000a0000000                . = ALIGN (0x4)

.persist        0x00000000a0000000        0x0
                0x00000000a0000000                _persist_begin = .
 *(.persist .persist.*)
                0x00000000a0000000                . = ALIGN (0x4)
                0x00000000a0000000                _persist_end = .

.data           0x00000000a0000000        0x0
 *(.gnu.linkonce.d.*)
 *(.data1)
                0x00000000a0000000                . = ALIGN (0x4)
                0x00000000a0000000                . = .
                0x00000000a0007ff0                _gp = (ALIGN (0x10) + 0x7ff0)

.got            0x00000000a0000000        0x0
 *(.got.plt)
 *(.got)
                0x00000000a0000000                . = ALIGN (0x4)

.sdata          0x00000000a0000000       0x14
                0x00000000a0000000                _sdata_begin = .
 *(.sdata .sdata.* .gnu.linkonce.s.*)
 .sdata         0x00000000a0000000        0x4 build/default/production/AD.o
 .sdata         0x00000000a0000004        0x7 build/default/production/RC_Servo.o
 *fill*         0x00000000a000000b        0x1 
 .sdata         0x00000000a000000c        0x4 build/default/production/Stepper.o
 .sdata         0x00000000a0000010        0x4 /Applications/microchip/xc32/v4.60/bin/bin/../../lib/gcc/pic32mx/8.3.1/../../../../pic32mx/lib/libpic32.a(xc32_uart.o)
                0x00000000a0000010                __XC_UART
                0x00000000a0000014                . = ALIGN (0x4)
                0x00000000a0000014                _sdata_end = .

.lit8
 *(.lit8)

.lit4
 *(.lit4)
                0x00000000a0000014                . = ALIGN (0x4)
                0x00000000a0000014                _data_end = .
                0x00000000a0000014                _bss_begin = .

.sbss           0x00000000a0000014       0x64
                0x00000000a0000014                _sbss_begin = .
 *(.dynsbss)
 *(.sbss .sbss.* .gnu.linkonce.sb.*)
 .sbss          0x00000000a0000014       0x24 build/default/production/AD.o
 .sbss          0x00000000a0000038       0x12 build/default/production/RC_Servo.o
                0x00000000a0000038                RCenabled
 *fill*         0x00000000a000004a        0x2 
 .sbss          0x00000000a000004c        0xc build/default/production/pwm.o
 .sbss          0x00000000a0000058       0x12 build/default/production/Stepper.o
 *fill*         0x00000000a000006a        0x2 
 .sbss          0x00000000a000006c        0xc build/default/production/timers.o
 *(.scommon)
                0x00000000a0000078                _sbss_end = .
                0x00000000a0000078                . = ALIGN (0x4)

.bss            0x00000000a0000078        0x0
 *(.dynbss)
 *(COMMON)
                0x00000000a0000078                . = ALIGN ((. != 0x0)?0x4:0x1)
                0x00000000a0000078                . = ALIGN (0x4)
                0x00000000a0000078                _end = .
                0x00000000a0000078                _bss_end = .
                0x0000000000004000                _bmxdudba_address = LENGTH (kseg1_data_mem)
                0x0000000000004000                _bmxdupba_address = LENGTH (kseg1_data_mem)

/DISCARD/
 *(.pdr)
 *(.rel.dyn)
 *(.note.GNU-stack)
 *(.note.GNU-stack)
 *(.gnu_debuglink)
 *(.gnu.lto_*)
 *(.discard)

.gptab.sdata
 *(.gptab.data)
 *(.gptab.sdata)

.gptab.sbss
 *(.gptab.bss)
 *(.gptab.sbss)

.mdebug.abi32   0x0000000000000000        0x0
 *(.mdebug.abi32)
 .mdebug.abi32  0x0000000000000000        0x0 build/default/production/BOARD.o
 .mdebug.abi32  0x0000000000000000        0x0 build/default/production/AD.o
 .mdebug.abi32  0x0000000000000000        0x0 build/default/production/RC_Servo.o
 .mdebug.abi32  0x0000000000000000        0x0 build/default/production/part4.o
 .mdebug.abi32  0x0000000000000000        0x0 build/default/production/pwm.o
 .mdebug.abi32  0x0000000000000000        0x0 build/default/production/IO_Ports.o
 .mdebug.abi32  0x0000000000000000        0x0 build/default/production/Stepper.o
 .mdebug.abi32  0x0000000000000000        0x0 build/default/production/timers.o
 .mdebug.abi32  0x0000000000000000        0x0 /Applications/microchip/xc32/v4.60/bin/bin/../../lib/gcc/pic32mx/8.3.1/libgcc.a(floatunsisf.o)
 .mdebug.abi32  0x0000000000000000        0x0 /Applications/microchip/xc32/v4.60/bin/bin/../../lib/gcc/pic32mx/8.3.1/../../../../pic32mx/lib/libpic32.a(default-bootstrap-exception-handler.o)
 .mdebug.abi32  0x0000000000000000        0x0 /Applications/microchip/xc32/v4.60/bin/bin/../../lib/gcc/pic32mx/8.3.1/../../../../pic32mx/lib/libpic32.a(default-on-reset.o)
 .mdebug.abi32  0x0000000000000000        0x0 /Applications/microchip/xc32/v4.60/bin/bin/../../lib/gcc/pic32mx/8.3.1/../../../../pic32mx/lib/libpic32.a(default-on-bootstrap.o)
 .mdebug.abi32  0x0000000000000000        0x0 /Applications/microchip/xc32/v4.60/bin/bin/../../lib/gcc/pic32mx/8.3.1/../../../../pic32mx/lib/libpic32.a(default-general-exception-handler.o)
 .mdebug.abi32  0x0000000000000000        0x0 /Applications/microchip/xc32/v4.60/bin/bin/../../lib/gcc/pic32mx/8.3.1/../../../../pic32mx/lib/libpic32.a(defaultinterrupt.o)
 .mdebug.abi32  0x0000000000000000        0x0 /Applications/microchip/xc32/v4.60/bin/bin/../../lib/gcc/pic32mx/8.3.1/../../../../pic32mx/lib/libc-musl.a(__sio_printf_dn.o)
 .mdebug.abi32  0x0000000000000000        0x0 /Applications/microchip/xc32/v4.60/bin/bin/../../lib/gcc/pic32mx/8.3.1/../../../../pic32mx/lib/libc-musl.a(__fmt_d.o)
 .mdebug.abi32  0x0000000000000000        0x0 /Applications/microchip/xc32/v4.60/bin/bin/../../lib/gcc/pic32mx/8.3.1/../../../../pic32mx/lib/libc-musl.a(__pop_int.o)
 .mdebug.abi32  0x0000000000000000        0x0 /Applications/microchip/xc32/v4.60/bin/bin/../../lib/gcc/pic32mx/8.3.1/../../../../pic32mx/lib/libc-musl.a(__pop_ptr.o)
 .mdebug.abi32  0x0000000000000000        0x0 /Applications/microchip/xc32/v4.60/bin/bin/../../lib/gcc/pic32mx/8.3.1/../../../../pic32mx/lib/libc-musl.a(__printf_core.o)
 .mdebug.abi32  0x0000000000000000        0x0 /Applications/microchip/xc32/v4.60/bin/bin/../../lib/gcc/pic32mx/8.3.1/../../../../pic32mx/lib/libc-musl.a(stdout.o)
 .mdebug.abi32  0x0000000000000000        0x0 /Applications/microchip/xc32/v4.60/bin/bin/../../lib/gcc/pic32mx/8.3.1/../../../../pic32mx/lib/libc-musl.a(atoi.o)
 .mdebug.abi32  0x0000000000000000        0x0 /Applications/microchip/xc32/v4.60/bin/bin/../../lib/gcc/pic32mx/8.3.1/../../../../pic32mx/lib/libc-musl.a(tolower.o)
 .mdebug.abi32  0x0000000000000000        0x0 /Applications/microchip/xc32/v4.60/bin/bin/../../lib/gcc/pic32mx/8.3.1/../../../../pic32mx/lib/libc-musl.a(__int_vfprintf.o)
 .mdebug.abi32  0x0000000000000000        0x0 /Applications/microchip/xc32/v4.60/bin/bin/../../lib/gcc/pic32mx/8.3.1/../../../../pic32mx/lib/libc-musl.a(__cvt_u.o)
 .mdebug.abi32  0x0000000000000000        0x0 /Applications/microchip/xc32/v4.60/bin/bin/../../lib/gcc/pic32mx/8.3.1/../../../../pic32mx/lib/libc-musl.a(__io_init_needed.o)
 .mdebug.abi32  0x0000000000000000        0x0 /Applications/microchip/xc32/v4.60/bin/bin/../../lib/gcc/pic32mx/8.3.1/../../../../pic32mx/lib/libc-musl.a(__out.o)
 .mdebug.abi32  0x0000000000000000        0x0 /Applications/microchip/xc32/v4.60/bin/bin/../../lib/gcc/pic32mx/8.3.1/../../../../pic32mx/lib/libc-musl.a(__pop_float.o)
 .mdebug.abi32  0x0000000000000000        0x0 /Applications/microchip/xc32/v4.60/bin/bin/../../lib/gcc/pic32mx/8.3.1/../../../../pic32mx/lib/libc-musl.a(__stdio_close.o)
 .mdebug.abi32  0x0000000000000000        0x0 /Applications/microchip/xc32/v4.60/bin/bin/../../lib/gcc/pic32mx/8.3.1/../../../../pic32mx/lib/libc-musl.a(__init_stdio.o)
 .mdebug.abi32  0x0000000000000000        0x0 /Applications/microchip/xc32/v4.60/bin/bin/../../lib/gcc/pic32mx/8.3.1/../../../../pic32mx/lib/libc-musl.a(__io_file_needed.o)
 .mdebug.abi32  0x0000000000000000        0x0 /Applications/microchip/xc32/v4.60/bin/bin/../../lib/gcc/pic32mx/8.3.1/../../../../pic32mx/lib/libpic32.a(write.o)
 .mdebug.abi32  0x0000000000000000        0x0 /Applications/microchip/xc32/v4.60/bin/bin/../../lib/gcc/pic32mx/8.3.1/../../../../pic32mx/lib/libpic32.a(lseek.o)
 .mdebug.abi32  0x0000000000000000        0x0 /Applications/microchip/xc32/v4.60/bin/bin/../../lib/gcc/pic32mx/8.3.1/../../../../pic32mx/lib/libpic32.a(close.o)
 .mdebug.abi32  0x0000000000000000        0x0 /Applications/microchip/xc32/v4.60/bin/bin/../../lib/gcc/pic32mx/8.3.1/../../../../pic32mx/lib/libpic32.a(errno.o)
 .mdebug.abi32  0x0000000000000000        0x0 /Applications/microchip/xc32/v4.60/bin/bin/../../lib/gcc/pic32mx/8.3.1/../../../../pic32mx/lib/libpic32.a(_mon_putc.o)
 .mdebug.abi32  0x0000000000000000        0x0 /Applications/microchip/xc32/v4.60/bin/bin/../../lib/gcc/pic32mx/8.3.1/../../../../pic32mx/lib/libpic32.a(xc32_uart.o)
 .mdebug.abi32  0x0000000000000000        0x0 /Applications/microchip/xc32/v4.60/bin/bin/../../lib/gcc/pic32mx/8.3.1/../../../../pic32mx/lib/libc-size-musl.a(memcpy.o)
 .mdebug.abi32  0x0000000000000000        0x0 /Applications/microchip/xc32/v4.60/bin/bin/../../lib/gcc/pic32mx/8.3.1/../../../../pic32mx/lib/libc-size-musl.a(memset.o)
 .mdebug.abi32  0x0000000000000000        0x0 /Applications/microchip/xc32/v4.60/bin/bin/../../lib/gcc/pic32mx/8.3.1/../../../../pic32mx/lib/libc-size-musl.a(strlen.o)
 .mdebug.abi32  0x0000000000000000        0x0 /Applications/microchip/xc32/v4.60/bin/bin/../../lib/gcc/pic32mx/8.3.1/libgcc.a(_udivdi3.o)
 .mdebug.abi32  0x0000000000000000        0x0 /Applications/microchip/xc32/v4.60/bin/bin/../../lib/gcc/pic32mx/8.3.1/libgcc.a(_umoddi3.o)

.mdebug.abiN32
 *(.mdebug.abiN32)

.mdebug.abi64
 *(.mdebug.abi64)

.mdebug.abiO64
 *(.mdebug.abiO64)

.mdebug.eabi32
 *(.mdebug.eabi32)

.mdebug.eabi64
 *(.mdebug.eabi64)

.gcc_compiled_long32
 *(.gcc_compiled_long32)

.gcc_compiled_long64
 *(.gcc_compiled_long64)

.stab
 *(.stab)

.stabstr
 *(.stabstr)

.stab.excl
 *(.stab.excl)

.stab.exclstr
 *(.stab.exclstr)

.stab.index
 *(.stab.index)

.stab.indexstr
 *(.stab.indexstr)

.comment        0x0000000000000000       0x2b
 *(.comment)
 .comment       0x0000000000000000       0x2b build/default/production/BOARD.o
                                         0x2c (size before relaxing)
 .comment       0x000000000000002b       0x2c build/default/production/AD.o
 .comment       0x000000000000002b       0x2c build/default/production/RC_Servo.o
 .comment       0x000000000000002b       0x2c build/default/production/part4.o
 .comment       0x000000000000002b       0x2c build/default/production/pwm.o
 .comment       0x000000000000002b       0x2c build/default/production/IO_Ports.o
 .comment       0x000000000000002b       0x2c build/default/production/Stepper.o
 .comment       0x000000000000002b       0x2c build/default/production/timers.o
 .comment       0x000000000000002b       0x2c /Applications/microchip/xc32/v4.60/bin/bin/../../lib/gcc/pic32mx/8.3.1/libgcc.a(floatunsisf.o)
 .comment       0x000000000000002b       0x2c /Applications/microchip/xc32/v4.60/bin/bin/../../lib/gcc/pic32mx/8.3.1/../../../../pic32mx/lib/libpic32.a(default-bootstrap-exception-handler.o)
 .comment       0x000000000000002b       0x2c /Applications/microchip/xc32/v4.60/bin/bin/../../lib/gcc/pic32mx/8.3.1/../../../../pic32mx/lib/libpic32.a(default-on-reset.o)
 .comment       0x000000000000002b       0x2c /Applications/microchip/xc32/v4.60/bin/bin/../../lib/gcc/pic32mx/8.3.1/../../../../pic32mx/lib/libpic32.a(default-on-bootstrap.o)
 .comment       0x000000000000002b       0x2c /Applications/microchip/xc32/v4.60/bin/bin/../../lib/gcc/pic32mx/8.3.1/../../../../pic32mx/lib/libpic32.a(default-general-exception-handler.o)
 .comment       0x000000000000002b       0x2c /Applications/microchip/xc32/v4.60/bin/bin/../../lib/gcc/pic32mx/8.3.1/../../../../pic32mx/lib/libpic32.a(defaultinterrupt.o)
 .comment       0x000000000000002b       0x2c /Applications/microchip/xc32/v4.60/bin/bin/../../lib/gcc/pic32mx/8.3.1/../../../../pic32mx/lib/libc-musl.a(__sio_printf_dn.o)
 .comment       0x000000000000002b       0x2c /Applications/microchip/xc32/v4.60/bin/bin/../../lib/gcc/pic32mx/8.3.1/../../../../pic32mx/lib/libc-musl.a(__fmt_d.o)
 .comment       0x000000000000002b       0x2c /Applications/microchip/xc32/v4.60/bin/bin/../../lib/gcc/pic32mx/8.3.1/../../../../pic32mx/lib/libc-musl.a(__pop_int.o)
 .comment       0x000000000000002b       0x2c /Applications/microchip/xc32/v4.60/bin/bin/../../lib/gcc/pic32mx/8.3.1/../../../../pic32mx/lib/libc-musl.a(__pop_ptr.o)
 .comment       0x000000000000002b       0x2c /Applications/microchip/xc32/v4.60/bin/bin/../../lib/gcc/pic32mx/8.3.1/../../../../pic32mx/lib/libc-musl.a(__printf_core.o)
 .comment       0x000000000000002b       0x2c /Applications/microchip/xc32/v4.60/bin/bin/../../lib/gcc/pic32mx/8.3.1/../../../../pic32mx/lib/libc-musl.a(stdout.o)
 .comment       0x000000000000002b       0x2c /Applications/microchip/xc32/v4.60/bin/bin/../../lib/gcc/pic32mx/8.3.1/../../../../pic32mx/lib/libc-musl.a(atoi.o)
 .comment       0x000000000000002b       0x2c /Applications/microchip/xc32/v4.60/bin/bin/../../lib/gcc/pic32mx/8.3.1/../../../../pic32mx/lib/libc-musl.a(tolower.o)
 .comment       0x000000000000002b       0x2c /Applications/microchip/xc32/v4.60/bin/bin/../../lib/gcc/pic32mx/8.3.1/../../../../pic32mx/lib/libc-musl.a(__int_vfprintf.o)
 .comment       0x000000000000002b       0x2c /Applications/microchip/xc32/v4.60/bin/bin/../../lib/gcc/pic32mx/8.3.1/../../../../pic32mx/lib/libc-musl.a(__cvt_u.o)
 .comment       0x000000000000002b       0x2c /Applications/microchip/xc32/v4.60/bin/bin/../../lib/gcc/pic32mx/8.3.1/../../../../pic32mx/lib/libc-musl.a(__io_init_needed.o)
 .comment       0x000000000000002b       0x2c /Applications/microchip/xc32/v4.60/bin/bin/../../lib/gcc/pic32mx/8.3.1/../../../../pic32mx/lib/libc-musl.a(__out.o)
 .comment       0x000000000000002b       0x2c /Applications/microchip/xc32/v4.60/bin/bin/../../lib/gcc/pic32mx/8.3.1/../../../../pic32mx/lib/libc-musl.a(__pop_float.o)
 .comment       0x000000000000002b       0x2c /Applications/microchip/xc32/v4.60/bin/bin/../../lib/gcc/pic32mx/8.3.1/../../../../pic32mx/lib/libc-musl.a(__stdio_close.o)
 .comment       0x000000000000002b       0x2c /Applications/microchip/xc32/v4.60/bin/bin/../../lib/gcc/pic32mx/8.3.1/../../../../pic32mx/lib/libc-musl.a(__init_stdio.o)
 .comment       0x000000000000002b       0x2c /Applications/microchip/xc32/v4.60/bin/bin/../../lib/gcc/pic32mx/8.3.1/../../../../pic32mx/lib/libc-musl.a(__io_file_needed.o)
 .comment       0x000000000000002b       0x2c /Applications/microchip/xc32/v4.60/bin/bin/../../lib/gcc/pic32mx/8.3.1/../../../../pic32mx/lib/libpic32.a(write.o)
 .comment       0x000000000000002b       0x2c /Applications/microchip/xc32/v4.60/bin/bin/../../lib/gcc/pic32mx/8.3.1/../../../../pic32mx/lib/libpic32.a(lseek.o)
 .comment       0x000000000000002b       0x2c /Applications/microchip/xc32/v4.60/bin/bin/../../lib/gcc/pic32mx/8.3.1/../../../../pic32mx/lib/libpic32.a(close.o)
 .comment       0x000000000000002b       0x2c /Applications/microchip/xc32/v4.60/bin/bin/../../lib/gcc/pic32mx/8.3.1/../../../../pic32mx/lib/libpic32.a(errno.o)
 .comment       0x000000000000002b       0x2c /Applications/microchip/xc32/v4.60/bin/bin/../../lib/gcc/pic32mx/8.3.1/../../../../pic32mx/lib/libpic32.a(_mon_putc.o)
 .comment       0x000000000000002b       0x2c /Applications/microchip/xc32/v4.60/bin/bin/../../lib/gcc/pic32mx/8.3.1/../../../../pic32mx/lib/libpic32.a(xc32_uart.o)
 .comment       0x000000000000002b       0x2c /Applications/microchip/xc32/v4.60/bin/bin/../../lib/gcc/pic32mx/8.3.1/../../../../pic32mx/lib/libc-size-musl.a(memcpy.o)
 .comment       0x000000000000002b       0x2c /Applications/microchip/xc32/v4.60/bin/bin/../../lib/gcc/pic32mx/8.3.1/../../../../pic32mx/lib/libc-size-musl.a(memset.o)
 .comment       0x000000000000002b       0x2c /Applications/microchip/xc32/v4.60/bin/bin/../../lib/gcc/pic32mx/8.3.1/../../../../pic32mx/lib/libc-size-musl.a(strlen.o)
 .comment       0x000000000000002b       0x2c /Applications/microchip/xc32/v4.60/bin/bin/../../lib/gcc/pic32mx/8.3.1/libgcc.a(_udivdi3.o)
 .comment       0x000000000000002b       0x2c /Applications/microchip/xc32/v4.60/bin/bin/../../lib/gcc/pic32mx/8.3.1/libgcc.a(_umoddi3.o)

.debug
 *.elf(.debug)
 *(.debug)

.line
 *.elf(.line)
 *(.line)

.debug_srcinfo
 *.elf(.debug_srcinfo)
 *(.debug_srcinfo)

.debug_sfnames
 *.elf(.debug_sfnames)
 *(.debug_sfnames)

.debug_aranges  0x0000000000000000      0x550
 *.elf(.debug_aranges)
 *(.debug_aranges)
 .debug_aranges
                0x0000000000000000       0x20 build/default/production/BOARD.o
 .debug_aranges
                0x0000000000000020       0x20 build/default/production/AD.o
 .debug_aranges
                0x0000000000000040       0x20 build/default/production/RC_Servo.o
 .debug_aranges
                0x0000000000000060       0x20 build/default/production/part4.o
 .debug_aranges
                0x0000000000000080       0x20 build/default/production/pwm.o
 .debug_aranges
                0x00000000000000a0       0x20 build/default/production/IO_Ports.o
 .debug_aranges
                0x00000000000000c0       0x20 build/default/production/Stepper.o
 .debug_aranges
                0x00000000000000e0       0x20 build/default/production/timers.o
 .debug_aranges
                0x0000000000000100       0x20 /Applications/microchip/xc32/v4.60/bin/bin/../../lib/gcc/pic32mx/8.3.1/libgcc.a(floatunsisf.o)
 .debug_aranges
                0x0000000000000120       0x20 /Applications/microchip/xc32/v4.60/bin/bin/../../lib/gcc/pic32mx/8.3.1/../../../../pic32mx/lib/libpic32.a(default-bootstrap-exception-handler.o)
 .debug_aranges
                0x0000000000000140       0x20 /Applications/microchip/xc32/v4.60/bin/bin/../../lib/gcc/pic32mx/8.3.1/../../../../pic32mx/lib/libpic32.a(default-on-reset.o)
 .debug_aranges
                0x0000000000000160       0x20 /Applications/microchip/xc32/v4.60/bin/bin/../../lib/gcc/pic32mx/8.3.1/../../../../pic32mx/lib/libpic32.a(default-on-bootstrap.o)
 .debug_aranges
                0x0000000000000180       0x20 /Applications/microchip/xc32/v4.60/bin/bin/../../lib/gcc/pic32mx/8.3.1/../../../../pic32mx/lib/libpic32.a(default-general-exception-handler.o)
 .debug_aranges
                0x00000000000001a0       0x20 /Applications/microchip/xc32/v4.60/bin/bin/../../lib/gcc/pic32mx/8.3.1/../../../../pic32mx/lib/libpic32.a(defaultinterrupt.o)
 .debug_aranges
                0x00000000000001c0       0x28 /Applications/microchip/xc32/v4.60/bin/bin/../../lib/gcc/pic32mx/8.3.1/../../../../pic32mx/lib/libc-musl.a(__sio_printf_dn.o)
 .debug_aranges
                0x00000000000001e8       0x20 /Applications/microchip/xc32/v4.60/bin/bin/../../lib/gcc/pic32mx/8.3.1/../../../../pic32mx/lib/libc-musl.a(__fmt_d.o)
 .debug_aranges
                0x0000000000000208       0x20 /Applications/microchip/xc32/v4.60/bin/bin/../../lib/gcc/pic32mx/8.3.1/../../../../pic32mx/lib/libc-musl.a(__pop_int.o)
 .debug_aranges
                0x0000000000000228       0x20 /Applications/microchip/xc32/v4.60/bin/bin/../../lib/gcc/pic32mx/8.3.1/../../../../pic32mx/lib/libc-musl.a(__pop_ptr.o)
 .debug_aranges
                0x0000000000000248       0x50 /Applications/microchip/xc32/v4.60/bin/bin/../../lib/gcc/pic32mx/8.3.1/../../../../pic32mx/lib/libc-musl.a(__printf_core.o)
 .debug_aranges
                0x0000000000000298       0x30 /Applications/microchip/xc32/v4.60/bin/bin/../../lib/gcc/pic32mx/8.3.1/../../../../pic32mx/lib/libc-musl.a(stdout.o)
 .debug_aranges
                0x00000000000002c8       0x20 /Applications/microchip/xc32/v4.60/bin/bin/../../lib/gcc/pic32mx/8.3.1/../../../../pic32mx/lib/libc-musl.a(atoi.o)
 .debug_aranges
                0x00000000000002e8       0x28 /Applications/microchip/xc32/v4.60/bin/bin/../../lib/gcc/pic32mx/8.3.1/../../../../pic32mx/lib/libc-musl.a(tolower.o)
 .debug_aranges
                0x0000000000000310       0x20 /Applications/microchip/xc32/v4.60/bin/bin/../../lib/gcc/pic32mx/8.3.1/../../../../pic32mx/lib/libc-musl.a(__int_vfprintf.o)
 .debug_aranges
                0x0000000000000330       0x20 /Applications/microchip/xc32/v4.60/bin/bin/../../lib/gcc/pic32mx/8.3.1/../../../../pic32mx/lib/libc-musl.a(__cvt_u.o)
 .debug_aranges
                0x0000000000000350       0x28 /Applications/microchip/xc32/v4.60/bin/bin/../../lib/gcc/pic32mx/8.3.1/../../../../pic32mx/lib/libc-musl.a(__io_init_needed.o)
 .debug_aranges
                0x0000000000000378       0x28 /Applications/microchip/xc32/v4.60/bin/bin/../../lib/gcc/pic32mx/8.3.1/../../../../pic32mx/lib/libc-musl.a(__out.o)
 .debug_aranges
                0x00000000000003a0       0x20 /Applications/microchip/xc32/v4.60/bin/bin/../../lib/gcc/pic32mx/8.3.1/../../../../pic32mx/lib/libc-musl.a(__pop_float.o)
 .debug_aranges
                0x00000000000003c0       0x28 /Applications/microchip/xc32/v4.60/bin/bin/../../lib/gcc/pic32mx/8.3.1/../../../../pic32mx/lib/libc-musl.a(__stdio_close.o)
 .debug_aranges
                0x00000000000003e8       0x28 /Applications/microchip/xc32/v4.60/bin/bin/../../lib/gcc/pic32mx/8.3.1/../../../../pic32mx/lib/libc-musl.a(__init_stdio.o)
 .debug_aranges
                0x0000000000000410       0x20 /Applications/microchip/xc32/v4.60/bin/bin/../../lib/gcc/pic32mx/8.3.1/../../../../pic32mx/lib/libc-musl.a(__io_file_needed.o)
 .debug_aranges
                0x0000000000000430       0x20 /Applications/microchip/xc32/v4.60/bin/bin/../../lib/gcc/pic32mx/8.3.1/../../../../pic32mx/lib/libpic32.a(write.o)
 .debug_aranges
                0x0000000000000450       0x20 /Applications/microchip/xc32/v4.60/bin/bin/../../lib/gcc/pic32mx/8.3.1/../../../../pic32mx/lib/libpic32.a(lseek.o)
 .debug_aranges
                0x0000000000000470       0x20 /Applications/microchip/xc32/v4.60/bin/bin/../../lib/gcc/pic32mx/8.3.1/../../../../pic32mx/lib/libpic32.a(close.o)
 .debug_aranges
                0x0000000000000490       0x20 /Applications/microchip/xc32/v4.60/bin/bin/../../lib/gcc/pic32mx/8.3.1/../../../../pic32mx/lib/libpic32.a(_mon_putc.o)
 .debug_aranges
                0x00000000000004b0       0x20 /Applications/microchip/xc32/v4.60/bin/bin/../../lib/gcc/pic32mx/8.3.1/../../../../pic32mx/lib/libc-size-musl.a(memcpy.o)
 .debug_aranges
                0x00000000000004d0       0x20 /Applications/microchip/xc32/v4.60/bin/bin/../../lib/gcc/pic32mx/8.3.1/../../../../pic32mx/lib/libc-size-musl.a(memset.o)
 .debug_aranges
                0x00000000000004f0       0x20 /Applications/microchip/xc32/v4.60/bin/bin/../../lib/gcc/pic32mx/8.3.1/../../../../pic32mx/lib/libc-size-musl.a(strlen.o)
 .debug_aranges
                0x0000000000000510       0x20 /Applications/microchip/xc32/v4.60/bin/bin/../../lib/gcc/pic32mx/8.3.1/libgcc.a(_udivdi3.o)
 .debug_aranges
                0x0000000000000530       0x20 /Applications/microchip/xc32/v4.60/bin/bin/../../lib/gcc/pic32mx/8.3.1/libgcc.a(_umoddi3.o)

.debug_pubnames
 *.elf(.debug_pubnames)
 *(.debug_pubnames)

.debug_info     0x0000000000000000     0x816d
 *.elf(.debug_info .gnu.linkonce.wi.*)
 *(.debug_info .gnu.linkonce.wi.*)
 .debug_info    0x0000000000000000      0x1df build/default/production/BOARD.o
 .debug_info    0x00000000000001df      0xca1 build/default/production/AD.o
 .debug_info    0x0000000000000e80      0xc9c build/default/production/RC_Servo.o
 .debug_info    0x0000000000001b1c       0xc4 build/default/production/part4.o
 .debug_info    0x0000000000001be0      0x55a build/default/production/pwm.o
 .debug_info    0x000000000000213a      0xcac build/default/production/IO_Ports.o
 .debug_info    0x0000000000002de6     0x110c build/default/production/Stepper.o
 .debug_info    0x0000000000003ef2      0x9d1 build/default/production/timers.o
 .debug_info    0x00000000000048c3       0x9d /Applications/microchip/xc32/v4.60/bin/bin/../../lib/gcc/pic32mx/8.3.1/libgcc.a(floatunsisf.o)
 .debug_info    0x0000000000004960       0x41 /Applications/microchip/xc32/v4.60/bin/bin/../../lib/gcc/pic32mx/8.3.1/../../../../pic32mx/lib/libpic32.a(default-bootstrap-exception-handler.o)
 .debug_info    0x00000000000049a1       0x3f /Applications/microchip/xc32/v4.60/bin/bin/../../lib/gcc/pic32mx/8.3.1/../../../../pic32mx/lib/libpic32.a(default-on-reset.o)
 .debug_info    0x00000000000049e0       0x3f /Applications/microchip/xc32/v4.60/bin/bin/../../lib/gcc/pic32mx/8.3.1/../../../../pic32mx/lib/libpic32.a(default-on-bootstrap.o)
 .debug_info    0x0000000000004a1f       0x41 /Applications/microchip/xc32/v4.60/bin/bin/../../lib/gcc/pic32mx/8.3.1/../../../../pic32mx/lib/libpic32.a(default-general-exception-handler.o)
 .debug_info    0x0000000000004a60       0x40 /Applications/microchip/xc32/v4.60/bin/bin/../../lib/gcc/pic32mx/8.3.1/../../../../pic32mx/lib/libpic32.a(defaultinterrupt.o)
 .debug_info    0x0000000000004aa0      0x19e /Applications/microchip/xc32/v4.60/bin/bin/../../lib/gcc/pic32mx/8.3.1/../../../../pic32mx/lib/libc-musl.a(__sio_printf_dn.o)
 .debug_info    0x0000000000004c3e      0x327 /Applications/microchip/xc32/v4.60/bin/bin/../../lib/gcc/pic32mx/8.3.1/../../../../pic32mx/lib/libc-musl.a(__fmt_d.o)
 .debug_info    0x0000000000004f65      0x14e /Applications/microchip/xc32/v4.60/bin/bin/../../lib/gcc/pic32mx/8.3.1/../../../../pic32mx/lib/libc-musl.a(__pop_int.o)
 .debug_info    0x00000000000050b3      0x15e /Applications/microchip/xc32/v4.60/bin/bin/../../lib/gcc/pic32mx/8.3.1/../../../../pic32mx/lib/libc-musl.a(__pop_ptr.o)
 .debug_info    0x0000000000005211      0xa27 /Applications/microchip/xc32/v4.60/bin/bin/../../lib/gcc/pic32mx/8.3.1/../../../../pic32mx/lib/libc-musl.a(__printf_core.o)
 .debug_info    0x0000000000005c38      0x40c /Applications/microchip/xc32/v4.60/bin/bin/../../lib/gcc/pic32mx/8.3.1/../../../../pic32mx/lib/libc-musl.a(stdout.o)
 .debug_info    0x0000000000006044       0xee /Applications/microchip/xc32/v4.60/bin/bin/../../lib/gcc/pic32mx/8.3.1/../../../../pic32mx/lib/libc-musl.a(atoi.o)
 .debug_info    0x0000000000006132      0x11b /Applications/microchip/xc32/v4.60/bin/bin/../../lib/gcc/pic32mx/8.3.1/../../../../pic32mx/lib/libc-musl.a(tolower.o)
 .debug_info    0x000000000000624d      0x1e0 /Applications/microchip/xc32/v4.60/bin/bin/../../lib/gcc/pic32mx/8.3.1/../../../../pic32mx/lib/libc-musl.a(__int_vfprintf.o)
 .debug_info    0x000000000000642d      0x1d0 /Applications/microchip/xc32/v4.60/bin/bin/../../lib/gcc/pic32mx/8.3.1/../../../../pic32mx/lib/libc-musl.a(__cvt_u.o)
 .debug_info    0x00000000000065fd       0xdf /Applications/microchip/xc32/v4.60/bin/bin/../../lib/gcc/pic32mx/8.3.1/../../../../pic32mx/lib/libc-musl.a(__io_init_needed.o)
 .debug_info    0x00000000000066dc      0x29f /Applications/microchip/xc32/v4.60/bin/bin/../../lib/gcc/pic32mx/8.3.1/../../../../pic32mx/lib/libc-musl.a(__out.o)
 .debug_info    0x000000000000697b      0x134 /Applications/microchip/xc32/v4.60/bin/bin/../../lib/gcc/pic32mx/8.3.1/../../../../pic32mx/lib/libc-musl.a(__pop_float.o)
 .debug_info    0x0000000000006aaf      0x3f6 /Applications/microchip/xc32/v4.60/bin/bin/../../lib/gcc/pic32mx/8.3.1/../../../../pic32mx/lib/libc-musl.a(__stdio_close.o)
 .debug_info    0x0000000000006ea5       0xb9 /Applications/microchip/xc32/v4.60/bin/bin/../../lib/gcc/pic32mx/8.3.1/../../../../pic32mx/lib/libc-musl.a(__init_stdio.o)
 .debug_info    0x0000000000006f5e       0xaf /Applications/microchip/xc32/v4.60/bin/bin/../../lib/gcc/pic32mx/8.3.1/../../../../pic32mx/lib/libc-musl.a(__io_file_needed.o)
 .debug_info    0x000000000000700d       0x40 /Applications/microchip/xc32/v4.60/bin/bin/../../lib/gcc/pic32mx/8.3.1/../../../../pic32mx/lib/libpic32.a(write.o)
 .debug_info    0x000000000000704d       0x3f /Applications/microchip/xc32/v4.60/bin/bin/../../lib/gcc/pic32mx/8.3.1/../../../../pic32mx/lib/libpic32.a(lseek.o)
 .debug_info    0x000000000000708c       0x3f /Applications/microchip/xc32/v4.60/bin/bin/../../lib/gcc/pic32mx/8.3.1/../../../../pic32mx/lib/libpic32.a(close.o)
 .debug_info    0x00000000000070cb       0x40 /Applications/microchip/xc32/v4.60/bin/bin/../../lib/gcc/pic32mx/8.3.1/../../../../pic32mx/lib/libpic32.a(_mon_putc.o)
 .debug_info    0x000000000000710b       0xf7 /Applications/microchip/xc32/v4.60/bin/bin/../../lib/gcc/pic32mx/8.3.1/../../../../pic32mx/lib/libc-size-musl.a(memcpy.o)
 .debug_info    0x0000000000007202       0xc0 /Applications/microchip/xc32/v4.60/bin/bin/../../lib/gcc/pic32mx/8.3.1/../../../../pic32mx/lib/libc-size-musl.a(memset.o)
 .debug_info    0x00000000000072c2       0xa3 /Applications/microchip/xc32/v4.60/bin/bin/../../lib/gcc/pic32mx/8.3.1/../../../../pic32mx/lib/libc-size-musl.a(strlen.o)
 .debug_info    0x0000000000007365      0x6ca /Applications/microchip/xc32/v4.60/bin/bin/../../lib/gcc/pic32mx/8.3.1/libgcc.a(_udivdi3.o)
 .debug_info    0x0000000000007a2f      0x73e /Applications/microchip/xc32/v4.60/bin/bin/../../lib/gcc/pic32mx/8.3.1/libgcc.a(_umoddi3.o)

.debug_abbrev   0x0000000000000000     0x256f
 *.elf(.debug_abbrev)
 *(.debug_abbrev)
 .debug_abbrev  0x0000000000000000       0xfb build/default/production/BOARD.o
 .debug_abbrev  0x00000000000000fb      0x1d3 build/default/production/AD.o
 .debug_abbrev  0x00000000000002ce      0x241 build/default/production/RC_Servo.o
 .debug_abbrev  0x000000000000050f       0x60 build/default/production/part4.o
 .debug_abbrev  0x000000000000056f      0x1c5 build/default/production/pwm.o
 .debug_abbrev  0x0000000000000734      0x1fc build/default/production/IO_Ports.o
 .debug_abbrev  0x0000000000000930      0x20d build/default/production/Stepper.o
 .debug_abbrev  0x0000000000000b3d      0x193 build/default/production/timers.o
 .debug_abbrev  0x0000000000000cd0       0x7d /Applications/microchip/xc32/v4.60/bin/bin/../../lib/gcc/pic32mx/8.3.1/libgcc.a(floatunsisf.o)
 .debug_abbrev  0x0000000000000d4d       0x31 /Applications/microchip/xc32/v4.60/bin/bin/../../lib/gcc/pic32mx/8.3.1/../../../../pic32mx/lib/libpic32.a(default-bootstrap-exception-handler.o)
 .debug_abbrev  0x0000000000000d7e       0x2e /Applications/microchip/xc32/v4.60/bin/bin/../../lib/gcc/pic32mx/8.3.1/../../../../pic32mx/lib/libpic32.a(default-on-reset.o)
 .debug_abbrev  0x0000000000000dac       0x2e /Applications/microchip/xc32/v4.60/bin/bin/../../lib/gcc/pic32mx/8.3.1/../../../../pic32mx/lib/libpic32.a(default-on-bootstrap.o)
 .debug_abbrev  0x0000000000000dda       0x31 /Applications/microchip/xc32/v4.60/bin/bin/../../lib/gcc/pic32mx/8.3.1/../../../../pic32mx/lib/libpic32.a(default-general-exception-handler.o)
 .debug_abbrev  0x0000000000000e0b       0x31 /Applications/microchip/xc32/v4.60/bin/bin/../../lib/gcc/pic32mx/8.3.1/../../../../pic32mx/lib/libpic32.a(defaultinterrupt.o)
 .debug_abbrev  0x0000000000000e3c      0x12b /Applications/microchip/xc32/v4.60/bin/bin/../../lib/gcc/pic32mx/8.3.1/../../../../pic32mx/lib/libc-musl.a(__sio_printf_dn.o)
 .debug_abbrev  0x0000000000000f67      0x161 /Applications/microchip/xc32/v4.60/bin/bin/../../lib/gcc/pic32mx/8.3.1/../../../../pic32mx/lib/libc-musl.a(__fmt_d.o)
 .debug_abbrev  0x00000000000010c8       0xc3 /Applications/microchip/xc32/v4.60/bin/bin/../../lib/gcc/pic32mx/8.3.1/../../../../pic32mx/lib/libc-musl.a(__pop_int.o)
 .debug_abbrev  0x000000000000118b       0xd7 /Applications/microchip/xc32/v4.60/bin/bin/../../lib/gcc/pic32mx/8.3.1/../../../../pic32mx/lib/libc-musl.a(__pop_ptr.o)
 .debug_abbrev  0x0000000000001262      0x318 /Applications/microchip/xc32/v4.60/bin/bin/../../lib/gcc/pic32mx/8.3.1/../../../../pic32mx/lib/libc-musl.a(__printf_core.o)
 .debug_abbrev  0x000000000000157a      0x1bd /Applications/microchip/xc32/v4.60/bin/bin/../../lib/gcc/pic32mx/8.3.1/../../../../pic32mx/lib/libc-musl.a(stdout.o)
 .debug_abbrev  0x0000000000001737       0xc4 /Applications/microchip/xc32/v4.60/bin/bin/../../lib/gcc/pic32mx/8.3.1/../../../../pic32mx/lib/libc-musl.a(atoi.o)
 .debug_abbrev  0x00000000000017fb       0xf1 /Applications/microchip/xc32/v4.60/bin/bin/../../lib/gcc/pic32mx/8.3.1/../../../../pic32mx/lib/libc-musl.a(tolower.o)
 .debug_abbrev  0x00000000000018ec      0x118 /Applications/microchip/xc32/v4.60/bin/bin/../../lib/gcc/pic32mx/8.3.1/../../../../pic32mx/lib/libc-musl.a(__int_vfprintf.o)
 .debug_abbrev  0x0000000000001a04       0xe5 /Applications/microchip/xc32/v4.60/bin/bin/../../lib/gcc/pic32mx/8.3.1/../../../../pic32mx/lib/libc-musl.a(__cvt_u.o)
 .debug_abbrev  0x0000000000001ae9       0x81 /Applications/microchip/xc32/v4.60/bin/bin/../../lib/gcc/pic32mx/8.3.1/../../../../pic32mx/lib/libc-musl.a(__io_init_needed.o)
 .debug_abbrev  0x0000000000001b6a      0x17a /Applications/microchip/xc32/v4.60/bin/bin/../../lib/gcc/pic32mx/8.3.1/../../../../pic32mx/lib/libc-musl.a(__out.o)
 .debug_abbrev  0x0000000000001ce4       0xc3 /Applications/microchip/xc32/v4.60/bin/bin/../../lib/gcc/pic32mx/8.3.1/../../../../pic32mx/lib/libc-musl.a(__pop_float.o)
 .debug_abbrev  0x0000000000001da7      0x15a /Applications/microchip/xc32/v4.60/bin/bin/../../lib/gcc/pic32mx/8.3.1/../../../../pic32mx/lib/libc-musl.a(__stdio_close.o)
 .debug_abbrev  0x0000000000001f01       0x65 /Applications/microchip/xc32/v4.60/bin/bin/../../lib/gcc/pic32mx/8.3.1/../../../../pic32mx/lib/libc-musl.a(__init_stdio.o)
 .debug_abbrev  0x0000000000001f66       0x67 /Applications/microchip/xc32/v4.60/bin/bin/../../lib/gcc/pic32mx/8.3.1/../../../../pic32mx/lib/libc-musl.a(__io_file_needed.o)
 .debug_abbrev  0x0000000000001fcd       0x2e /Applications/microchip/xc32/v4.60/bin/bin/../../lib/gcc/pic32mx/8.3.1/../../../../pic32mx/lib/libpic32.a(write.o)
 .debug_abbrev  0x0000000000001ffb       0x2e /Applications/microchip/xc32/v4.60/bin/bin/../../lib/gcc/pic32mx/8.3.1/../../../../pic32mx/lib/libpic32.a(lseek.o)
 .debug_abbrev  0x0000000000002029       0x2e /Applications/microchip/xc32/v4.60/bin/bin/../../lib/gcc/pic32mx/8.3.1/../../../../pic32mx/lib/libpic32.a(close.o)
 .debug_abbrev  0x0000000000002057       0x2e /Applications/microchip/xc32/v4.60/bin/bin/../../lib/gcc/pic32mx/8.3.1/../../../../pic32mx/lib/libpic32.a(_mon_putc.o)
 .debug_abbrev  0x0000000000002085       0xaa /Applications/microchip/xc32/v4.60/bin/bin/../../lib/gcc/pic32mx/8.3.1/../../../../pic32mx/lib/libc-size-musl.a(memcpy.o)
 .debug_abbrev  0x000000000000212f       0x91 /Applications/microchip/xc32/v4.60/bin/bin/../../lib/gcc/pic32mx/8.3.1/../../../../pic32mx/lib/libc-size-musl.a(memset.o)
 .debug_abbrev  0x00000000000021c0       0x91 /Applications/microchip/xc32/v4.60/bin/bin/../../lib/gcc/pic32mx/8.3.1/../../../../pic32mx/lib/libc-size-musl.a(strlen.o)
 .debug_abbrev  0x0000000000002251      0x184 /Applications/microchip/xc32/v4.60/bin/bin/../../lib/gcc/pic32mx/8.3.1/libgcc.a(_udivdi3.o)
 .debug_abbrev  0x00000000000023d5      0x19a /Applications/microchip/xc32/v4.60/bin/bin/../../lib/gcc/pic32mx/8.3.1/libgcc.a(_umoddi3.o)

.debug_line     0x0000000000000000     0x49ca
 *.elf(.debug_line)
 *(.debug_line)
 .debug_line    0x0000000000000000      0x14d build/default/production/BOARD.o
 .debug_line    0x000000000000014d      0x39c build/default/production/AD.o
 .debug_line    0x00000000000004e9      0x43a build/default/production/RC_Servo.o
 .debug_line    0x0000000000000923       0x8e build/default/production/part4.o
 .debug_line    0x00000000000009b1      0x317 build/default/production/pwm.o
 .debug_line    0x0000000000000cc8      0x367 build/default/production/IO_Ports.o
 .debug_line    0x000000000000102f      0x3a0 build/default/production/Stepper.o
 .debug_line    0x00000000000013cf      0x24a build/default/production/timers.o
 .debug_line    0x0000000000001619       0xaf /Applications/microchip/xc32/v4.60/bin/bin/../../lib/gcc/pic32mx/8.3.1/libgcc.a(floatunsisf.o)
 .debug_line    0x00000000000016c8       0xc9 /Applications/microchip/xc32/v4.60/bin/bin/../../lib/gcc/pic32mx/8.3.1/../../../../pic32mx/lib/libpic32.a(default-bootstrap-exception-handler.o)
 .debug_line    0x0000000000001791       0xa5 /Applications/microchip/xc32/v4.60/bin/bin/../../lib/gcc/pic32mx/8.3.1/../../../../pic32mx/lib/libpic32.a(default-on-reset.o)
 .debug_line    0x0000000000001836       0xa9 /Applications/microchip/xc32/v4.60/bin/bin/../../lib/gcc/pic32mx/8.3.1/../../../../pic32mx/lib/libpic32.a(default-on-bootstrap.o)
 .debug_line    0x00000000000018df       0xc7 /Applications/microchip/xc32/v4.60/bin/bin/../../lib/gcc/pic32mx/8.3.1/../../../../pic32mx/lib/libpic32.a(default-general-exception-handler.o)
 .debug_line    0x00000000000019a6       0xc8 /Applications/microchip/xc32/v4.60/bin/bin/../../lib/gcc/pic32mx/8.3.1/../../../../pic32mx/lib/libpic32.a(defaultinterrupt.o)
 .debug_line    0x0000000000001a6e      0x24f /Applications/microchip/xc32/v4.60/bin/bin/../../lib/gcc/pic32mx/8.3.1/../../../../pic32mx/lib/libc-musl.a(__sio_printf_dn.o)
 .debug_line    0x0000000000001cbd      0x247 /Applications/microchip/xc32/v4.60/bin/bin/../../lib/gcc/pic32mx/8.3.1/../../../../pic32mx/lib/libc-musl.a(__fmt_d.o)
 .debug_line    0x0000000000001f04      0x243 /Applications/microchip/xc32/v4.60/bin/bin/../../lib/gcc/pic32mx/8.3.1/../../../../pic32mx/lib/libc-musl.a(__pop_int.o)
 .debug_line    0x0000000000002147      0x1fc /Applications/microchip/xc32/v4.60/bin/bin/../../lib/gcc/pic32mx/8.3.1/../../../../pic32mx/lib/libc-musl.a(__pop_ptr.o)
 .debug_line    0x0000000000002343      0x6f7 /Applications/microchip/xc32/v4.60/bin/bin/../../lib/gcc/pic32mx/8.3.1/../../../../pic32mx/lib/libc-musl.a(__printf_core.o)
 .debug_line    0x0000000000002a3a      0x254 /Applications/microchip/xc32/v4.60/bin/bin/../../lib/gcc/pic32mx/8.3.1/../../../../pic32mx/lib/libc-musl.a(stdout.o)
 .debug_line    0x0000000000002c8e      0x16c /Applications/microchip/xc32/v4.60/bin/bin/../../lib/gcc/pic32mx/8.3.1/../../../../pic32mx/lib/libc-musl.a(atoi.o)
 .debug_line    0x0000000000002dfa      0x1aa /Applications/microchip/xc32/v4.60/bin/bin/../../lib/gcc/pic32mx/8.3.1/../../../../pic32mx/lib/libc-musl.a(tolower.o)
 .debug_line    0x0000000000002fa4      0x1b2 /Applications/microchip/xc32/v4.60/bin/bin/../../lib/gcc/pic32mx/8.3.1/../../../../pic32mx/lib/libc-musl.a(__int_vfprintf.o)
 .debug_line    0x0000000000003156      0x22b /Applications/microchip/xc32/v4.60/bin/bin/../../lib/gcc/pic32mx/8.3.1/../../../../pic32mx/lib/libc-musl.a(__cvt_u.o)
 .debug_line    0x0000000000003381      0x145 /Applications/microchip/xc32/v4.60/bin/bin/../../lib/gcc/pic32mx/8.3.1/../../../../pic32mx/lib/libc-musl.a(__io_init_needed.o)
 .debug_line    0x00000000000034c6      0x28c /Applications/microchip/xc32/v4.60/bin/bin/../../lib/gcc/pic32mx/8.3.1/../../../../pic32mx/lib/libc-musl.a(__out.o)
 .debug_line    0x0000000000003752      0x1a4 /Applications/microchip/xc32/v4.60/bin/bin/../../lib/gcc/pic32mx/8.3.1/../../../../pic32mx/lib/libc-musl.a(__pop_float.o)
 .debug_line    0x00000000000038f6      0x2d9 /Applications/microchip/xc32/v4.60/bin/bin/../../lib/gcc/pic32mx/8.3.1/../../../../pic32mx/lib/libc-musl.a(__stdio_close.o)
 .debug_line    0x0000000000003bcf       0xc8 /Applications/microchip/xc32/v4.60/bin/bin/../../lib/gcc/pic32mx/8.3.1/../../../../pic32mx/lib/libc-musl.a(__init_stdio.o)
 .debug_line    0x0000000000003c97       0xbc /Applications/microchip/xc32/v4.60/bin/bin/../../lib/gcc/pic32mx/8.3.1/../../../../pic32mx/lib/libc-musl.a(__io_file_needed.o)
 .debug_line    0x0000000000003d53       0xb7 /Applications/microchip/xc32/v4.60/bin/bin/../../lib/gcc/pic32mx/8.3.1/../../../../pic32mx/lib/libpic32.a(write.o)
 .debug_line    0x0000000000003e0a       0x9a /Applications/microchip/xc32/v4.60/bin/bin/../../lib/gcc/pic32mx/8.3.1/../../../../pic32mx/lib/libpic32.a(lseek.o)
 .debug_line    0x0000000000003ea4       0x9a /Applications/microchip/xc32/v4.60/bin/bin/../../lib/gcc/pic32mx/8.3.1/../../../../pic32mx/lib/libpic32.a(close.o)
 .debug_line    0x0000000000003f3e        0x0 /Applications/microchip/xc32/v4.60/bin/bin/../../lib/gcc/pic32mx/8.3.1/../../../../pic32mx/lib/libpic32.a(errno.o)
 .debug_line    0x0000000000003f3e      0x120 /Applications/microchip/xc32/v4.60/bin/bin/../../lib/gcc/pic32mx/8.3.1/../../../../pic32mx/lib/libpic32.a(_mon_putc.o)
 .debug_line    0x000000000000405e        0x0 /Applications/microchip/xc32/v4.60/bin/bin/../../lib/gcc/pic32mx/8.3.1/../../../../pic32mx/lib/libpic32.a(xc32_uart.o)
 .debug_line    0x000000000000405e      0x133 /Applications/microchip/xc32/v4.60/bin/bin/../../lib/gcc/pic32mx/8.3.1/../../../../pic32mx/lib/libc-size-musl.a(memcpy.o)
 .debug_line    0x0000000000004191      0x127 /Applications/microchip/xc32/v4.60/bin/bin/../../lib/gcc/pic32mx/8.3.1/../../../../pic32mx/lib/libc-size-musl.a(memset.o)
 .debug_line    0x00000000000042b8      0x12b /Applications/microchip/xc32/v4.60/bin/bin/../../lib/gcc/pic32mx/8.3.1/../../../../pic32mx/lib/libc-size-musl.a(strlen.o)
 .debug_line    0x00000000000043e3      0x2d8 /Applications/microchip/xc32/v4.60/bin/bin/../../lib/gcc/pic32mx/8.3.1/libgcc.a(_udivdi3.o)
 .debug_line    0x00000000000046bb      0x30f /Applications/microchip/xc32/v4.60/bin/bin/../../lib/gcc/pic32mx/8.3.1/libgcc.a(_umoddi3.o)

.debug_frame    0x0000000000000000     0x1154
 *.elf(.debug_frame)
 *(.debug_frame)
 .debug_frame   0x0000000000000000       0x70 build/default/production/BOARD.o
 .debug_frame   0x0000000000000070      0x190 build/default/production/AD.o
 .debug_frame   0x0000000000000200      0x1f8 build/default/production/RC_Servo.o
 .debug_frame   0x00000000000003f8       0x2c build/default/production/part4.o
 .debug_frame   0x0000000000000424      0x148 build/default/production/pwm.o
 .debug_frame   0x000000000000056c      0x200 build/default/production/IO_Ports.o
 .debug_frame   0x000000000000076c      0x234 build/default/production/Stepper.o
 .debug_frame   0x00000000000009a0      0x174 build/default/production/timers.o
 .debug_frame   0x0000000000000b14       0x2c /Applications/microchip/xc32/v4.60/bin/bin/../../lib/gcc/pic32mx/8.3.1/libgcc.a(floatunsisf.o)
 .debug_frame   0x0000000000000b40       0x2c /Applications/microchip/xc32/v4.60/bin/bin/../../lib/gcc/pic32mx/8.3.1/../../../../pic32mx/lib/libpic32.a(default-bootstrap-exception-handler.o)
 .debug_frame   0x0000000000000b6c       0x20 /Applications/microchip/xc32/v4.60/bin/bin/../../lib/gcc/pic32mx/8.3.1/../../../../pic32mx/lib/libpic32.a(default-on-reset.o)
 .debug_frame   0x0000000000000b8c       0x20 /Applications/microchip/xc32/v4.60/bin/bin/../../lib/gcc/pic32mx/8.3.1/../../../../pic32mx/lib/libpic32.a(default-on-bootstrap.o)
 .debug_frame   0x0000000000000bac       0x2c /Applications/microchip/xc32/v4.60/bin/bin/../../lib/gcc/pic32mx/8.3.1/../../../../pic32mx/lib/libpic32.a(default-general-exception-handler.o)
 .debug_frame   0x0000000000000bd8       0x20 /Applications/microchip/xc32/v4.60/bin/bin/../../lib/gcc/pic32mx/8.3.1/../../../../pic32mx/lib/libpic32.a(defaultinterrupt.o)
 .debug_frame   0x0000000000000bf8       0x48 /Applications/microchip/xc32/v4.60/bin/bin/../../lib/gcc/pic32mx/8.3.1/../../../../pic32mx/lib/libc-musl.a(__sio_printf_dn.o)
 .debug_frame   0x0000000000000c40       0x38 /Applications/microchip/xc32/v4.60/bin/bin/../../lib/gcc/pic32mx/8.3.1/../../../../pic32mx/lib/libc-musl.a(__fmt_d.o)
 .debug_frame   0x0000000000000c78       0x20 /Applications/microchip/xc32/v4.60/bin/bin/../../lib/gcc/pic32mx/8.3.1/../../../../pic32mx/lib/libc-musl.a(__pop_int.o)
 .debug_frame   0x0000000000000c98       0x20 /Applications/microchip/xc32/v4.60/bin/bin/../../lib/gcc/pic32mx/8.3.1/../../../../pic32mx/lib/libc-musl.a(__pop_ptr.o)
 .debug_frame   0x0000000000000cb8       0xc8 /Applications/microchip/xc32/v4.60/bin/bin/../../lib/gcc/pic32mx/8.3.1/../../../../pic32mx/lib/libc-musl.a(__printf_core.o)
 .debug_frame   0x0000000000000d80       0x4c /Applications/microchip/xc32/v4.60/bin/bin/../../lib/gcc/pic32mx/8.3.1/../../../../pic32mx/lib/libc-musl.a(stdout.o)
 .debug_frame   0x0000000000000dcc       0x20 /Applications/microchip/xc32/v4.60/bin/bin/../../lib/gcc/pic32mx/8.3.1/../../../../pic32mx/lib/libc-musl.a(atoi.o)
 .debug_frame   0x0000000000000dec       0x3c /Applications/microchip/xc32/v4.60/bin/bin/../../lib/gcc/pic32mx/8.3.1/../../../../pic32mx/lib/libc-musl.a(tolower.o)
 .debug_frame   0x0000000000000e28       0x2c /Applications/microchip/xc32/v4.60/bin/bin/../../lib/gcc/pic32mx/8.3.1/../../../../pic32mx/lib/libc-musl.a(__int_vfprintf.o)
 .debug_frame   0x0000000000000e54       0x40 /Applications/microchip/xc32/v4.60/bin/bin/../../lib/gcc/pic32mx/8.3.1/../../../../pic32mx/lib/libc-musl.a(__cvt_u.o)
 .debug_frame   0x0000000000000e94       0x48 /Applications/microchip/xc32/v4.60/bin/bin/../../lib/gcc/pic32mx/8.3.1/../../../../pic32mx/lib/libc-musl.a(__io_init_needed.o)
 .debug_frame   0x0000000000000edc       0x50 /Applications/microchip/xc32/v4.60/bin/bin/../../lib/gcc/pic32mx/8.3.1/../../../../pic32mx/lib/libc-musl.a(__out.o)
 .debug_frame   0x0000000000000f2c       0x20 /Applications/microchip/xc32/v4.60/bin/bin/../../lib/gcc/pic32mx/8.3.1/../../../../pic32mx/lib/libc-musl.a(__pop_float.o)
 .debug_frame   0x0000000000000f4c       0x50 /Applications/microchip/xc32/v4.60/bin/bin/../../lib/gcc/pic32mx/8.3.1/../../../../pic32mx/lib/libc-musl.a(__stdio_close.o)
 .debug_frame   0x0000000000000f9c       0x3c /Applications/microchip/xc32/v4.60/bin/bin/../../lib/gcc/pic32mx/8.3.1/../../../../pic32mx/lib/libc-musl.a(__init_stdio.o)
 .debug_frame   0x0000000000000fd8       0x2c /Applications/microchip/xc32/v4.60/bin/bin/../../lib/gcc/pic32mx/8.3.1/../../../../pic32mx/lib/libc-musl.a(__io_file_needed.o)
 .debug_frame   0x0000000000001004       0x34 /Applications/microchip/xc32/v4.60/bin/bin/../../lib/gcc/pic32mx/8.3.1/../../../../pic32mx/lib/libpic32.a(write.o)
 .debug_frame   0x0000000000001038       0x20 /Applications/microchip/xc32/v4.60/bin/bin/../../lib/gcc/pic32mx/8.3.1/../../../../pic32mx/lib/libpic32.a(lseek.o)
 .debug_frame   0x0000000000001058       0x20 /Applications/microchip/xc32/v4.60/bin/bin/../../lib/gcc/pic32mx/8.3.1/../../../../pic32mx/lib/libpic32.a(close.o)
 .debug_frame   0x0000000000001078       0x3c /Applications/microchip/xc32/v4.60/bin/bin/../../lib/gcc/pic32mx/8.3.1/../../../../pic32mx/lib/libpic32.a(_mon_putc.o)
 .debug_frame   0x00000000000010b4       0x20 /Applications/microchip/xc32/v4.60/bin/bin/../../lib/gcc/pic32mx/8.3.1/../../../../pic32mx/lib/libc-size-musl.a(memcpy.o)
 .debug_frame   0x00000000000010d4       0x20 /Applications/microchip/xc32/v4.60/bin/bin/../../lib/gcc/pic32mx/8.3.1/../../../../pic32mx/lib/libc-size-musl.a(memset.o)
 .debug_frame   0x00000000000010f4       0x20 /Applications/microchip/xc32/v4.60/bin/bin/../../lib/gcc/pic32mx/8.3.1/../../../../pic32mx/lib/libc-size-musl.a(strlen.o)
 .debug_frame   0x0000000000001114       0x20 /Applications/microchip/xc32/v4.60/bin/bin/../../lib/gcc/pic32mx/8.3.1/libgcc.a(_udivdi3.o)
 .debug_frame   0x0000000000001134       0x20 /Applications/microchip/xc32/v4.60/bin/bin/../../lib/gcc/pic32mx/8.3.1/libgcc.a(_umoddi3.o)

.debug_str      0x0000000000000000     0x95e2
 *.elf(.debug_str)
 *(.debug_str)
 .debug_str     0x0000000000000000      0x30b build/default/production/BOARD.o
 .debug_str     0x000000000000030b      0x729 build/default/production/AD.o
 .debug_str     0x0000000000000a34      0x6ea build/default/production/RC_Servo.o
 .debug_str     0x000000000000111e      0x273 build/default/production/part4.o
 .debug_str     0x0000000000001391      0x446 build/default/production/pwm.o
 .debug_str     0x00000000000017d7      0x5eb build/default/production/IO_Ports.o
 .debug_str     0x0000000000001dc2      0x8c1 build/default/production/Stepper.o
 .debug_str     0x0000000000002683      0x5db build/default/production/timers.o
 .debug_str     0x0000000000002c5e      0x280 /Applications/microchip/xc32/v4.60/bin/bin/../../lib/gcc/pic32mx/8.3.1/libgcc.a(floatunsisf.o)
 .debug_str     0x0000000000002ede      0x357 /Applications/microchip/xc32/v4.60/bin/bin/../../lib/gcc/pic32mx/8.3.1/../../../../pic32mx/lib/libpic32.a(default-bootstrap-exception-handler.o)
 .debug_str     0x0000000000003235      0x331 /Applications/microchip/xc32/v4.60/bin/bin/../../lib/gcc/pic32mx/8.3.1/../../../../pic32mx/lib/libpic32.a(default-on-reset.o)
 .debug_str     0x0000000000003566      0x339 /Applications/microchip/xc32/v4.60/bin/bin/../../lib/gcc/pic32mx/8.3.1/../../../../pic32mx/lib/libpic32.a(default-on-bootstrap.o)
 .debug_str     0x000000000000389f      0x353 /Applications/microchip/xc32/v4.60/bin/bin/../../lib/gcc/pic32mx/8.3.1/../../../../pic32mx/lib/libpic32.a(default-general-exception-handler.o)
 .debug_str     0x0000000000003bf2      0x34b /Applications/microchip/xc32/v4.60/bin/bin/../../lib/gcc/pic32mx/8.3.1/../../../../pic32mx/lib/libpic32.a(defaultinterrupt.o)
 .debug_str     0x0000000000003f3d      0x370 /Applications/microchip/xc32/v4.60/bin/bin/../../lib/gcc/pic32mx/8.3.1/../../../../pic32mx/lib/libc-musl.a(__sio_printf_dn.o)
 .debug_str     0x00000000000042ad      0x362 /Applications/microchip/xc32/v4.60/bin/bin/../../lib/gcc/pic32mx/8.3.1/../../../../pic32mx/lib/libc-musl.a(__fmt_d.o)
 .debug_str     0x000000000000460f      0x33b /Applications/microchip/xc32/v4.60/bin/bin/../../lib/gcc/pic32mx/8.3.1/../../../../pic32mx/lib/libc-musl.a(__pop_int.o)
 .debug_str     0x000000000000494a      0x33d /Applications/microchip/xc32/v4.60/bin/bin/../../lib/gcc/pic32mx/8.3.1/../../../../pic32mx/lib/libc-musl.a(__pop_ptr.o)
 .debug_str     0x0000000000004c87      0x451 /Applications/microchip/xc32/v4.60/bin/bin/../../lib/gcc/pic32mx/8.3.1/../../../../pic32mx/lib/libc-musl.a(__printf_core.o)
 .debug_str     0x00000000000050d8      0x407 /Applications/microchip/xc32/v4.60/bin/bin/../../lib/gcc/pic32mx/8.3.1/../../../../pic32mx/lib/libc-musl.a(stdout.o)
 .debug_str     0x00000000000054df      0x29b /Applications/microchip/xc32/v4.60/bin/bin/../../lib/gcc/pic32mx/8.3.1/../../../../pic32mx/lib/libc-musl.a(atoi.o)
 .debug_str     0x000000000000577a      0x2c8 /Applications/microchip/xc32/v4.60/bin/bin/../../lib/gcc/pic32mx/8.3.1/../../../../pic32mx/lib/libc-musl.a(tolower.o)
 .debug_str     0x0000000000005a42      0x359 /Applications/microchip/xc32/v4.60/bin/bin/../../lib/gcc/pic32mx/8.3.1/../../../../pic32mx/lib/libc-musl.a(__int_vfprintf.o)
 .debug_str     0x0000000000005d9b      0x31e /Applications/microchip/xc32/v4.60/bin/bin/../../lib/gcc/pic32mx/8.3.1/../../../../pic32mx/lib/libc-musl.a(__cvt_u.o)
 .debug_str     0x00000000000060b9      0x341 /Applications/microchip/xc32/v4.60/bin/bin/../../lib/gcc/pic32mx/8.3.1/../../../../pic32mx/lib/libc-musl.a(__io_init_needed.o)
 .debug_str     0x00000000000063fa      0x347 /Applications/microchip/xc32/v4.60/bin/bin/../../lib/gcc/pic32mx/8.3.1/../../../../pic32mx/lib/libc-musl.a(__out.o)
 .debug_str     0x0000000000006741      0x330 /Applications/microchip/xc32/v4.60/bin/bin/../../lib/gcc/pic32mx/8.3.1/../../../../pic32mx/lib/libc-musl.a(__pop_float.o)
 .debug_str     0x0000000000006a71      0x3ca /Applications/microchip/xc32/v4.60/bin/bin/../../lib/gcc/pic32mx/8.3.1/../../../../pic32mx/lib/libc-musl.a(__stdio_close.o)
 .debug_str     0x0000000000006e3b      0x307 /Applications/microchip/xc32/v4.60/bin/bin/../../lib/gcc/pic32mx/8.3.1/../../../../pic32mx/lib/libc-musl.a(__init_stdio.o)
 .debug_str     0x0000000000007142      0x314 /Applications/microchip/xc32/v4.60/bin/bin/../../lib/gcc/pic32mx/8.3.1/../../../../pic32mx/lib/libc-musl.a(__io_file_needed.o)
 .debug_str     0x0000000000007456      0x322 /Applications/microchip/xc32/v4.60/bin/bin/../../lib/gcc/pic32mx/8.3.1/../../../../pic32mx/lib/libpic32.a(write.o)
 .debug_str     0x0000000000007778      0x322 /Applications/microchip/xc32/v4.60/bin/bin/../../lib/gcc/pic32mx/8.3.1/../../../../pic32mx/lib/libpic32.a(lseek.o)
 .debug_str     0x0000000000007a9a      0x322 /Applications/microchip/xc32/v4.60/bin/bin/../../lib/gcc/pic32mx/8.3.1/../../../../pic32mx/lib/libpic32.a(close.o)
 .debug_str     0x0000000000007dbc      0x31c /Applications/microchip/xc32/v4.60/bin/bin/../../lib/gcc/pic32mx/8.3.1/../../../../pic32mx/lib/libpic32.a(errno.o)
 .debug_str     0x00000000000080d8      0x32a /Applications/microchip/xc32/v4.60/bin/bin/../../lib/gcc/pic32mx/8.3.1/../../../../pic32mx/lib/libpic32.a(_mon_putc.o)
 .debug_str     0x0000000000008402      0x320 /Applications/microchip/xc32/v4.60/bin/bin/../../lib/gcc/pic32mx/8.3.1/../../../../pic32mx/lib/libpic32.a(xc32_uart.o)
 .debug_str     0x0000000000008722      0x2a8 /Applications/microchip/xc32/v4.60/bin/bin/../../lib/gcc/pic32mx/8.3.1/../../../../pic32mx/lib/libc-size-musl.a(memcpy.o)
 .debug_str     0x00000000000089ca      0x294 /Applications/microchip/xc32/v4.60/bin/bin/../../lib/gcc/pic32mx/8.3.1/../../../../pic32mx/lib/libc-size-musl.a(memset.o)
 .debug_str     0x0000000000008c5e      0x29a /Applications/microchip/xc32/v4.60/bin/bin/../../lib/gcc/pic32mx/8.3.1/../../../../pic32mx/lib/libc-size-musl.a(strlen.o)
 .debug_str     0x0000000000008ef8      0x375 /Applications/microchip/xc32/v4.60/bin/bin/../../lib/gcc/pic32mx/8.3.1/libgcc.a(_udivdi3.o)
 .debug_str     0x000000000000926d      0x375 /Applications/microchip/xc32/v4.60/bin/bin/../../lib/gcc/pic32mx/8.3.1/libgcc.a(_umoddi3.o)

.debug_loc      0x0000000000000000     0x2509
 *.elf(.debug_loc)
 *(.debug_loc)
 .debug_loc     0x0000000000000000       0x84 /Applications/microchip/xc32/v4.60/bin/bin/../../lib/gcc/pic32mx/8.3.1/libgcc.a(floatunsisf.o)
 .debug_loc     0x0000000000000084       0x2c /Applications/microchip/xc32/v4.60/bin/bin/../../lib/gcc/pic32mx/8.3.1/../../../../pic32mx/lib/libpic32.a(default-bootstrap-exception-handler.o)
 .debug_loc     0x00000000000000b0       0x2c /Applications/microchip/xc32/v4.60/bin/bin/../../lib/gcc/pic32mx/8.3.1/../../../../pic32mx/lib/libpic32.a(default-general-exception-handler.o)
 .debug_loc     0x00000000000000dc       0x47 /Applications/microchip/xc32/v4.60/bin/bin/../../lib/gcc/pic32mx/8.3.1/../../../../pic32mx/lib/libc-musl.a(__sio_printf_dn.o)
 .debug_loc     0x0000000000000123      0x241 /Applications/microchip/xc32/v4.60/bin/bin/../../lib/gcc/pic32mx/8.3.1/../../../../pic32mx/lib/libc-musl.a(__fmt_d.o)
 .debug_loc     0x0000000000000364       0x40 /Applications/microchip/xc32/v4.60/bin/bin/../../lib/gcc/pic32mx/8.3.1/../../../../pic32mx/lib/libc-musl.a(__pop_ptr.o)
 .debug_loc     0x00000000000003a4      0x56c /Applications/microchip/xc32/v4.60/bin/bin/../../lib/gcc/pic32mx/8.3.1/../../../../pic32mx/lib/libc-musl.a(__printf_core.o)
 .debug_loc     0x0000000000000910       0xbe /Applications/microchip/xc32/v4.60/bin/bin/../../lib/gcc/pic32mx/8.3.1/../../../../pic32mx/lib/libc-musl.a(atoi.o)
 .debug_loc     0x00000000000009ce       0x9f /Applications/microchip/xc32/v4.60/bin/bin/../../lib/gcc/pic32mx/8.3.1/../../../../pic32mx/lib/libc-musl.a(__int_vfprintf.o)
 .debug_loc     0x0000000000000a6d      0x1fe /Applications/microchip/xc32/v4.60/bin/bin/../../lib/gcc/pic32mx/8.3.1/../../../../pic32mx/lib/libc-musl.a(__cvt_u.o)
 .debug_loc     0x0000000000000c6b      0x1ab /Applications/microchip/xc32/v4.60/bin/bin/../../lib/gcc/pic32mx/8.3.1/../../../../pic32mx/lib/libc-musl.a(__out.o)
 .debug_loc     0x0000000000000e16      0x130 /Applications/microchip/xc32/v4.60/bin/bin/../../lib/gcc/pic32mx/8.3.1/../../../../pic32mx/lib/libc-musl.a(__stdio_close.o)
 .debug_loc     0x0000000000000f46       0x20 /Applications/microchip/xc32/v4.60/bin/bin/../../lib/gcc/pic32mx/8.3.1/../../../../pic32mx/lib/libpic32.a(write.o)
 .debug_loc     0x0000000000000f66       0x44 /Applications/microchip/xc32/v4.60/bin/bin/../../lib/gcc/pic32mx/8.3.1/../../../../pic32mx/lib/libpic32.a(_mon_putc.o)
 .debug_loc     0x0000000000000faa       0xd6 /Applications/microchip/xc32/v4.60/bin/bin/../../lib/gcc/pic32mx/8.3.1/../../../../pic32mx/lib/libc-size-musl.a(memcpy.o)
 .debug_loc     0x0000000000001080       0xb6 /Applications/microchip/xc32/v4.60/bin/bin/../../lib/gcc/pic32mx/8.3.1/../../../../pic32mx/lib/libc-size-musl.a(memset.o)
 .debug_loc     0x0000000000001136       0x44 /Applications/microchip/xc32/v4.60/bin/bin/../../lib/gcc/pic32mx/8.3.1/../../../../pic32mx/lib/libc-size-musl.a(strlen.o)
 .debug_loc     0x000000000000117a      0x9f5 /Applications/microchip/xc32/v4.60/bin/bin/../../lib/gcc/pic32mx/8.3.1/libgcc.a(_udivdi3.o)
 .debug_loc     0x0000000000001b6f      0x99a /Applications/microchip/xc32/v4.60/bin/bin/../../lib/gcc/pic32mx/8.3.1/libgcc.a(_umoddi3.o)

.debug_macinfo
 *.elf(.debug_macinfo)
 *(.debug_macinfo)

.debug_weaknames
 *.elf(.debug_weaknames)
 *(.debug_weaknames)

.debug_funcnames
 *.elf(.debug_funcnames)
 *(.debug_funcnames)

.debug_typenames
 *.elf(.debug_typenames)
 *(.debug_typenames)

.debug_varnames
 *.elf(.debug_varnames)
 *(.debug_varnames)

.debug_pubtypes
 *.elf(.debug_pubtypes)
 *(.debug_pubtypes)

.debug_ranges   0x0000000000000000      0x4a0
 *.elf(.debug_ranges)
 *(.debug_ranges)
 .debug_ranges  0x0000000000000000       0x10 /Applications/microchip/xc32/v4.60/bin/bin/../../lib/gcc/pic32mx/8.3.1/../../../../pic32mx/lib/libpic32.a(default-bootstrap-exception-handler.o)
 .debug_ranges  0x0000000000000010       0x10 /Applications/microchip/xc32/v4.60/bin/bin/../../lib/gcc/pic32mx/8.3.1/../../../../pic32mx/lib/libpic32.a(default-on-reset.o)
 .debug_ranges  0x0000000000000020       0x10 /Applications/microchip/xc32/v4.60/bin/bin/../../lib/gcc/pic32mx/8.3.1/../../../../pic32mx/lib/libpic32.a(default-on-bootstrap.o)
 .debug_ranges  0x0000000000000030       0x10 /Applications/microchip/xc32/v4.60/bin/bin/../../lib/gcc/pic32mx/8.3.1/../../../../pic32mx/lib/libpic32.a(default-general-exception-handler.o)
 .debug_ranges  0x0000000000000040       0x10 /Applications/microchip/xc32/v4.60/bin/bin/../../lib/gcc/pic32mx/8.3.1/../../../../pic32mx/lib/libpic32.a(defaultinterrupt.o)
 .debug_ranges  0x0000000000000050       0x18 /Applications/microchip/xc32/v4.60/bin/bin/../../lib/gcc/pic32mx/8.3.1/../../../../pic32mx/lib/libc-musl.a(__sio_printf_dn.o)
 .debug_ranges  0x0000000000000068       0x10 /Applications/microchip/xc32/v4.60/bin/bin/../../lib/gcc/pic32mx/8.3.1/../../../../pic32mx/lib/libc-musl.a(__fmt_d.o)
 .debug_ranges  0x0000000000000078       0x10 /Applications/microchip/xc32/v4.60/bin/bin/../../lib/gcc/pic32mx/8.3.1/../../../../pic32mx/lib/libc-musl.a(__pop_int.o)
 .debug_ranges  0x0000000000000088       0x10 /Applications/microchip/xc32/v4.60/bin/bin/../../lib/gcc/pic32mx/8.3.1/../../../../pic32mx/lib/libc-musl.a(__pop_ptr.o)
 .debug_ranges  0x0000000000000098       0xe8 /Applications/microchip/xc32/v4.60/bin/bin/../../lib/gcc/pic32mx/8.3.1/../../../../pic32mx/lib/libc-musl.a(__printf_core.o)
 .debug_ranges  0x0000000000000180       0x20 /Applications/microchip/xc32/v4.60/bin/bin/../../lib/gcc/pic32mx/8.3.1/../../../../pic32mx/lib/libc-musl.a(stdout.o)
 .debug_ranges  0x00000000000001a0       0x28 /Applications/microchip/xc32/v4.60/bin/bin/../../lib/gcc/pic32mx/8.3.1/../../../../pic32mx/lib/libc-musl.a(atoi.o)
 .debug_ranges  0x00000000000001c8       0x18 /Applications/microchip/xc32/v4.60/bin/bin/../../lib/gcc/pic32mx/8.3.1/../../../../pic32mx/lib/libc-musl.a(tolower.o)
 .debug_ranges  0x00000000000001e0       0x10 /Applications/microchip/xc32/v4.60/bin/bin/../../lib/gcc/pic32mx/8.3.1/../../../../pic32mx/lib/libc-musl.a(__int_vfprintf.o)
 .debug_ranges  0x00000000000001f0       0x10 /Applications/microchip/xc32/v4.60/bin/bin/../../lib/gcc/pic32mx/8.3.1/../../../../pic32mx/lib/libc-musl.a(__cvt_u.o)
 .debug_ranges  0x0000000000000200       0x18 /Applications/microchip/xc32/v4.60/bin/bin/../../lib/gcc/pic32mx/8.3.1/../../../../pic32mx/lib/libc-musl.a(__io_init_needed.o)
 .debug_ranges  0x0000000000000218       0x30 /Applications/microchip/xc32/v4.60/bin/bin/../../lib/gcc/pic32mx/8.3.1/../../../../pic32mx/lib/libc-musl.a(__out.o)
 .debug_ranges  0x0000000000000248       0x10 /Applications/microchip/xc32/v4.60/bin/bin/../../lib/gcc/pic32mx/8.3.1/../../../../pic32mx/lib/libc-musl.a(__pop_float.o)
 .debug_ranges  0x0000000000000258       0x18 /Applications/microchip/xc32/v4.60/bin/bin/../../lib/gcc/pic32mx/8.3.1/../../../../pic32mx/lib/libc-musl.a(__stdio_close.o)
 .debug_ranges  0x0000000000000270       0x18 /Applications/microchip/xc32/v4.60/bin/bin/../../lib/gcc/pic32mx/8.3.1/../../../../pic32mx/lib/libc-musl.a(__init_stdio.o)
 .debug_ranges  0x0000000000000288       0x10 /Applications/microchip/xc32/v4.60/bin/bin/../../lib/gcc/pic32mx/8.3.1/../../../../pic32mx/lib/libc-musl.a(__io_file_needed.o)
 .debug_ranges  0x0000000000000298       0x10 /Applications/microchip/xc32/v4.60/bin/bin/../../lib/gcc/pic32mx/8.3.1/../../../../pic32mx/lib/libpic32.a(write.o)