Archive member included to satisfy reference by file (symbol)

c:/program files/microchip/xc32/v4.60/bin/bin/../../lib/gcc/pic32mx/8.3.1\libgcc.a(floatunsisf.o)
                              build/default/production/_ext/1639450193/AD.o (__floatunsisf)
c:/program files/microchip/xc32/v4.60/bin/bin/../../lib/gcc/pic32mx/8.3.1\libgcc.a(floatunsidf.o)
                              build/default/production/_ext/1639450193/Snackoboto.o (__floatunsidf)
c:/program files/microchip/xc32/v4.60/bin/bin/../../lib/gcc/pic32mx/8.3.1/../../../../pic32mx/lib\libpic32.a(default-bootstrap-exception-handler.o)
                              C:\Users\andyl\AppData\Local\Temp\ccmCovWk.o (_bootstrap_exception_handler)
c:/program files/microchip/xc32/v4.60/bin/bin/../../lib/gcc/pic32mx/8.3.1/../../../../pic32mx/lib\libpic32.a(default-on-reset.o)
                              C:\Users\andyl\AppData\Local\Temp\ccmCovWk.o (_on_reset)
c:/program files/microchip/xc32/v4.60/bin/bin/../../lib/gcc/pic32mx/8.3.1/../../../../pic32mx/lib\libpic32.a(default-on-bootstrap.o)
                              C:\Users\andyl\AppData\Local\Temp\ccmCovWk.o (_on_bootstrap)
c:/program files/microchip/xc32/v4.60/bin/bin/../../lib/gcc/pic32mx/8.3.1/../../../../pic32mx/lib\libpic32.a(default-nmi-handler.o)
                              C:\Users\andyl\AppData\Local\Temp\ccmCovWk.o (_nmi_handler)
c:/program files/microchip/xc32/v4.60/bin/bin/../../lib/gcc/pic32mx/8.3.1/../../../../pic32mx/lib\libpic32.a(pic32_data_init_core.o)
                              C:\Users\andyl\AppData\Local\Temp\ccmCovWk.o (__pic32_data_init)
c:/program files/microchip/xc32/v4.60/bin/bin/../../lib/gcc/pic32mx/8.3.1/../../../../pic32mx/lib\libpic32.a(general-exception.o)
                              C:\Users\andyl\AppData\Local\Temp\ccmCovWk.o (_general_exception_context)
c:/program files/microchip/xc32/v4.60/bin/bin/../../lib/gcc/pic32mx/8.3.1/../../../../pic32mx/lib\libpic32.a(vector0.o)
                              C:\Users\andyl\AppData\Local\Temp\cccbokw6.o (__vector_dispatch_0)
c:/program files/microchip/xc32/v4.60/bin/bin/../../lib/gcc/pic32mx/8.3.1/../../../../pic32mx/lib\libpic32.a(vector1.o)
                              C:\Users\andyl\AppData\Local\Temp\cccbokw6.o (__vector_dispatch_1)
c:/program files/microchip/xc32/v4.60/bin/bin/../../lib/gcc/pic32mx/8.3.1/../../../../pic32mx/lib\libpic32.a(vector2.o)
                              C:\Users\andyl\AppData\Local\Temp\cccbokw6.o (__vector_dispatch_2)
c:/program files/microchip/xc32/v4.60/bin/bin/../../lib/gcc/pic32mx/8.3.1/../../../../pic32mx/lib\libpic32.a(vector3.o)
                              C:\Users\andyl\AppData\Local\Temp\cccbokw6.o (__vector_dispatch_3)
c:/program files/microchip/xc32/v4.60/bin/bin/../../lib/gcc/pic32mx/8.3.1/../../../../pic32mx/lib\libpic32.a(vector5.o)
                              C:\Users\andyl\AppData\Local\Temp\cccbokw6.o (__vector_dispatch_5)
c:/program files/microchip/xc32/v4.60/bin/bin/../../lib/gcc/pic32mx/8.3.1/../../../../pic32mx/lib\libpic32.a(vector6.o)
                              C:\Users\andyl\AppData\Local\Temp\cccbokw6.o (__vector_dispatch_6)
c:/program files/microchip/xc32/v4.60/bin/bin/../../lib/gcc/pic32mx/8.3.1/../../../../pic32mx/lib\libpic32.a(vector7.o)
                              C:\Users\andyl\AppData\Local\Temp\cccbokw6.o (__vector_dispatch_7)
c:/program files/microchip/xc32/v4.60/bin/bin/../../lib/gcc/pic32mx/8.3.1/../../../../pic32mx/lib\libpic32.a(vector8.o)
                              C:\Users\andyl\AppData\Local\Temp\cccbokw6.o (__vector_dispatch_8)
c:/program files/microchip/xc32/v4.60/bin/bin/../../lib/gcc/pic32mx/8.3.1/../../../../pic32mx/lib\libpic32.a(vector9.o)
                              C:\Users\andyl\AppData\Local\Temp\cccbokw6.o (__vector_dispatch_9)
c:/program files/microchip/xc32/v4.60/bin/bin/../../lib/gcc/pic32mx/8.3.1/../../../../pic32mx/lib\libpic32.a(vector10.o)
                              C:\Users\andyl\AppData\Local\Temp\cccbokw6.o (__vector_dispatch_10)
c:/program files/microchip/xc32/v4.60/bin/bin/../../lib/gcc/pic32mx/8.3.1/../../../../pic32mx/lib\libpic32.a(vector11.o)
                              C:\Users\andyl\AppData\Local\Temp\cccbokw6.o (__vector_dispatch_11)
c:/program files/microchip/xc32/v4.60/bin/bin/../../lib/gcc/pic32mx/8.3.1/../../../../pic32mx/lib\libpic32.a(vector14.o)
                              C:\Users\andyl\AppData\Local\Temp\cccbokw6.o (__vector_dispatch_14)
c:/program files/microchip/xc32/v4.60/bin/bin/../../lib/gcc/pic32mx/8.3.1/../../../../pic32mx/lib\libpic32.a(vector15.o)
                              C:\Users\andyl\AppData\Local\Temp\cccbokw6.o (__vector_dispatch_15)
c:/program files/microchip/xc32/v4.60/bin/bin/../../lib/gcc/pic32mx/8.3.1/../../../../pic32mx/lib\libpic32.a(vector17.o)
                              C:\Users\andyl\AppData\Local\Temp\cccbokw6.o (__vector_dispatch_17)
c:/program files/microchip/xc32/v4.60/bin/bin/../../lib/gcc/pic32mx/8.3.1/../../../../pic32mx/lib\libpic32.a(vector18.o)
[...]
Memory Configuration

Name             Origin             Length             Attributes
kseg0_program_mem 0x000000009d000000 0x0000000000020000 xr
kseg0_boot_mem   0x000000009fc00490 0x0000000000000970
exception_mem    0x000000009fc01000 0x0000000000001000
kseg1_boot_mem   0x00000000bfc00000 0x0000000000000490
debug_exec_mem   0x00000000bfc02000 0x0000000000000ff0
config3          0x00000000bfc02ff0 0x0000000000000004
config2          0x00000000bfc02ff4 0x0000000000000004
config1          0x00000000bfc02ff8 0x0000000000000004
config0          0x00000000bfc02ffc 0x0000000000000004
kseg1_data_mem   0x00000000a0000000 0x0000000000004000 w !x
sfrs             0x00000000bf800000 0x0000000000100000
configsfrs       0x00000000bfc02ff0 0x0000000000000010
*default*        0x0000000000000000 0xffffffffffffffff

Linker script and memory map

LOAD c:/program files/microchip/xc32/v4.60/bin/bin/../../lib/gcc/pic32mx/8.3.1/../../../../pic32mx/lib\debug-exception-return.o
LOAD build/default/production/_ext/659850791/main.o
LOAD build/default/production/_ext/1639450193/AD.o
LOAD build/default/production/_ext/1639450193/BOARD.o
LOAD build/default/production/_ext/1639450193/HallSensor.o
LOAD build/default/production/_ext/1639450193/IO_Ports.o
LOAD build/default/production/_ext/1639450193/IR_Sensor.o
LOAD build/default/production/_ext/1639450193/LED.o
LOAD build/default/production/_ext/1639450193/ping.o
LOAD build/default/production/_ext/1639450193/pwm.o
LOAD build/default/production/_ext/1639450193/RC_Servo.o
LOAD build/default/production/_ext/1639450193/TapeSensor.o
LOAD build/default/production/_ext/1639450193/Snackoboto.o
LOAD build/default/production/_ext/2035180596/serial.o
LOAD build/default/production/_ext/1639450193/TwoStepper.o
LOAD build/default/production/_ext/330559661/HallEventChecker.o
LOAD build/default/production/_ext/330559661/IRPeakEventChecker.o
LOAD build/default/production/_ext/330559661/TapeEventChecker.o
LOAD build/default/production/_ext/330559661/ObstacleEventChecker.o
LOAD build/default/production/_ext/1171087748/ES_CheckEvents.o
LOAD build/default/production/_ext/1171087748/ES_Framework.o
LOAD build/default/production/_ext/1171087748/ES_KeyboardInput.o
LOAD build/default/production/_ext/1171087748/ES_LookupTables.o
LOAD build/default/production/_ext/1171087748/ES_PostList.o
LOAD build/default/production/_ext/1171087748/ES_Queue.o
LOAD build/default/production/_ext/1171087748/ES_TattleTale.o
LOAD build/default/production/_ext/1171087748/ES_Timers.o
LOAD build/default/production/_ext/1171087748/ES_TimerService.o
LOAD build/default/production/_ext/1956984033/ObstacleSubHSM.o
LOAD build/default/production/_ext/1956984033/SearchingSubHSM.o
LOAD build/default/production/_ext/1956984033/SnackobotoHSM.o
LOAD build/default/production/_ext/1956984033/TargetLAimSubHSM.o
LOAD build/default/production/_ext/1956984033/TargetLSubHSM.o
LOAD build/default/production/_ext/1956984033/TargetRAimSubHSM.o
LOAD build/default/production/_ext/1956984033/TargetRSubHSM.o
LOAD build/default/production/_ext/330559661/KnockdownService.o
                0x0000000000000001                __MPLAB_BUILD = 0x1
                0x0000000000000080                _min_heap_size = 0x80
LOAD C:\Users\andyl\AppData\Local\Temp\ccmCovWk.o
LOAD C:\Users\andyl\AppData\Local\Temp\cc0jxP6B.o
LOAD C:\Users\andyl\AppData\Local\Temp\cccbokw6.o
LOAD c:/program files/microchip/xc32/v4.60/bin/bin/../../lib/gcc/pic32mx/8.3.1/../../../../pic32mx/lib\pic32_software_reset.o
LOAD c:/program files/microchip/xc32/v4.60/bin/bin/../../lib/gcc/pic32mx/8.3.1\libgcc.a
START GROUP
LOAD c:/program files/microchip/xc32/v4.60/bin/bin/../../lib/gcc/pic32mx/8.3.1/../../../../pic32mx/lib\libpic32.a
LOAD c:/program files/microchip/xc32/v4.60/bin/bin/../../lib/gcc/pic32mx/8.3.1/../../../../pic32mx/lib\libc-size-musl.a
LOAD c:/program files/microchip/xc32/v4.60/bin/bin/../../lib/gcc/pic32mx/8.3.1/../../../../pic32mx/lib\liblmalloc-musl.a
LOAD c:/program files/microchip/xc32/v4.60/bin/bin/../../lib/gcc/pic32mx/8.3.1/../../../../pic32mx/lib\libdebug.a
LOAD c:/program files/microchip/xc32/v4.60/bin/bin/../../lib/gcc/pic32mx/8.3.1/../../../../pic32mx/lib\libc-musl.a
LOAD c:/program files/microchip/xc32/v4.60/bin/bin/../../lib/gcc/pic32mx/8.3.1/../../../../pic32mx/lib\libm.a
LOAD c:/program files/microchip/xc32/v4.60/bin/bin/../../lib/gcc/pic32mx/8.3.1/../../../../pic32mx/lib\libe.a
LOAD c:/program files/microchip/xc32/v4.60/bin/bin/../../lib/gcc/pic32mx/8.3.1/../../../../pic32mx/lib\libm-musl.a
LOAD c:/program files/microchip/xc32/v4.60/bin/bin/../../lib/gcc/pic32mx/8.3.1/../../../../pic32mx/lib\libdsp.a
END GROUP
LOAD c:/program files/microchip/xc32/v4.60/bin/bin/../../lib/gcc/pic32mx/8.3.1\libgcc.a
                0x0000000000000400                PROVIDE (_min_stack_size = 0x400)
START GROUP
LOAD libmchp_peripheral.a
END GROUP
START GROUP
LOAD libmchp_peripheral_32MX320F128H.a
END GROUP
                0x0000000000000001                PROVIDE (_vector_spacing = 0x1)
                0x000000009fc01000                PROVIDE (_ebase_address = 0x9fc01000)
                0x00000000bfc00000                _RESET_ADDR = 0xbfc00000
                0x00000000bfc00380                _BEV_EXCPT_ADDR = 0xbfc00380
                0x00000000bfc00480                _DBG_EXCPT_ADDR = 0xbfc00480
                0x00000000bfc02000                _DBG_CODE_ADDR = 0xbfc02000
                0x0000000000000ff0                _DBG_CODE_SIZE = 0xff0
                0x000000009fc01180                _GEN_EXCPT_ADDR = (_ebase_address + 0x180)

.config_BFC02FF0
 *(.config_BFC02FF0)

.config_BFC02FF4
                0x00000000bfc02ff4        0x4
 *(.config_BFC02FF4)
 .config_BFC02FF4
                0x00000000bfc02ff4        0x4 build/default/production/_ext/1639450193/BOARD.o
                0x00000000bfc02ff4                __config_BFC02FF4

.config_BFC02FF8
                0x00000000bfc02ff8        0x4
 *(.config_BFC02FF8)
 .config_BFC02FF8
                0x00000000bfc02ff8        0x4 build/default/production/_ext/1639450193/BOARD.o
                0x00000000bfc02ff8                __config_BFC02FF8

.config_BFC02FFC
                0x00000000bfc02ffc        0x4
 *(.config_BFC02FFC)
 .config_BFC02FFC
                0x00000000bfc02ffc        0x4 build/default/production/_ext/1639450193/BOARD.o
                0x00000000bfc02ffc                __config_BFC02FFC

.reset          0x00000000bfc00000      0x19c
 *(.reset)
 .reset         0x00000000bfc00000        0x8 C:\Users\andyl\AppData\Local\Temp\ccmCovWk.o
                0x00000000bfc00000                _reset
 *(.reset.startup)
 .reset.startup
                0x00000000bfc00008      0x194 C:\Users\andyl\AppData\Local\Temp\ccmCovWk.o
                0x00000000bfc00008                _startup

.bev_excpt      0x00000000bfc00380       0x10
 *(.bev_handler)
 .bev_handler   0x00000000bfc00380       0x10 C:\Users\andyl\AppData\Local\Temp\ccmCovWk.o

.dbg_excpt      0x00000000bfc00480        0x0
                0x00000000bfc00480                . = (. + DEFINED (_DEBUGGER)?0x8:0x0)

.dbg_code       0x00000000bfc02000        0x0
                0x00000000bfc02000                . = (. + DEFINED (_DEBUGGER)?_DBG_CODE_SIZE:0x0)

.app_excpt      0x000000009fc01180       0x10
 *(.gen_handler)
 .gen_handler   0x000000009fc01180       0x10 C:\Users\andyl\AppData\Local\Temp\ccmCovWk.o

.vector_0       0x000000009fc01200        0x8
 *(.vector_0)
 .vector_0      0x000000009fc01200        0x8 c:/program files/microchip/xc32/v4.60/bin/bin/../../lib/gcc/pic32mx/8.3.1/../../../../pic32mx/lib\libpic32.a(vector0.o)
                0x000000009fc01200                __vector_dispatch_0
                0x0000000000000001                ASSERT (((_vector_spacing == 0x0) || (SIZEOF (.vector_0) <= (_vector_spacing << 0x5))), function at exception vector 0 too large)

.vector_1       0x000000009fc01220        0x8
 *(.vector_1)
 .vector_1      0x000000009fc01220        0x8 c:/program files/microchip/xc32/v4.60/bin/bin/../../lib/gcc/pic32mx/8.3.1/../../../../pic32mx/lib\libpic32.a(vector1.o)
                0x000000009fc01220                __vector_dispatch_1
                0x0000000000000001                ASSERT (((_vector_spacing == 0x0) || (SIZEOF (.vector_1) <= (_vector_spacing << 0x5))), function at exception vector 1 too large)

.vector_2       0x000000009fc01240        0x8
 *(.vector_2)
 .vector_2      0x000000009fc01240        0x8 c:/program files/microchip/xc32/v4.60/bin/bin/../../lib/gcc/pic32mx/8.3.1/../../../../pic32mx/lib\libpic32.a(vector2.o)
                0x000000009fc01240                __vector_dispatch_2
                0x0000000000000001                ASSERT (((_vector_spacing == 0x0) || (SIZEOF (.vector_2) <= (_vector_spacing << 0x5))), function at exception vector 2 too large)

.vector_3       0x000000009fc01260        0x8
 *(.vector_3)
 .vector_3      0x000000009fc01260        0x8 c:/program files/microchip/xc32/v4.60/bin/bin/../../lib/gcc/pic32mx/8.3.1/../../../../pic32mx/lib\libpic32.a(vector3.o)
                0x000000009fc01260                __vector_dispatch_3
                0x0000000000000001                ASSERT (((_vector_spacing == 0x0) || (SIZEOF (.vector_3) <= (_vector_spacing << 0x5))), function at exception vector 3 too large)

.vector_4       0x000000009fc01280        0x8
 *(.vector_4)
 .vector_4      0x000000009fc01280        0x8 build/default/production/_ext/1171087748/ES_Timers.o
                0x000000009fc01280                __vector_dispatch_4
                0x0000000000000001                ASSERT (((_vector_spacing == 0x0) || (SIZEOF (.vector_4) <= (_vector_spacing << 0x5))), function at exception vector 4 too large)

.vector_5       0x000000009fc012a0        0x8
 *(.vector_5)
 .vector_5      0x000000009fc012a0        0x8 c:/program files/microchip/xc32/v4.60/bin/bin/../../lib/gcc/pic32mx/8.3.1/../../../../pic32mx/lib\libpic32.a(vector5.o)
                0x000000009fc012a0                __vector_dispatch_5
                0x0000000000000001                ASSERT (((_vector_spacing == 0x0) || (SIZEOF (.vector_5) <= (_vector_spacing << 0x5))), function at exception vector 5 too large)

.vector_6       0x000000009fc012c0        0x8
 *(.vector_6)
 .vector_6      0x000000009fc012c0        0x8 c:/program files/microchip/xc32/v4.60/bin/bin/../../lib/gcc/pic32mx/8.3.1/../../../../pic32mx/lib\libpic32.a(vector6.o)
                0x000000009fc012c0                __vector_dispatch_6
                0x0000000000000001                ASSERT (((_vector_spacing == 0x0) || (SIZEOF (.vector_6) <= (_vector_spacing << 0x5))), function at exception vector 6 too large)

.vector_7       0x000000009fc012e0        0x8
 *(.vector_7)
 .vector_7      0x000000009fc012e0        0x8 c:/program files/microchip/xc32/v4.60/bin/bin/../../lib/gcc/pic32mx/8.3.1/../../../../pic32mx/lib\libpic32.a(vector7.o)
                0x000000009fc012e0                __vector_dispatch_7
                0x0000000000000001                ASSERT (((_vector_spacing == 0x0) || (SIZEOF (.vector_7) <= (_vector_spacing << 0x5))), function at exception vector 7 too large)

.vector_8       0x000000009fc01300        0x8
 *(.vector_8)
 .vector_8      0x000000009fc01300        0x8 c:/program files/microchip/xc32/v4.60/bin/bin/../../lib/gcc/pic32mx/8.3.1/../../../../pic32mx/lib\libpic32.a(vector8.o)
                0x000000009fc01300                __vector_dispatch_8
                0x0000000000000001                ASSERT (((_vector_spacing == 0x0) || (SIZEOF (.vector_8) <= (_vector_spacing << 0x5))), function at exception vector 8 too large)

.vector_9       0x000000009fc01320        0x8
 *(.vector_9)
 .vector_9      0x000000009fc01320        0x8 c:/program files/microchip/xc32/v4.60/bin/bin/../../lib/gcc/pic32mx/8.3.1/../../../../pic32mx/lib\libpic32.a(vector9.o)
                0x000000009fc01320                __vector_dispatch_9
                0x0000000000000001                ASSERT (((_vector_spacing == 0x0) || (SIZEOF (.vector_9) <= (_vector_spacing << 0x5))), function at exception vector 9 too large)

.vector_10      0x000000009fc01340        0x8
 *(.vector_10)
 .vector_10     0x000000009fc01340        0x8 c:/program files/microchip/xc32/v4.60/bin/bin/../../lib/gcc/pic32mx/8.3.1/../../../../pic32mx/lib\libpic32.a(vector10.o)
                0x000000009fc01340                __vector_dispatch_10
                0x0000000000000001                ASSERT (((_vector_spacing == 0x0) || (SIZEOF (.vector_10) <= (_vector_spacing << 0x5))), function at exception vector 10 too large)

.vector_11      0x000000009fc01360        0x8
 *(.vector_11)
 .vector_11     0x000000009fc01360        0x8 c:/program files/microchip/xc32/v4.60/bin/bin/../../lib/gcc/pic32mx/8.3.1/../../../../pic32mx/lib\libpic32.a(vector11.o)
                0x000000009fc01360                __vector_dispatch_11
                0x0000000000000001                ASSERT (((_vector_spacing == 0x0) || (SIZEOF (.vector_11) <= (_vector_spacing << 0x5))), function at exception vector 11 too large)

.vector_12      0x000000009fc01380        0x8
 *(.vector_12)
 .vector_12     0x000000009fc01380        0x8 build/default/production/_ext/1639450193/TwoStepper.o
                0x000000009fc01380                __vector_dispatch_12
                0x0000000000000001                ASSERT (((_vector_spacing == 0x0) || (SIZEOF (.vector_12) <= (_vector_spacing << 0x5))), function at exception vector 12 too large)

.vector_13      0x000000009fc013a0        0x8
 *(.vector_13)
 .vector_13     0x000000009fc013a0        0x8 build/default/production/_ext/1639450193/ping.o
                0x000000009fc013a0                __vector_dispatch_13
                0x0000000000000001                ASSERT (((_vector_spacing == 0x0) || (SIZEOF (.vector_13) <= (_vector_spacing << 0x5))), function at exception vector 13 too large)

.vector_14      0x000000009fc013c0        0x8
 *(.vector_14)
 .vector_14     0x000000009fc013c0        0x8 c:/program files/microchip/xc32/v4.60/bin/bin/../../lib/gcc/pic32mx/8.3.1/../../../../pic32mx/lib\libpic32.a(vector14.o)
                0x000000009fc013c0                __vector_dispatch_14
                0x0000000000000001                ASSERT (((_vector_spacing == 0x0) || (SIZEOF (.vector_14) <= (_vector_spacing << 0x5))), function at exception vector 14 too large)

.vector_15      0x000000009fc013e0        0x8
 *(.vector_15)
 .vector_15     0x000000009fc013e0        0x8 c:/program files/microchip/xc32/v4.60/bin/bin/../../lib/gcc/pic32mx/8.3.1/../../../../pic32mx/lib\libpic32.a(vector15.o)
                0x000000009fc013e0                __vector_dispatch_15
                0x0000000000000001                ASSERT (((_vector_spacing == 0x0) || (SIZEOF (.vector_15) <= (_vector_spacing << 0x5))), function at exception vector 15 too large)

.vector_16      0x000000009fc01400        0x8
 *(.vector_16)
 .vector_16     0x000000009fc01400        0x8 build/default/production/_ext/1639450193/RC_Servo.o
                0x000000009fc01400                __vector_dispatch_16
                0x0000000000000001                ASSERT (((_vector_spacing == 0x0) || (SIZEOF (.vector_16) <= (_vector_spacing << 0x5))), function at exception vector 16 too large)

.vector_17      0x000000009fc01420        0x8
 *(.vector_17)
 .vector_17     0x000000009fc01420        0x8 c:/program files/microchip/xc32/v4.60/bin/bin/../../lib/gcc/pic32mx/8.3.1/../../../../pic32mx/lib\libpic32.a(vector17.o)
                0x000000009fc01420                __vector_dispatch_17
                0x0000000000000001                ASSERT (((_vector_spacing == 0x0) || (SIZEOF (.vector_17) <= (_vector_spacing << 0x5))), function at exception vector 17 too large)

.vector_18      0x000000009fc01440        0x8
 *(.vector_18)
 .vector_18     0x000000009fc01440        0x8 c:/program files/microchip/xc32/v4.60/bin/bin/../../lib/gcc/pic32mx/8.3.1/../../../../pic32mx/lib\libpic32.a(vector18.o)
                0x000000009fc01440                __vector_dispatch_18
                0x0000000000000001                ASSERT (((_vector_spacing == 0x0) || (SIZEOF (.vector_18) <= (_vector_spacing << 0x5))), function at exception vector 18 too large)

.vector_19      0x000000009fc01460        0x8
 *(.vector_19)
 .vector_19     0x000000009fc01460        0x8 c:/program files/microchip/xc32/v4.60/bin/bin/../../lib/gcc/pic32mx/8.3.1/../../../../pic32mx/lib\libpic32.a(vector19.o)
                0x000000009fc01460                __vector_dispatch_19
                0x0000000000000001                ASSERT (((_vector_spacing == 0x0) || (SIZEOF (.vector_19) <= (_vector_spacing << 0x5))), function at exception vector 19 too large)

.vector_20      0x000000009fc01480        0x8
 *(.vector_20)
 .vector_20     0x000000009fc01480        0x8 build/default/production/_ext/1639450193/ping.o
                0x000000009fc01480                __vector_dispatch_20
                0x0000000000000001                ASSERT (((_vector_spacing == 0x0) || (SIZEOF (.vector_20) <= (_vector_spacing << 0x5))), function at exception vector 20 too large)

.vector_21      0x000000009fc014a0        0x8
 *(.vector_21)
 .vector_21     0x000000009fc014a0        0x8 c:/program files/microchip/xc32/v4.60/bin/bin/../../lib/gcc/pic32mx/8.3.1/../../../../pic32mx/lib\libpic32.a(vector21.o)
                0x000000009fc014a0                __vector_dispatch_21
                0x0000000000000001                ASSERT (((_vector_spacing == 0x0) || (SIZEOF (.vector_21) <= (_vector_spacing << 0x5))), function at exception vector 21 too large)

.vector_22      0x000000009fc014c0        0x8
 *(.vector_22)
 .vector_22     0x000000009fc014c0        0x8 c:/program files/microchip/xc32/v4.60/bin/bin/../../lib/gcc/pic32mx/8.3.1/../../../../pic32mx/lib\libpic32.a(vector22.o)
                0x000000009fc014c0                __vector_dispatch_22
                0x0000000000000001                ASSERT (((_vector_spacing == 0x0) || (SIZEOF (.vector_22) <= (_vector_spacing << 0x5))), function at exception vector 22 too large)

.vector_23      0x000000009fc014e0        0x8
 *(.vector_23)
 .vector_23     0x000000009fc014e0        0x8 c:/program files/microchip/xc32/v4.60/bin/bin/../../lib/gcc/pic32mx/8.3.1/../../../../pic32mx/lib\libpic32.a(vector23.o)
                0x000000009fc014e0                __vector_dispatch_23
                0x0000000000000001                ASSERT (((_vector_spacing == 0x0) || (SIZEOF (.vector_23) <= (_vector_spacing << 0x5))), function at exception vector 23 too large)

.vector_24      0x000000009fc01500        0x8
 *(.vector_24)
 .vector_24     0x000000009fc01500        0x8 build/default/production/_ext/2035180596/serial.o
                0x000000009fc01500                __vector_dispatch_24
                0x0000000000000001                ASSERT (((_vector_spacing == 0x0) || (SIZEOF (.vector_24) <= (_vector_spacing << 0x5))), function at exception vector 24 too large)

.vector_25      0x000000009fc01520        0x8
 *(.vector_25)
 .vector_25     0x000000009fc01520        0x8 c:/program files/microchip/xc32/v4.60/bin/bin/../../lib/gcc/pic32mx/8.3.1/../../../../pic32mx/lib\libpic32.a(vector25.o)
                0x000000009fc01520                __vector_dispatch_25
                0x0000000000000001                ASSERT (((_vector_spacing == 0x0) || (SIZEOF (.vector_25) <= (_vector_spacing << 0x5))), function at exception vector 25 too large)

.vector_26      0x000000009fc01540        0x8
 *(.vector_26)
 .vector_26     0x000000009fc01540        0x8 c:/program files/microchip/xc32/v4.60/bin/bin/../../lib/gcc/pic32mx/8.3.1/../../../../pic32mx/lib\libpic32.a(vector26.o)
                0x000000009fc01540                __vector_dispatch_26
                0x0000000000000001                ASSERT (((_vector_spacing == 0x0) || (SIZEOF (.vector_26) <= (_vector_spacing << 0x5))), function at exception vector 26 too large)

.vector_27      0x000000009fc01560        0x8
 *(.vector_27)
 .vector_27     0x000000009fc01560        0x8 build/default/production/_ext/1639450193/AD.o
                0x000000009fc01560                __vector_dispatch_27
                0x0000000000000001                ASSERT (((_vector_spacing == 0x0) || (SIZEOF (.vector_27) <= (_vector_spacing << 0x5))), function at exception vector 27 too large)

.vector_28      0x000000009fc01580        0x8
 *(.vector_28)
 .vector_28     0x000000009fc01580        0x8 c:/program files/microchip/xc32/v4.60/bin/bin/../../lib/gcc/pic32mx/8.3.1/../../../../pic32mx/lib\libpic32.a(vector28.o)
                0x000000009fc01580                __vector_dispatch_28
                0x0000000000000001                ASSERT (((_vector_spacing == 0x0) || (SIZEOF (.vector_28) <= (_vector_spacing << 0x5))), function at exception vector 28 too large)

.vector_29      0x000000009fc015a0        0x8
 *(.vector_29)
 .vector_29     0x000000009fc015a0        0x8 c:/program files/microchip/xc32/v4.60/bin/bin/../../lib/gcc/pic32mx/8.3.1/../../../../pic32mx/lib\libpic32.a(vector29.o)
                0x000000009fc015a0                __vector_dispatch_29
                0x0000000000000001                ASSERT (((_vector_spacing == 0x0) || (SIZEOF (.vector_29) <= (_vector_spacing << 0x5))), function at exception vector 29 too large)

.vector_30      0x000000009fc015c0        0x8
 *(.vector_30)
 .vector_30     0x000000009fc015c0        0x8 c:/program files/microchip/xc32/v4.60/bin/bin/../../lib/gcc/pic32mx/8.3.1/../../../../pic32mx/lib\libpic32.a(vector30.o)
                0x000000009fc015c0                __vector_dispatch_30
                0x0000000000000001                ASSERT (((_vector_spacing == 0x0) || (SIZEOF (.vector_30) <= (_vector_spacing << 0x5))), function at exception vector 30 too large)

.vector_31      0x000000009fc015e0        0x8
 *(.vector_31)
 .vector_31     0x000000009fc015e0        0x8 c:/program files/microchip/xc32/v4.60/bin/bin/../../lib/gcc/pic32mx/8.3.1/../../../../pic32mx/lib\libpic32.a(vector31.o)
                0x000000009fc015e0                __vector_dispatch_31
                0x0000000000000001                ASSERT (((_vector_spacing == 0x0) || (SIZEOF (.vector_31) <= (_vector_spacing << 0x5))), function at exception vector 31 too large)

.vector_32      0x000000009fc01600        0x8
 *(.vector_32)
 .vector_32     0x000000009fc01600        0x8 c:/program files/microchip/xc32/v4.60/bin/bin/../../lib/gcc/pic32mx/8.3.1/../../../../pic32mx/lib\libpic32.a(vector32.o)
                0x000000009fc01600                __vector_dispatch_32
                0x0000000000000001                ASSERT (((_vector_spacing == 0x0) || (SIZEOF (.vector_32) <= (_vector_spacing << 0x5))), function at exception vector 32 too large)

.vector_33      0x000000009fc01620        0x8
 *(.vector_33)
 .vector_33     0x000000009fc01620        0x8 c:/program files/microchip/xc32/v4.60/bin/bin/../../lib/gcc/pic32mx/8.3.1/../../../../pic32mx/lib\libpic32.a(vector33.o)
                0x000000009fc01620                __vector_dispatch_33
                0x0000000000000001                ASSERT (((_vector_spacing == 0x0) || (SIZEOF (.vector_33) <= (_vector_spacing << 0x5))), function at exception vector 33 too large)

.vector_34      0x000000009fc01640        0x8
 *(.vector_34)
 .vector_34     0x000000009fc01640        0x8 c:/program files/microchip/xc32/v4.60/bin/bin/../../lib/gcc/pic32mx/8.3.1/../../../../pic32mx/lib\libpic32.a(vector34.o)
                0x000000009fc01640                __vector_dispatch_34
                0x0000000000000001                ASSERT (((_vector_spacing == 0x0) || (SIZEOF (.vector_34) <= (_vector_spacing << 0x5))), function at exception vector 34 too large)

.vector_35      0x000000009fc01660        0x8
 *(.vector_35)
 .vector_35     0x000000009fc01660        0x8 c:/program files/microchip/xc32/v4.60/bin/bin/../../lib/gcc/pic32mx/8.3.1/../../../../pic32mx/lib\libpic32.a(vector35.o)
                0x000000009fc01660                __vector_dispatch_35
                0x0000000000000001                ASSERT (((_vector_spacing == 0x0) || (SIZEOF (.vector_35) <= (_vector_spacing << 0x5))), function at exception vector 35 too large)

.vector_36      0x000000009fc01680        0x8
 *(.vector_36)
 .vector_36     0x000000009fc01680        0x8 c:/program files/microchip/xc32/v4.60/bin/bin/../../lib/gcc/pic32mx/8.3.1/../../../../pic32mx/lib\libpic32.a(vector36.o)
                0x000000009fc01680                __vector_dispatch_36
                0x0000000000000001                ASSERT (((_vector_spacing == 0x0) || (SIZEOF (.vector_36) <= (_vector_spacing << 0x5))), function at exception vector 36 too large)

.vector_37      0x000000009fc016a0        0x8
 *(.vector_37)
 .vector_37     0x000000009fc016a0        0x8 c:/program files/microchip/xc32/v4.60/bin/bin/../../lib/gcc/pic32mx/8.3.1/../../../../pic32mx/lib\libpic32.a(vector37.o)
                0x000000009fc016a0                __vector_dispatch_37
                0x0000000000000001                ASSERT (((_vector_spacing == 0x0) || (SIZEOF (.vector_37) <= (_vector_spacing << 0x5))), function at exception vector 37 too large)

.vector_38      0x000000009fc016c0        0x8
 *(.vector_38)
 .vector_38     0x000000009fc016c0        0x8 c:/program files/microchip/xc32/v4.60/bin/bin/../../lib/gcc/pic32mx/8.3.1/../../../../pic32mx/lib\libpic32.a(vector38.o)
                0x000000009fc016c0                __vector_dispatch_38
                0x0000000000000001                ASSERT (((_vector_spacing == 0x0) || (SIZEOF (.vector_38) <= (_vector_spacing << 0x5))), function at exception vector 38 too large)

.vector_39      0x000000009fc016e0        0x8
 *(.vector_39)
 .vector_39     0x000000009fc016e0        0x8 c:/program files/microchip/xc32/v4.60/bin/bin/../../lib/gcc/pic32mx/8.3.1/../../../../pic32mx/lib\libpic32.a(vector39.o)
                0x000000009fc016e0                __vector_dispatch_39
                0x0000000000000001                ASSERT (((_vector_spacing == 0x0) || (SIZEOF (.vector_39) <= (_vector_spacing << 0x5))), function at exception vector 39 too large)

.vector_40      0x000000009fc01700        0x8
 *(.vector_40)
 .vector_40     0x000000009fc01700        0x8 c:/program files/microchip/xc32/v4.60/bin/bin/../../lib/gcc/pic32mx/8.3.1/../../../../pic32mx/lib\libpic32.a(vector40.o)
                0x000000009fc01700                __vector_dispatch_40
                0x0000000000000001                ASSERT (((_vector_spacing == 0x0) || (SIZEOF (.vector_40) <= (_vector_spacing << 0x5))), function at exception vector 40 too large)

.vector_41      0x000000009fc01720        0x8
 *(.vector_41)
 .vector_41     0x000000009fc01720        0x8 c:/program files/microchip/xc32/v4.60/bin/bin/../../lib/gcc/pic32mx/8.3.1/../../../../pic32mx/lib\libpic32.a(vector41.o)
                0x000000009fc01720                __vector_dispatch_41
                0x0000000000000001                ASSERT (((_vector_spacing == 0x0) || (SIZEOF (.vector_41) <= (_vector_spacing << 0x5))), function at exception vector 41 too large)

.vector_42      0x000000009fc01740        0x8
 *(.vector_42)
 .vector_42     0x000000009fc01740        0x8 c:/program files/microchip/xc32/v4.60/bin/bin/../../lib/gcc/pic32mx/8.3.1/../../../../pic32mx/lib\libpic32.a(vector42.o)
                0x000000009fc01740                __vector_dispatch_42
                0x0000000000000001                ASSERT (((_vector_spacing == 0x0) || (SIZEOF (.vector_42) <= (_vector_spacing << 0x5))), function at exception vector 42 too large)

.vector_43      0x000000009fc01760        0x8
 *(.vector_43)
 .vector_43     0x000000009fc01760        0x8 c:/program files/microchip/xc32/v4.60/bin/bin/../../lib/gcc/pic32mx/8.3.1/../../../../pic32mx/lib\libpic32.a(vector43.o)
                0x000000009fc01760                __vector_dispatch_43
                0x0000000000000001                ASSERT (((_vector_spacing == 0x0) || (SIZEOF (.vector_43) <= (_vector_spacing << 0x5))), function at exception vector 43 too large)

.vector_44      0x000000009fc01780        0x8
 *(.vector_44)
 .vector_44     0x000000009fc01780        0x8 c:/program files/microchip/xc32/v4.60/bin/bin/../../lib/gcc/pic32mx/8.3.1/../../../../pic32mx/lib\libpic32.a(vector44.o)
                0x000000009fc01780                __vector_dispatch_44
                0x0000000000000001                ASSERT (((_vector_spacing == 0x0) || (SIZEOF (.vector_44) <= (_vector_spacing << 0x5))), function at exception vector 44 too large)

.vector_45      0x000000009fc017a0        0x0
 *(.vector_45)
                0x0000000000000001                ASSERT (((_vector_spacing == 0x0) || (SIZEOF (.vector_45) <= (_vector_spacing << 0x5))), function at exception vector 45 too large)

.vector_46      0x000000009fc017c0        0x0
 *(.vector_46)
                0x0000000000000001                ASSERT (((_vector_spacing == 0x0) || (SIZEOF (.vector_46) <= (_vector_spacing << 0x5))), function at exception vector 46 too large)

.vector_47      0x000000009fc017e0        0x0
 *(.vector_47)
                0x0000000000000001                ASSERT (((_vector_spacing == 0x0) || (SIZEOF (.vector_47) <= (_vector_spacing << 0x5))), function at exception vector 47 too large)

.vector_48      0x000000009fc01800        0x0
 *(.vector_48)
                0x0000000000000001                ASSERT (((_vector_spacing == 0x0) || (SIZEOF (.vector_48) <= (_vector_spacing << 0x5))), function at exception vector 48 too large)

.vector_49      0x000000009fc01820        0x0
 *(.vector_49)
                0x0000000000000001                ASSERT (((_vector_spacing == 0x0) || (SIZEOF (.vector_49) <= (_vector_spacing << 0x5))), function at exception vector 49 too large)

.vector_50      0x000000009fc01840        0x0
 *(.vector_50)
                0x0000000000000001                ASSERT (((_vector_spacing == 0x0) || (SIZEOF (.vector_50) <= (_vector_spacing << 0x5))), function at exception vector 50 too large)

.vector_51      0x000000009fc01860        0x0
 *(.vector_51)
                0x0000000000000001                ASSERT (((_vector_spacing == 0x0) || (SIZEOF (.vector_51) <= (_vector_spacing << 0x5))), function at exception vector 51 too large)

.vector_52      0x000000009fc01880        0x0
 *(.vector_52)
                0x0000000000000001                ASSERT (((_vector_spacing == 0x0) || (SIZEOF (.vector_52) <= (_vector_spacing << 0x5))), function at exception vector 52 too large)

.vector_53      0x000000009fc018a0        0x0
 *(.vector_53)
                0x0000000000000001                ASSERT (((_vector_spacing == 0x0) || (SIZEOF (.vector_53) <= (_vector_spacing << 0x5))), function at exception vector 53 too large)

.vector_54      0x000000009fc018c0        0x0
 *(.vector_54)
                0x0000000000000001                ASSERT (((_vector_spacing == 0x0) || (SIZEOF (.vector_54) <= (_vector_spacing << 0x5))), function at exception vector 54 too large)

.vector_55      0x000000009fc018e0        0x0
 *(.vector_55)
                0x0000000000000001                ASSERT (((_vector_spacing == 0x0) || (SIZEOF (.vector_55) <= (_vector_spacing << 0x5))), function at exception vector 55 too large)

.vector_56      0x000000009fc01900        0x0
 *(.vector_56)
                0x0000000000000001                ASSERT (((_vector_spacing == 0x0) || (SIZEOF (.vector_56) <= (_vector_spacing << 0x5))), function at exception vector 56 too large)

.vector_57      0x000000009fc01920        0x0
 *(.vector_57)
                0x0000000000000001                ASSERT (((_vector_spacing == 0x0) || (SIZEOF (.vector_57) <= (_vector_spacing << 0x5))), function at exception vector 57 too large)

.vector_58      0x000000009fc01940        0x0
 *(.vector_58)
                0x0000000000000001                ASSERT (((_vector_spacing == 0x0) || (SIZEOF (.vector_58) <= (_vector_spacing << 0x5))), function at exception vector 58 too large)

.vector_59      0x000000009fc01960        0x0
 *(.vector_59)
                0x0000000000000001                ASSERT (((_vector_spacing == 0x0) || (SIZEOF (.vector_59) <= (_vector_spacing << 0x5))), function at exception vector 59 too large)

.vector_60      0x000000009fc01980        0x0
 *(.vector_60)
                0x0000000000000001                ASSERT (((_vector_spacing == 0x0) || (SIZEOF (.vector_60) <= (_vector_spacing << 0x5))), function at exception vector 60 too large)

.vector_61      0x000000009fc019a0        0x0
 *(.vector_61)
                0x0000000000000001                ASSERT (((_vector_spacing == 0x0) || (SIZEOF (.vector_61) <= (_vector_spacing << 0x5))), function at exception vector 61 too large)

.vector_62      0x000000009fc019c0        0x0
 *(.vector_62)
                0x0000000000000001                ASSERT (((_vector_spacing == 0x0) || (SIZEOF (.vector_62) <= (_vector_spacing << 0x5))), function at exception vector 62 too large)

.vector_63      0x000000009fc019e0        0x0
 *(.vector_63)
                0x0000000000000001                ASSERT (((_vector_spacing == 0x0) || (SIZEOF (.vector_63) <= (_vector_spacing << 0x5))), function at exception vector 63 too large)

.startup
 *(.startup)

.text           0x000000009d000000        0x0
 *(.stub .gnu.linkonce.t.*)
 *(.text.*personality*)
 *(.mips16.fn.*)
 *(.mips16.call.*)
 *(.gnu.warning)
                0x000000009d000000                . = ALIGN (0x4)

.init           0x000000009d000000        0x0
 *crti.o(.init)
 *crtbegin.o(.init)
 *(EXCLUDE_FILE(*crtn.o *crtend?.o *crtend.o) .init)
 *crtend.o(.init)
 *crtn.o(.init)
                0x000000009d000000                . = ALIGN (0x4)

.fini           0x000000009d000000        0x0
 *(.fini)
                0x000000009d000000                . = ALIGN (0x4)

.preinit_array  0x000000009d000000        0x0
                [!provide]                        PROVIDE (__preinit_array_start = .)
 *(.preinit_array)
                [!provide]                        PROVIDE (__preinit_array_end = .)
                0x000000009d000000                . = ALIGN (0x4)

.init_array     0x000000009d000000        0x0
                [!provide]                        PROVIDE (__init_array_start = .)
 *(SORT_BY_NAME(.init_array.*))
 *(.init_array)
                [!provide]                        PROVIDE (__init_array_end = .)
                0x000000009d000000                . = ALIGN (0x4)

.fini_array     0x000000009d000000        0x0
                [!provide]                        PROVIDE (__fini_array_start = .)
 *(SORT_BY_NAME(.fini_array.*))
 *(.fini_array)
                [!provide]                        PROVIDE (__fini_array_end = .)
                0x000000009d000000                . = ALIGN (0x4)

.ctors          0x000000009d000000        0x0
 *crtbegin.o(.ctors)
 *crtbegin?.o(.ctors)
 *(EXCLUDE_FILE(*crtend?.o *crtend.o) .ctors)
 *(SORT_BY_NAME(.ctors.*))
 *(.ctors)
                0x000000009d000000                . = ALIGN (0x4)

.dtors          0x000000009d000000        0x0
 *crtbegin.o(.dtors)
 *crtbegin?.o(.dtors)
 *(EXCLUDE_FILE(*crtend?.o *crtend.o) .dtors)
 *(SORT_BY_NAME(.dtors.*))
 *(.dtors)
                0x000000009d000000                . = ALIGN (0x4)

.rodata         0x000000009d000000        0x0
 *(.gnu.linkonce.r.*)
 *(.rodata1)
                0x000000009d000000                . = ALIGN (0x4)

.sdata2         0x000000009d000000        0x0
 *(.sdata2 .sdata2.* .gnu.linkonce.s2.*)
                0x000000009d000000                . = ALIGN (0x4)

.sbss2          0x000000009d000000        0x0
 *(.sbss2 .sbss2.* .gnu.linkonce.sb2.*)
                0x000000009d000000                . = ALIGN (0x4)

.eh_frame_hdr
 *(.eh_frame_hdr)
                0x000000009d000000                . = ALIGN (0x4)

.eh_frame
 *(.eh_frame)
                0x000000009d000000                . = ALIGN (0x4)

.gcc_except_table
 *(.gcc_except_table .gcc_except_table.*)
                0x000000009d000000                . = ALIGN (0x4)

.dbg_data       0x00000000a0000000        0x0
                0x00000000a0000000                . = (. + DEFINED (_DEBUGGER)?0x200:0x0)

.jcr            0x00000000a0000000        0x0
 *(.jcr)
                0x00000000a0000000                . = ALIGN (0x4)

.eh_frame
 *(.eh_frame)
                0x00000000a0000000                . = ALIGN (0x4)

.gcc_except_table
 *(.gcc_except_table .gcc_except_table.*)
                0x00000000a0000000                . = ALIGN (0x4)

.persist        0x00000000a0000000        0x0
                0x00000000a0000000                _persist_begin = .
 *(.persist .persist.*)
                0x00000000a0000000                . = ALIGN (0x4)
                0x00000000a0000000                _persist_end = .

.data           0x00000000a0000000        0x0
 *(.gnu.linkonce.d.*)
 *(.data1)
                0x00000000a0000000                . = ALIGN (0x4)
                0x00000000a0000000                . = .
                0x00000000a0007ff0                _gp = (ALIGN (0x10) + 0x7ff0)

.got            0x00000000a0000000        0x0
 *(.got.plt)
 *(.got)
                0x00000000a0000000                . = ALIGN (0x4)

.sdata          0x00000000a0000000       0x14
                0x00000000a0000000                _sdata_begin = .
 *(.sdata .sdata.* .gnu.linkonce.s.*)
 .sdata         0x00000000a0000000        0x4 build/default/production/_ext/1639450193/AD.o
 .sdata         0x00000000a0000004        0x7 build/default/production/_ext/1639450193/RC_Servo.o
 *fill*         0x00000000a000000b        0x1 
 .sdata         0x00000000a000000c        0x8 build/default/production/_ext/1639450193/TwoStepper.o
                0x00000000a0000014                . = ALIGN (0x4)
                0x00000000a0000014                _sdata_end = .

.lit8
 *(.lit8)

.lit4
 *(.lit4)
                0x00000000a0000014                . = ALIGN (0x4)
                0x00000000a0000014                _data_end = .
                0x00000000a0000014                _bss_begin = .

.sbss           0x00000000a0000014      0x180
                0x00000000a0000014                _sbss_begin = .
 *(.dynsbss)
 *(.sbss .sbss.* .gnu.linkonce.sb.*)
 .sbss          0x00000000a0000014       0x24 build/default/production/_ext/1639450193/AD.o
 .sbss          0x00000000a0000038        0xc build/default/production/_ext/1639450193/HallSensor.o
 .sbss          0x00000000a0000044        0x2 build/default/production/_ext/1639450193/LED.o
 *fill*         0x00000000a0000046        0x2 
 .sbss          0x00000000a0000048       0x10 build/default/production/_ext/1639450193/ping.o
                0x00000000a0000050                risingEdge
                0x00000000a0000052                fallingEdge
 .sbss          0x00000000a0000058        0xc build/default/production/_ext/1639450193/pwm.o
 .sbss          0x00000000a0000064       0x12 build/default/production/_ext/1639450193/RC_Servo.o
                0x00000000a0000064                RCenabled
 *fill*         0x00000000a0000076        0x2 
 .sbss          0x00000000a0000078       0x1a build/default/production/_ext/1639450193/Snackoboto.o
 *fill*         0x00000000a0000092        0x2 
 .sbss          0x00000000a0000094        0xe build/default/production/_ext/2035180596/serial.o
 *fill*         0x00000000a00000a2        0x2 
 .sbss          0x00000000a00000a4       0x26 build/default/production/_ext/1639450193/TwoStepper.o
 .sbss          0x00000000a00000ca        0x4 build/default/production/_ext/330559661/IRPeakEventChecker.o
 *fill*         0x00000000a00000ce        0x2 
 .sbss          0x00000000a00000d0        0x4 build/default/production/_ext/330559661/TapeEventChecker.o
 .sbss          0x00000000a00000d4        0x5 build/default/production/_ext/330559661/ObstacleEventChecker.o
 *fill*         0x00000000a00000d9        0x3 
 .sbss          0x00000000a00000dc        0xc build/default/production/_ext/1171087748/ES_Framework.o
                0x00000000a00000dc                Ready
 .sbss          0x00000000a00000e8        0x1 build/default/production/_ext/1171087748/ES_KeyboardInput.o
 *fill*         0x00000000a00000e9        0x3 
 .sbss          0x00000000a00000ec       0x30 build/default/production/_ext/1171087748/ES_Timers.o
 .sbss          0x00000000a000011c        0xc build/default/production/_ext/1171087748/ES_TimerService.o
 .sbss          0x00000000a0000128       0x10 build/default/production/_ext/1956984033/ObstacleSubHSM.o
 .sbss          0x00000000a0000138        0x6 build/default/production/_ext/1956984033/SearchingSubHSM.o
 *fill*         0x00000000a000013e        0x2 
 .sbss          0x00000000a0000140        0xc build/default/production/_ext/1956984033/SnackobotoHSM.o
 .sbss          0x00000000a000014c        0xf build/default/production/_ext/1956984033/TargetLAimSubHSM.o
 *fill*         0x00000000a000015b        0x1 
 .sbss          0x00000000a000015c        0xc build/default/production/_ext/1956984033/TargetLSubHSM.o
 .sbss          0x00000000a0000168       0x14 build/default/production/_ext/1956984033/TargetRAimSubHSM.o
 .sbss          0x00000000a000017c        0xc build/default/production/_ext/1956984033/TargetRSubHSM.o
 .sbss          0x00000000a0000188        0xc build/default/production/_ext/330559661/KnockdownService.o
 *(.scommon)
                0x00000000a0000194                _sbss_end = .
                0x00000000a0000194                . = ALIGN (0x4)

.bss            0x00000000a0000194        0x0
 *(.dynbss)
 *(COMMON)
                0x00000000a0000194                . = ALIGN ((. != 0x0)?0x4:0x1)
                0x00000000a0000194                . = ALIGN (0x4)
                0x00000000a0000194                _end = .
                0x00000000a0000194                _bss_end = .
                0x0000000000004000                _bmxdudba_address = LENGTH (kseg1_data_mem)
                0x0000000000004000                _bmxdupba_address = LENGTH (kseg1_data_mem)

/DISCARD/
 *(.pdr)
 *(.rel.dyn)
 *(.note.GNU-stack)
 *(.note.GNU-stack)
 *(.gnu_debuglink)
 *(.gnu.lto_*)
 *(.discard)

.gptab.sdata
 *(.gptab.data)
 *(.gptab.sdata)

.gptab.sbss
 *(.gptab.bss)
 *(.gptab.sbss)

.mdebug.abi32   0x0000000000000000        0x0
 *(.mdebug.abi32)
 .mdebug.abi32  0x0000000000000000        0x0 build/default/production/_ext/659850791/main.o
 .mdebug.abi32  0x0000000000000000        0x0 build/default/production/_ext/1639450193/AD.o
 .mdebug.abi32  0x0000000000000000        0x0 build/default/production/_ext/1639450193/BOARD.o
 .mdebug.abi32  0x0000000000000000        0x0 build/default/production/_ext/1639450193/HallSensor.o
 .mdebug.abi32  0x0000000000000000        0x0 build/default/production/_ext/1639450193/IO_Ports.o
 .mdebug.abi32  0x0000000000000000        0x0 build/default/production/_ext/1639450193/IR_Sensor.o
 .mdebug.abi32  0x0000000000000000        0x0 build/default/production/_ext/1639450193/LED.o
 .mdebug.abi32  0x0000000000000000        0x0 build/default/production/_ext/1639450193/ping.o
 .mdebug.abi32  0x0000000000000000        0x0 build/default/production/_ext/1639450193/pwm.o
 .mdebug.abi32  0x0000000000000000        0x0 build/default/production/_ext/1639450193/RC_Servo.o
 .mdebug.abi32  0x0000000000000000        0x0 build/default/production/_ext/1639450193/TapeSensor.o
 .mdebug.abi32  0x0000000000000000        0x0 build/default/production/_ext/1639450193/Snackoboto.o
 .mdebug.abi32  0x0000000000000000        0x0 build/default/production/_ext/2035180596/serial.o
 .mdebug.abi32  0x0000000000000000        0x0 build/default/production/_ext/1639450193/TwoStepper.o
 .mdebug.abi32  0x0000000000000000        0x0 build/default/production/_ext/330559661/HallEventChecker.o
 .mdebug.abi32  0x0000000000000000        0x0 build/default/production/_ext/330559661/IRPeakEventChecker.o
 .mdebug.abi32  0x0000000000000000        0x0 build/default/production/_ext/330559661/TapeEventChecker.o
 .mdebug.abi32  0x0000000000000000        0x0 build/default/production/_ext/330559661/ObstacleEventChecker.o
 .mdebug.abi32  0x0000000000000000        0x0 build/default/production/_ext/1171087748/ES_CheckEvents.o
 .mdebug.abi32  0x0000000000000000        0x0 build/default/production/_ext/1171087748/ES_Framework.o
 .mdebug.abi32  0x0000000000000000        0x0 build/default/production/_ext/1171087748/ES_KeyboardInput.o
 .mdebug.abi32  0x0000000000000000        0x0 build/default/production/_ext/1171087748/ES_LookupTables.o
 .mdebug.abi32  0x0000000000000000        0x0 build/default/production/_ext/1171087748/ES_PostList.o
 .mdebug.abi32  0x0000000000000000        0x0 build/default/production/_ext/1171087748/ES_Queue.o
 .mdebug.abi32  0x0000000000000000        0x0 build/default/production/_ext/1171087748/ES_TattleTale.o
 .mdebug.abi32  0x0000000000000000        0x0 build/default/production/_ext/1171087748/ES_Timers.o
 .mdebug.abi32  0x0000000000000000        0x0 build/default/production/_ext/1171087748/ES_TimerService.o
 .mdebug.abi32  0x0000000000000000        0x0 build/default/production/_ext/1956984033/ObstacleSubHSM.o
 .mdebug.abi32  0x0000000000000000        0x0 build/default/production/_ext/1956984033/SearchingSubHSM.o
 .mdebug.abi32  0x0000000000000000        0x0 build/default/production/_ext/1956984033/SnackobotoHSM.o
 .mdebug.abi32  0x0000000000000000        0x0 build/default/production/_ext/1956984033/TargetLAimSubHSM.o
 .mdebug.abi32  0x0000000000000000        0x0 build/default/production/_ext/1956984033/TargetLSubHSM.o
 .mdebug.abi32  0x0000000000000000        0x0 build/default/production/_ext/1956984033/TargetRAimSubHSM.o
 .mdebug.abi32  0x0000000000000000        0x0 build/default/production/_ext/1956984033/TargetRSubHSM.o
 .mdebug.abi32  0x0000000000000000        0x0 build/default/production/_ext/330559661/KnockdownService.o
 .mdebug.abi32  0x0000000000000000        0x0 c:/program files/microchip/xc32/v4.60/bin/bin/../../lib/gcc/pic32mx/8.3.1\libgcc.a(floatunsisf.o)
 .mdebug.abi32  0x0000000000000000        0x0 c:/program files/microchip/xc32/v4.60/bin/bin/../../lib/gcc/pic32mx/8.3.1\libgcc.a(floatunsidf.o)
 .mdebug.abi32  0x0000000000000000        0x0 c:/program files/microchip/xc32/v4.60/bin/bin/../../lib/gcc/pic32mx/8.3.1/../../../../pic32mx/lib\libpic32.a(default-bootstrap-exception-handler.o)
 .mdebug.abi32  0x0000000000000000        0x0 c:/program files/microchip/xc32/v4.60/bin/bin/../../lib/gcc/pic32mx/8.3.1/../../../../pic32mx/lib\libpic32.a(default-on-reset.o)
 .mdebug.abi32  0x0000000000000000        0x0 c:/program files/microchip/xc32/v4.60/bin/bin/../../lib/gcc/pic32mx/8.3.1/../../../../pic32mx/lib\libpic32.a(default-on-bootstrap.o)
 .mdebug.abi32  0x0000000000000000        0x0 c:/program files/microchip/xc32/v4.60/bin/bin/../../lib/gcc/pic32mx/8.3.1/../../../../pic32mx/lib\libpic32.a(default-general-exception-handler.o)
 .mdebug.abi32  0x0000000000000000        0x0 c:/program files/microchip/xc32/v4.60/bin/bin/../../lib/gcc/pic32mx/8.3.1/../../../../pic32mx/lib\libpic32.a(defaultinterrupt.o)
 .mdebug.abi32  0x0000000000000000        0x0 c:/program files/microchip/xc32/v4.60/bin/bin/../../lib/gcc/pic32mx/8.3.1/../../../../pic32mx/lib\libc-musl.a(rand.o)
 .mdebug.abi32  0x0000000000000000        0x0 c:/program files/microchip/xc32/v4.60/bin/bin/../../lib/gcc/pic32mx/8.3.1/../../../../pic32mx/lib\libc-musl.a(__sio_printf_deEfFgGn.o)
 .mdebug.abi32  0x0000000000000000        0x0 c:/program files/microchip/xc32/v4.60/bin/bin/../../lib/gcc/pic32mx/8.3.1/../../../../pic32mx/lib\libc-musl.a(__fmt_d.o)
 .mdebug.abi32  0x0000000000000000        0x0 c:/program files/microchip/xc32/v4.60/bin/bin/../../lib/gcc/pic32mx/8.3.1/../../../../pic32mx/lib\libc-musl.a(__fmt_fp.o)
 .mdebug.abi32  0x0000000000000000        0x0 c:/program files/microchip/xc32/v4.60/bin/bin/../../lib/gcc/pic32mx/8.3.1/../../../../pic32mx/lib\libc-musl.a(__pop_float.o)
 .mdebug.abi32  0x0000000000000000        0x0 c:/program files/microchip/xc32/v4.60/bin/bin/../../lib/gcc/pic32mx/8.3.1/../../../../pic32mx/lib\libc-musl.a(__pop_int.o)
 .mdebug.abi32  0x0000000000000000        0x0 c:/program files/microchip/xc32/v4.60/bin/bin/../../lib/gcc/pic32mx/8.3.1/../../../../pic32mx/lib\libc-musl.a(__pop_ptr.o)
 .mdebug.abi32  0x0000000000000000        0x0 c:/program files/microchip/xc32/v4.60/bin/bin/../../lib/gcc/pic32mx/8.3.1/../../../../pic32mx/lib\libc-musl.a(__printf_core.o)
 .mdebug.abi32  0x0000000000000000        0x0 c:/program files/microchip/xc32/v4.60/bin/bin/../../lib/gcc/pic32mx/8.3.1/../../../../pic32mx/lib\libc-musl.a(stdout.o)
 .mdebug.abi32  0x0000000000000000        0x0 c:/program files/microchip/xc32/v4.60/bin/bin/../../lib/gcc/pic32mx/8.3.1/../../../../pic32mx/lib\libc-musl.a(puts.o)
 .mdebug.abi32  0x0000000000000000        0x0 c:/program files/microchip/xc32/v4.60/bin/bin/../../lib/gcc/pic32mx/8.3.1/../../../../pic32mx/lib\libc-musl.a(atoi.o)
 .mdebug.abi32  0x0000000000000000        0x0 c:/program files/microchip/xc32/v4.60/bin/bin/../../lib/gcc/pic32mx/8.3.1/../../../../pic32mx/lib\libc-musl.a(tolower.o)
 .mdebug.abi32  0x0000000000000000        0x0 c:/program files/microchip/xc32/v4.60/bin/bin/../../lib/gcc/pic32mx/8.3.1/../../../../pic32mx/lib\libc-musl.a(__int_vfprintf.o)
 .mdebug.abi32  0x0000000000000000        0x0 c:/program files/microchip/xc32/v4.60/bin/bin/../../lib/gcc/pic32mx/8.3.1/../../../../pic32mx/lib\libc-musl.a(fputs.o)
 .mdebug.abi32  0x0000000000000000        0x0 c:/program files/microchip/xc32/v4.60/bin/bin/../../lib/gcc/pic32mx/8.3.1/../../../../pic32mx/lib\libc-musl.a(__cvt_u.o)
 .mdebug.abi32  0x0000000000000000        0x0 c:/program files/microchip/xc32/v4.60/bin/bin/../../lib/gcc/pic32mx/8.3.1/../../../../pic32mx/lib\libc-musl.a(__io_init_needed.o)
 .mdebug.abi32  0x0000000000000000        0x0 c:/program files/microchip/xc32/v4.60/bin/bin/../../lib/gcc/pic32mx/8.3.1/../../../../pic32mx/lib\libc-musl.a(__out.o)
 .mdebug.abi32  0x0000000000000000        0x0 c:/program files/microchip/xc32/v4.60/bin/bin/../../lib/gcc/pic32mx/8.3.1/../../../../pic32mx/lib\libc-musl.a(__stdio_close.o)
 .mdebug.abi32  0x0000000000000000        0x0 c:/program files/microchip/xc32/v4.60/bin/bin/../../lib/gcc/pic32mx/8.3.1/../../../../pic32mx/lib\libc-musl.a(fwrite.o)
 .mdebug.abi32  0x0000000000000000        0x0 c:/program files/microchip/xc32/v4.60/bin/bin/../../lib/gcc/pic32mx/8.3.1/../../../../pic32mx/lib\libc-musl.a(putc.o)
 .mdebug.abi32  0x0000000000000000        0x0 c:/program files/microchip/xc32/v4.60/bin/bin/../../lib/gcc/pic32mx/8.3.1/../../../../pic32mx/lib\libc-musl.a(__init_stdio.o)
 .mdebug.abi32  0x0000000000000000        0x0 c:/program files/microchip/xc32/v4.60/bin/bin/../../lib/gcc/pic32mx/8.3.1/../../../../pic32mx/lib\libc-musl.a(__io_file_needed.o)
 .mdebug.abi32  0x0000000000000000        0x0 c:/program files/microchip/xc32/v4.60/bin/bin/../../lib/gcc/pic32mx/8.3.1/../../../../pic32mx/lib\libm-musl.a(fma.o)
 .mdebug.abi32  0x0000000000000000        0x0 c:/program files/microchip/xc32/v4.60/bin/bin/../../lib/gcc/pic32mx/8.3.1/../../../../pic32mx/lib\libm-musl.a(scalbn.o)
 .mdebug.abi32  0x0000000000000000        0x0 c:/program files/microchip/xc32/v4.60/bin/bin/../../lib/gcc/pic32mx/8.3.1/../../../../pic32mx/lib\libpic32.a(write.o)
 .mdebug.abi32  0x0000000000000000        0x0 c:/program files/microchip/xc32/v4.60/bin/bin/../../lib/gcc/pic32mx/8.3.1/../../../../pic32mx/lib\libpic32.a(lseek.o)
 .mdebug.abi32  0x0000000000000000        0x0 c:/program files/microchip/xc32/v4.60/bin/bin/../../lib/gcc/pic32mx/8.3.1/../../../../pic32mx/lib\libpic32.a(close.o)
 .mdebug.abi32  0x0000000000000000        0x0 c:/program files/microchip/xc32/v4.60/bin/bin/../../lib/gcc/pic32mx/8.3.1/../../../../pic32mx/lib\libpic32.a(errno.o)
 .mdebug.abi32  0x0000000000000000        0x0 c:/program files/microchip/xc32/v4.60/bin/bin/../../lib/gcc/pic32mx/8.3.1/../../../../pic32mx/lib\libc-size-musl.a(memcpy.o)
 .mdebug.abi32  0x0000000000000000        0x0 c:/program files/microchip/xc32/v4.60/bin/bin/../../lib/gcc/pic32mx/8.3.1/../../../../pic32mx/lib\libc-size-musl.a(memset.o)
 .mdebug.abi32  0x0000000000000000        0x0 c:/program files/microchip/xc32/v4.60/bin/bin/../../lib/gcc/pic32mx/8.3.1/../../../../pic32mx/lib\libc-size-musl.a(strlen.o)
 .mdebug.abi32  0x0000000000000000        0x0 c:/program files/microchip/xc32/v4.60/bin/bin/../../lib/gcc/pic32mx/8.3.1/../../../../pic32mx/lib\libc-size-musl.a(strcpy.o)
 .mdebug.abi32  0x0000000000000000        0x0 c:/program files/microchip/xc32/v4.60/bin/bin/../../lib/gcc/pic32mx/8.3.1/../../../../pic32mx/lib\libc-size-musl.a(stpcpy.o)
 .mdebug.abi32  0x0000000000000000        0x0 c:/program files/microchip/xc32/v4.60/bin/bin/../../lib/gcc/pic32mx/8.3.1/../../../../pic32mx/lib\libe.a(_floatdidf.o)
 .mdebug.abi32  0x0000000000000000        0x0 c:/program files/microchip/xc32/v4.60/bin/bin/../../lib/gcc/pic32mx/8.3.1\libgcc.a(_lshrdi3.o)
 .mdebug.abi32  0x0000000000000000        0x0 c:/program files/microchip/xc32/v4.60/bin/bin/../../lib/gcc/pic32mx/8.3.1\libgcc.a(_ashldi3.o)
 .mdebug.abi32  0x0000000000000000        0x0 c:/program files/microchip/xc32/v4.60/bin/bin/../../lib/gcc/pic32mx/8.3.1\libgcc.a(_udivdi3.o)
 .mdebug.abi32  0x0000000000000000        0x0 c:/program files/microchip/xc32/v4.60/bin/bin/../../lib/gcc/pic32mx/8.3.1\libgcc.a(_umoddi3.o)

.mdebug.abiN32
 *(.mdebug.abiN32)

.mdebug.abi64
 *(.mdebug.abi64)

.mdebug.abiO64
 *(.mdebug.abiO64)

.mdebug.eabi32
 *(.mdebug.eabi32)

.mdebug.eabi64
 *(.mdebug.eabi64)

.gcc_compiled_long32
 *(.gcc_compiled_long32)

.gcc_compiled_long64
 *(.gcc_compiled_long64)

.stab
 *(.stab)

.stabstr
 *(.stabstr)

.stab.excl
 *(.stab.excl)

.stab.exclstr
 *(.stab.exclstr)

.stab.index
 *(.stab.index)

.stab.indexstr
 *(.stab.indexstr)

.comment        0x0000000000000000       0xc9
 *(.comment)
 .comment       0x0000000000000000       0x2b build/default/production/_ext/659850791/main.o
                                         0x2c (size before relaxing)
 .comment       0x000000000000002b       0x2c build/default/production/_ext/1639450193/AD.o
 .comment       0x000000000000002b       0x2c build/default/production/_ext/1639450193/BOARD.o
 .comment       0x000000000000002b       0x2c build/default/production/_ext/1639450193/HallSensor.o
 .comment       0x000000000000002b       0x2c build/default/production/_ext/1639450193/IO_Ports.o
 .comment       0x000000000000002b       0x2c build/default/production/_ext/1639450193/IR_Sensor.o
 .comment       0x000000000000002b       0x2c build/default/production/_ext/1639450193/LED.o
 .comment       0x000000000000002b       0x2c build/default/production/_ext/1639450193/ping.o
 .comment       0x000000000000002b       0x2c build/default/production/_ext/1639450193/pwm.o
 .comment       0x000000000000002b       0x2c build/default/production/_ext/1639450193/RC_Servo.o
 .comment       0x000000000000002b       0x2c build/default/production/_ext/1639450193/TapeSensor.o
 .comment       0x000000000000002b       0x2c build/default/production/_ext/1639450193/Snackoboto.o
 .comment       0x000000000000002b       0x2c build/default/production/_ext/2035180596/serial.o
 .comment       0x000000000000002b       0x2c build/default/production/_ext/1639450193/TwoStepper.o
 .comment       0x000000000000002b       0x2c build/default/production/_ext/330559661/HallEventChecker.o
 .comment       0x000000000000002b       0x2c build/default/production/_ext/330559661/IRPeakEventChecker.o
 .comment       0x000000000000002b       0x2c build/default/production/_ext/330559661/TapeEventChecker.o
 .comment       0x000000000000002b       0x2c build/default/production/_ext/330559661/ObstacleEventChecker.o
 .comment       0x000000000000002b       0x2c build/default/production/_ext/1171087748/ES_CheckEvents.o
 .comment       0x000000000000002b       0x2c build/default/production/_ext/1171087748/ES_Framework.o
 .comment       0x000000000000002b       0x2c build/default/production/_ext/1171087748/ES_KeyboardInput.o
 .comment       0x000000000000002b       0x2c build/default/production/_ext/1171087748/ES_LookupTables.o
 .comment       0x000000000000002b       0x2c build/default/production/_ext/1171087748/ES_PostList.o
 .comment       0x000000000000002b       0x2c build/default/production/_ext/1171087748/ES_Queue.o
 .comment       0x000000000000002b       0x2c build/default/production/_ext/1171087748/ES_TattleTale.o
 .comment       0x000000000000002b       0x2c build/default/production/_ext/1171087748/ES_Timers.o
 .comment       0x000000000000002b       0x2c build/default/production/_ext/1171087748/ES_TimerService.o
 .comment       0x000000000000002b       0x2c build/default/production/_ext/1956984033/ObstacleSubHSM.o
 .comment       0x000000000000002b       0x2c build/default/production/_ext/1956984033/SearchingSubHSM.o
 .comment       0x000000000000002b       0x2c build/default/production/_ext/1956984033/SnackobotoHSM.o
 .comment       0x000000000000002b       0x2c build/default/production/_ext/1956984033/TargetLAimSubHSM.o
 .comment       0x000000000000002b       0x2c build/default/production/_ext/1956984033/TargetLSubHSM.o
 .comment       0x000000000000002b       0x2c build/default/production/_ext/1956984033/TargetRAimSubHSM.o
 .comment       0x000000000000002b       0x2c build/default/production/_ext/1956984033/TargetRSubHSM.o
 .comment       0x000000000000002b       0x2c build/default/production/_ext/330559661/KnockdownService.o
 .comment       0x000000000000002b       0x2c c:/program files/microchip/xc32/v4.60/bin/bin/../../lib/gcc/pic32mx/8.3.1\libgcc.a(floatunsisf.o)
 .comment       0x000000000000002b       0x2c c:/program files/microchip/xc32/v4.60/bin/bin/../../lib/gcc/pic32mx/8.3.1\libgcc.a(floatunsidf.o)
 .comment       0x000000000000002b       0x2c c:/program files/microchip/xc32/v4.60/bin/bin/../../lib/gcc/pic32mx/8.3.1/../../../../pic32mx/lib\libpic32.a(default-bootstrap-exception-handler.o)
 .comment       0x000000000000002b       0x2c c:/program files/microchip/xc32/v4.60/bin/bin/../../lib/gcc/pic32mx/8.3.1/../../../../pic32mx/lib\libpic32.a(default-on-reset.o)
 .comment       0x000000000000002b       0x2c c:/program files/microchip/xc32/v4.60/bin/bin/../../lib/gcc/pic32mx/8.3.1/../../../../pic32mx/lib\libpic32.a(default-on-bootstrap.o)
 .comment       0x000000000000002b       0x2c c:/program files/microchip/xc32/v4.60/bin/bin/../../lib/gcc/pic32mx/8.3.1/../../../../pic32mx/lib\libpic32.a(default-general-exception-handler.o)
 .comment       0x000000000000002b       0x2c c:/program files/microchip/xc32/v4.60/bin/bin/../../lib/gcc/pic32mx/8.3.1/../../../../pic32mx/lib\libpic32.a(defaultinterrupt.o)
 .comment       0x000000000000002b       0x2c c:/program files/microchip/xc32/v4.60/bin/bin/../../lib/gcc/pic32mx/8.3.1/../../../../pic32mx/lib\libc-musl.a(rand.o)
 .comment       0x000000000000002b       0x2c c:/program files/microchip/xc32/v4.60/bin/bin/../../lib/gcc/pic32mx/8.3.1/../../../../pic32mx/lib\libc-musl.a(__sio_printf_deEfFgGn.o)
 .comment       0x000000000000002b       0x2c c:/program files/microchip/xc32/v4.60/bin/bin/../../lib/gcc/pic32mx/8.3.1/../../../../pic32mx/lib\libc-musl.a(__fmt_d.o)
 .comment       0x000000000000002b       0x2c c:/program files/microchip/xc32/v4.60/bin/bin/../../lib/gcc/pic32mx/8.3.1/../../../../pic32mx/lib\libc-musl.a(__fmt_fp.o)
 .comment       0x000000000000002b       0x2c c:/program files/microchip/xc32/v4.60/bin/bin/../../lib/gcc/pic32mx/8.3.1/../../../../pic32mx/lib\libc-musl.a(__pop_float.o)
 .comment       0x000000000000002b       0x2c c:/program files/microchip/xc32/v4.60/bin/bin/../../lib/gcc/pic32mx/8.3.1/../../../../pic32mx/lib\libc-musl.a(__pop_int.o)
 .comment       0x000000000000002b       0x2c c:/program files/microchip/xc32/v4.60/bin/bin/../../lib/gcc/pic32mx/8.3.1/../../../../pic32mx/lib\libc-musl.a(__pop_ptr.o)
 .comment       0x000000000000002b       0x2c c:/program files/microchip/xc32/v4.60/bin/bin/../../lib/gcc/pic32mx/8.3.1/../../../../pic32mx/lib\libc-musl.a(__printf_core.o)
 .comment       0x000000000000002b       0x2c c:/program files/microchip/xc32/v4.60/bin/bin/../../lib/gcc/pic32mx/8.3.1/../../../../pic32mx/lib\libc-musl.a(stdout.o)
 .comment       0x000000000000002b       0x2c c:/program files/microchip/xc32/v4.60/bin/bin/../../lib/gcc/pic32mx/8.3.1/../../../../pic32mx/lib\libc-musl.a(puts.o)
 .comment       0x000000000000002b       0x2c c:/program files/microchip/xc32/v4.60/bin/bin/../../lib/gcc/pic32mx/8.3.1/../../../../pic32mx/lib\libc-musl.a(atoi.o)
 .comment       0x000000000000002b       0x2c c:/program files/microchip/xc32/v4.60/bin/bin/../../lib/gcc/pic32mx/8.3.1/../../../../pic32mx/lib\libc-musl.a(tolower.o)
 .comment       0x000000000000002b       0x2c c:/program files/microchip/xc32/v4.60/bin/bin/../../lib/gcc/pic32mx/8.3.1/../../../../pic32mx/lib\libc-musl.a(__int_vfprintf.o)
 .comment       0x000000000000002b       0x2c c:/program files/microchip/xc32/v4.60/bin/bin/../../lib/gcc/pic32mx/8.3.1/../../../../pic32mx/lib\libc-musl.a(fputs.o)
 .comment       0x000000000000002b       0x2c c:/program files/microchip/xc32/v4.60/bin/bin/../../lib/gcc/pic32mx/8.3.1/../../../../pic32mx/lib\libc-musl.a(__cvt_u.o)
 .comment       0x000000000000002b       0x2c c:/program files/microchip/xc32/v4.60/bin/bin/../../lib/gcc/pic32mx/8.3.1/../../../../pic32mx/lib\libc-musl.a(__io_init_needed.o)
 .comment       0x000000000000002b       0x2c c:/program files/microchip/xc32/v4.60/bin/bin/../../lib/gcc/pic32mx/8.3.1/../../../../pic32mx/lib\libc-musl.a(__out.o)
 .comment       0x000000000000002b       0x2c c:/program files/microchip/xc32/v4.60/bin/bin/../../lib/gcc/pic32mx/8.3.1/../../../../pic32mx/lib\libc-musl.a(__stdio_close.o)
 .comment       0x000000000000002b       0x2c c:/program files/microchip/xc32/v4.60/bin/bin/../../lib/gcc/pic32mx/8.3.1/../../../../pic32mx/lib\libc-musl.a(fwrite.o)
 .comment       0x000000000000002b       0x2c c:/program files/microchip/xc32/v4.60/bin/bin/../../lib/gcc/pic32mx/8.3.1/../../../../pic32mx/lib\libc-musl.a(putc.o)
 .comment       0x000000000000002b       0x2c c:/program files/microchip/xc32/v4.60/bin/bin/../../lib/gcc/pic32mx/8.3.1/../../../../pic32mx/lib\libc-musl.a(__init_stdio.o)
 .comment       0x000000000000002b       0x2c c:/program files/microchip/xc32/v4.60/bin/bin/../../lib/gcc/pic32mx/8.3.1/../../../../pic32mx/lib\libc-musl.a(__io_file_needed.o)
 .comment       0x000000000000002b       0x2c c:/program files/microchip/xc32/v4.60/bin/bin/../../lib/gcc/pic32mx/8.3.1/../../../../pic32mx/lib\libm-musl.a(fma.o)
 .comment       0x000000000000002b       0x2c c:/program files/microchip/xc32/v4.60/bin/bin/../../lib/gcc/pic32mx/8.3.1/../../../../pic32mx/lib\libm-musl.a(scalbn.o)
 .comment       0x000000000000002b       0x2c c:/program files/microchip/xc32/v4.60/bin/bin/../../lib/gcc/pic32mx/8.3.1/../../../../pic32mx/lib\libpic32.a(write.o)
 .comment       0x000000000000002b       0x2c c:/program files/microchip/xc32/v4.60/bin/bin/../../lib/gcc/pic32mx/8.3.1/../../../../pic32mx/lib\libpic32.a(lseek.o)
 .comment       0x000000000000002b       0x2c c:/program files/microchip/xc32/v4.60/bin/bin/../../lib/gcc/pic32mx/8.3.1/../../../../pic32mx/lib\libpic32.a(close.o)
 .comment       0x000000000000002b       0x2c c:/program files/microchip/xc32/v4.60/bin/bin/../../lib/gcc/pic32mx/8.3.1/../../../../pic32mx/lib\libpic32.a(errno.o)
 .comment       0x000000000000002b       0x2c c:/program files/microchip/xc32/v4.60/bin/bin/../../lib/gcc/pic32mx/8.3.1/../../../../pic32mx/lib\libc-size-musl.a(memcpy.o)
 .comment       0x000000000000002b       0x2c c:/program files/microchip/xc32/v4.60/bin/bin/../../lib/gcc/pic32mx/8.3.1/../../../../pic32mx/lib\libc-size-musl.a(memset.o)
 .comment       0x000000000000002b       0x2c c:/program files/microchip/xc32/v4.60/bin/bin/../../lib/gcc/pic32mx/8.3.1/../../../../pic32mx/lib\libc-size-musl.a(strlen.o)
 .comment       0x000000000000002b       0x2c c:/program files/microchip/xc32/v4.60/bin/bin/../../lib/gcc/pic32mx/8.3.1/../../../../pic32mx/lib\libc-size-musl.a(strcpy.o)
 .comment       0x000000000000002b       0x2c c:/program files/microchip/xc32/v4.60/bin/bin/../../lib/gcc/pic32mx/8.3.1/../../../../pic32mx/lib\libc-size-musl.a(stpcpy.o)
 .comment       0x000000000000002b       0x9e c:/program files/microchip/xc32/v4.60/bin/bin/../../lib/gcc/pic32mx/8.3.1/../../../../pic32mx/lib\libe.a(_floatdidf.o)
                                         0xca (size before relaxing)
 .comment       0x00000000000000c9       0x2c c:/program files/microchip/xc32/v4.60/bin/bin/../../lib/gcc/pic32mx/8.3.1\libgcc.a(_lshrdi3.o)
 .comment       0x00000000000000c9       0x2c c:/program files/microchip/xc32/v4.60/bin/bin/../../lib/gcc/pic32mx/8.3.1\libgcc.a(_ashldi3.o)
 .comment       0x00000000000000c9       0x2c c:/program files/microchip/xc32/v4.60/bin/bin/../../lib/gcc/pic32mx/8.3.1\libgcc.a(_udivdi3.o)
 .comment       0x00000000000000c9       0x2c c:/program files/microchip/xc32/v4.60/bin/bin/../../lib/gcc/pic32mx/8.3.1\libgcc.a(_umoddi3.o)

.debug
 *.elf(.debug)
 *(.debug)

.line
 *.elf(.line)
 *(.line)

.debug_srcinfo
 *.elf(.debug_srcinfo)
 *(.debug_srcinfo)

.debug_sfnames
 *.elf(.debug_sfnames)
 *(.debug_sfnames)

.debug_aranges  0x0000000000000000      0xa68
 *.elf(.debug_aranges)
 *(.debug_aranges)
 .debug_aranges
                0x0000000000000000       0x20 build/default/production/_ext/659850791/main.o
 .debug_aranges
                0x0000000000000020       0x20 build/default/production/_ext/1639450193/AD.o
 .debug_aranges
                0x0000000000000040       0x20 build/default/production/_ext/1639450193/BOARD.o
 .debug_aranges
                0x0000000000000060       0x20 build/default/production/_ext/1639450193/HallSensor.o
 .debug_aranges
                0x0000000000000080       0x20 build/default/production/_ext/1639450193/IO_Ports.o
 .debug_aranges
                0x00000000000000a0       0x20 build/default/production/_ext/1639450193/IR_Sensor.o
 .debug_aranges
                0x00000000000000c0       0x20 build/default/production/_ext/1639450193/LED.o
 .debug_aranges
                0x00000000000000e0       0x20 build/default/production/_ext/1639450193/ping.o
 .debug_aranges
                0x0000000000000100       0x20 build/default/production/_ext/1639450193/pwm.o
 .debug_aranges
                0x0000000000000120       0x20 build/default/production/_ext/1639450193/RC_Servo.o
 .debug_aranges
                0x0000000000000140       0x20 build/default/production/_ext/1639450193/TapeSensor.o
 .debug_aranges
                0x0000000000000160       0x20 build/default/production/_ext/1639450193/Snackoboto.o
 .debug_aranges
                0x0000000000000180       0x20 build/default/production/_ext/2035180596/serial.o
 .debug_aranges
                0x00000000000001a0       0x20 build/default/production/_ext/1639450193/TwoStepper.o
 .debug_aranges
                0x00000000000001c0       0x20 build/default/production/_ext/330559661/HallEventChecker.o
 .debug_aranges
                0x00000000000001e0       0x20 build/default/production/_ext/330559661/IRPeakEventChecker.o
 .debug_aranges
                0x0000000000000200       0x20 build/default/production/_ext/330559661/TapeEventChecker.o
 .debug_aranges
                0x0000000000000220       0x20 build/default/production/_ext/330559661/ObstacleEventChecker.o
 .debug_aranges
                0x0000000000000240       0x20 build/default/production/_ext/1171087748/ES_CheckEvents.o
 .debug_aranges
                0x0000000000000260       0x20 build/default/production/_ext/1171087748/ES_Framework.o
 .debug_aranges
                0x0000000000000280       0x20 build/default/production/_ext/1171087748/ES_KeyboardInput.o
 .debug_aranges
                0x00000000000002a0       0x18 build/default/production/_ext/1171087748/ES_LookupTables.o
 .debug_aranges
                0x00000000000002b8       0x18 build/default/production/_ext/1171087748/ES_PostList.o
 .debug_aranges
                0x00000000000002d0       0x20 build/default/production/_ext/1171087748/ES_Queue.o
 .debug_aranges
                0x00000000000002f0       0x18 build/default/production/_ext/1171087748/ES_TattleTale.o
 .debug_aranges
                0x0000000000000308       0x20 build/default/production/_ext/1171087748/ES_Timers.o
 .debug_aranges
                0x0000000000000328       0x20 build/default/production/_ext/1171087748/ES_TimerService.o
 .debug_aranges
                0x0000000000000348       0x20 build/default/production/_ext/1956984033/ObstacleSubHSM.o
 .debug_aranges
                0x0000000000000368       0x20 build/default/production/_ext/1956984033/SearchingSubHSM.o
 .debug_aranges
                0x0000000000000388       0x20 build/default/production/_ext/1956984033/SnackobotoHSM.o
 .debug_aranges
                0x00000000000003a8       0x20 build/default/production/_ext/1956984033/TargetLAimSubHSM.o
 .debug_aranges
                0x00000000000003c8       0x20 build/default/production/_ext/1956984033/TargetLSubHSM.o
 .debug_aranges
                0x00000000000003e8       0x20 build/default/production/_ext/1956984033/TargetRAimSubHSM.o
 .debug_aranges
                0x0000000000000408       0x20 build/default/production/_ext/1956984033/TargetRSubHSM.o
 .debug_aranges
                0x0000000000000428       0x20 build/default/production/_ext/330559661/KnockdownService.o
 .debug_aranges
                0x0000000000000448       0x20 c:/program files/microchip/xc32/v4.60/bin/bin/../../lib/gcc/pic32mx/8.3.1\libgcc.a(floatunsisf.o)
 .debug_aranges
                0x0000000000000468       0x20 c:/program files/microchip/xc32/v4.60/bin/bin/../../lib/gcc/pic32mx/8.3.1\libgcc.a(floatunsidf.o)
 .debug_aranges
                0x0000000000000488       0x20 c:/program files/microchip/xc32/v4.60/bin/bin/../../lib/gcc/pic32mx/8.3.1/../../../../pic32mx/lib\libpic32.a(default-bootstrap-exception-handler.o)
 .debug_aranges
                0x00000000000004a8       0x20 c:/program files/microchip/xc32/v4.60/bin/bin/../../lib/gcc/pic32mx/8.3.1/../../../../pic32mx/lib\libpic32.a(default-on-reset.o)
 .debug_aranges
                0x00000000000004c8       0x20 c:/program files/microchip/xc32/v4.60/bin/bin/../../lib/gcc/pic32mx/8.3.1/../../../../pic32mx/lib\libpic32.a(default-on-bootstrap.o)
 .debug_aranges
                0x00000000000004e8       0x20 c:/program files/microchip/xc32/v4.60/bin/bin/../../lib/gcc/pic32mx/8.3.1/../../../../pic32mx/lib\libpic32.a(default-general-exception-handler.o)
 .debug_aranges
                0x0000000000000508       0x20 c:/program files/microchip/xc32/v4.60/bin/bin/../../lib/gcc/pic32mx/8.3.1/../../../../pic32mx/lib\libpic32.a(defaultinterrupt.o)
 .debug_aranges
                0x0000000000000528       0x28 c:/program files/microchip/xc32/v4.60/bin/bin/../../lib/gcc/pic32mx/8.3.1/../../../../pic32mx/lib\libc-musl.a(rand.o)
 .debug_aranges
                0x0000000000000550       0x28 c:/program files/microchip/xc32/v4.60/bin/bin/../../lib/gcc/pic32mx/8.3.1/../../../../pic32mx/lib\libc-musl.a(__sio_printf_deEfFgGn.o)
 .debug_aranges
                0x0000000000000578       0x20 c:/program files/microchip/xc32/v4.60/bin/bin/../../lib/gcc/pic32mx/8.3.1/../../../../pic32mx/lib\libc-musl.a(__fmt_d.o)
 .debug_aranges
                0x0000000000000598       0x20 c:/program files/microchip/xc32/v4.60/bin/bin/../../lib/gcc/pic32mx/8.3.1/../../../../pic32mx/lib\libc-musl.a(__fmt_fp.o)
 .debug_aranges
                0x00000000000005b8       0x20 c:/program files/microchip/xc32/v4.60/bin/bin/../../lib/gcc/pic32mx/8.3.1/../../../../pic32mx/lib\libc-musl.a(__pop_float.o)
 .debug_aranges
                0x00000000000005d8       0x20 c:/program files/microchip/xc32/v4.60/bin/bin/../../lib/gcc/pic32mx/8.3.1/../../../../pic32mx/lib\libc-musl.a(__pop_int.o)
 .debug_aranges
                0x00000000000005f8       0x20 c:/program files/microchip/xc32/v4.60/bin/bin/../../lib/gcc/pic32mx/8.3.1/../../../../pic32mx/lib\libc-musl.a(__pop_ptr.o)
 .debug_aranges
                0x0000000000000618       0x50 c:/program files/microchip/xc32/v4.60/bin/bin/../../lib/gcc/pic32mx/8.3.1/../../../../pic32mx/lib\libc-musl.a(__printf_core.o)
 .debug_aranges
                0x0000000000000668       0x30 c:/program files/microchip/xc32/v4.60/bin/bin/../../lib/gcc/pic32mx/8.3.1/../../../../pic32mx/lib\libc-musl.a(stdout.o)
 .debug_aranges
                0x0000000000000698       0x20 c:/program files/microchip/xc32/v4.60/bin/bin/../../lib/gcc/pic32mx/8.3.1/../../../../pic32mx/lib\libc-musl.a(puts.o)
 .debug_aranges
                0x00000000000006b8       0x20 c:/program files/microchip/xc32/v4.60/bin/bin/../../lib/gcc/pic32mx/8.3.1/../../../../pic32mx/lib\libc-musl.a(atoi.o)
 .debug_aranges
                0x00000000000006d8       0x28 c:/program files/microchip/xc32/v4.60/bin/bin/../../lib/gcc/pic32mx/8.3.1/../../../../pic32mx/lib\libc-musl.a(tolower.o)
 .debug_aranges
                0x0000000000000700       0x20 c:/program files/microchip/xc32/v4.60/bin/bin/../../lib/gcc/pic32mx/8.3.1/../../../../pic32mx/lib\libc-musl.a(__int_vfprintf.o)
 .debug_aranges
                0x0000000000000720       0x20 c:/program files/microchip/xc32/v4.60/bin/bin/../../lib/gcc/pic32mx/8.3.1/../../../../pic32mx/lib\libc-musl.a(fputs.o)
 .debug_aranges
                0x0000000000000740       0x20 c:/program files/microchip/xc32/v4.60/bin/bin/../../lib/gcc/pic32mx/8.3.1/../../../../pic32mx/lib\libc-musl.a(__cvt_u.o)
 .debug_aranges
                0x0000000000000760       0x28 c:/program files/microchip/xc32/v4.60/bin/bin/../../lib/gcc/pic32mx/8.3.1/../../../../pic32mx/lib\libc-musl.a(__io_init_needed.o)
 .debug_aranges
                0x0000000000000788       0x28 c:/program files/microchip/xc32/v4.60/bin/bin/../../lib/gcc/pic32mx/8.3.1/../../../../pic32mx/lib\libc-musl.a(__out.o)
 .debug_aranges
                0x00000000000007b0       0x28 c:/program files/microchip/xc32/v4.60/bin/bin/../../lib/gcc/pic32mx/8.3.1/../../../../pic32mx/lib\libc-musl.a(__stdio_close.o)
 .debug_aranges
                0x00000000000007d8       0x28 c:/program files/microchip/xc32/v4.60/bin/bin/../../lib/gcc/pic32mx/8.3.1/../../../../pic32mx/lib\libc-musl.a(fwrite.o)
 .debug_aranges
                0x0000000000000800       0x30 c:/program files/microchip/xc32/v4.60/bin/bin/../../lib/gcc/pic32mx/8.3.1/../../../../pic32mx/lib\libc-musl.a(putc.o)
 .debug_aranges
                0x0000000000000830       0x28 c:/program files/microchip/xc32/v4.60/bin/bin/../../lib/gcc/pic32mx/8.3.1/../../../../pic32mx/lib\libc-musl.a(__init_stdio.o)
 .debug_aranges
                0x0000000000000858       0x20 c:/program files/microchip/xc32/v4.60/bin/bin/../../lib/gcc/pic32mx/8.3.1/../../../../pic32mx/lib\libc-musl.a(__io_file_needed.o)
 .debug_aranges
                0x0000000000000878       0x30 c:/program files/microchip/xc32/v4.60/bin/bin/../../lib/gcc/pic32mx/8.3.1/../../../../pic32mx/lib\libm-musl.a(fma.o)
 .debug_aranges
                0x00000000000008a8       0x20 c:/program files/microchip/xc32/v4.60/bin/bin/../../lib/gcc/pic32mx/8.3.1/../../../../pic32mx/lib\libm-musl.a(scalbn.o)
 .debug_aranges
                0x00000000000008c8       0x20 c:/program files/microchip/xc32/v4.60/bin/bin/../../lib/gcc/pic32mx/8.3.1/../../../../pic32mx/lib\libpic32.a(write.o)
 .debug_aranges
                0x00000000000008e8       0x20 c:/program files/microchip/xc32/v4.60/bin/bin/../../lib/gcc/pic32mx/8.3.1/../../../../pic32mx/lib\libpic32.a(lseek.o)
 .debug_aranges
                0x0000000000000908       0x20 c:/program files/microchip/xc32/v4.60/bin/bin/../../lib/gcc/pic32mx/8.3.1/../../../../pic32mx/lib\libpic32.a(close.o)
 .debug_aranges
                0x0000000000000928       0x20 c:/program files/microchip/xc32/v4.60/bin/bin/../../lib/gcc/pic32mx/8.3.1/../../../../pic32mx/lib\libc-size-musl.a(memcpy.o)
 .debug_aranges
                0x0000000000000948       0x20 c:/program files/microchip/xc32/v4.60/bin/bin/../../lib/gcc/pic32mx/8.3.1/../../../../pic32mx/lib\libc-size-musl.a(memset.o)
 .debug_aranges
                0x0000000000000968       0x20 c:/program files/microchip/xc32/v4.60/bin/bin/../../lib/gcc/pic32mx/8.3.1/../../../../pic32mx/lib\libc-size-musl.a(strlen.o)
 .debug_aranges
                0x0000000000000988       0x20 c:/program files/microchip/xc32/v4.60/bin/bin/../../lib/gcc/pic32mx/8.3.1/../../../../pic32mx/lib\libc-size-musl.a(strcpy.o)
 .debug_aranges
                0x00000000000009a8       0x20 c:/program files/microchip/xc32/v4.60/bin/bin/../../lib/gcc/pic32mx/8.3.1/../../../../pic32mx/lib\libc-size-musl.a(stpcpy.o)
 .debug_aranges
                0x00000000000009c8       0x20 c:/program files/microchip/xc32/v4.60/bin/bin/../../lib/gcc/pic32mx/8.3.1/../../../../pic32mx/lib\libe.a(_floatdidf.o)
 .debug_aranges
                0x00000000000009e8       0x20 c:/program files/microchip/xc32/v4.60/bin/bin/../../lib/gcc/pic32mx/8.3.1\libgcc.a(_lshrdi3.o)
 .debug_aranges
                0x0000000000000a08       0x20 c:/program files/microchip/xc32/v4.60/bin/bin/../../lib/gcc/pic32mx/8.3.1\libgcc.a(_ashldi3.o)
 .debug_aranges
                0x0000000000000a28       0x20 c:/program files/microchip/xc32/v4.60/bin/bin/../../lib/gcc/pic32mx/8.3.1\libgcc.a(_udivdi3.o)
 .debug_aranges
                0x0000000000000a48       0x20 c:/program files/microchip/xc32/v4.60/bin/bin/../../lib/gcc/pic32mx/8.3.1\libgcc.a(_umoddi3.o)

.debug_pubnames
 *.elf(.debug_pubnames)
 *(.debug_pubnames)

.debug_info     0x0000000000000000    0x10547
 *.elf(.debug_info .gnu.linkonce.wi.*)
 *(.debug_info .gnu.linkonce.wi.*)
 .debug_info    0x0000000000000000      0x17b build/default/production/_ext/659850791/main.o
 .debug_info    0x000000000000017b      0xca0 build/default/production/_ext/1639450193/AD.o
 .debug_info    0x0000000000000e1b      0x189 build/default/production/_ext/1639450193/BOARD.o
 .debug_info    0x0000000000000fa4      0x137 build/default/production/_ext/1639450193/HallSensor.o
 .debug_info    0x00000000000010db      0xcac build/default/production/_ext/1639450193/IO_Ports.o
 .debug_info    0x0000000000001d87       0xf9 build/default/production/_ext/1639450193/IR_Sensor.o
 .debug_info    0x0000000000001e80      0xa36 build/default/production/_ext/1639450193/LED.o
 .debug_info    0x00000000000028b6     0x112d build/default/production/_ext/1639450193/ping.o
 .debug_info    0x00000000000039e3      0x55a build/default/production/_ext/1639450193/pwm.o
 .debug_info    0x0000000000003f3d      0xc9c build/default/production/_ext/1639450193/RC_Servo.o
 .debug_info    0x0000000000004bd9       0xac build/default/production/_ext/1639450193/TapeSensor.o
 .debug_info    0x0000000000004c85      0x580 build/default/production/_ext/1639450193/Snackoboto.o
 .debug_info    0x0000000000005205      0xcd5 build/default/production/_ext/2035180596/serial.o
 .debug_info    0x0000000000005eda     0x17be build/default/production/_ext/1639450193/TwoStepper.o
 .debug_info    0x0000000000007698       0xca build/default/production/_ext/330559661/HallEventChecker.o
 .debug_info    0x0000000000007762      0x25c build/default/production/_ext/330559661/IRPeakEventChecker.o
 .debug_info    0x00000000000079be      0x1f8 build/default/production/_ext/330559661/TapeEventChecker.o
 .debug_info    0x0000000000007bb6      0x205 build/default/production/_ext/330559661/ObstacleEventChecker.o
 .debug_info    0x0000000000007dbb      0x11c build/default/production/_ext/1171087748/ES_CheckEvents.o
 .debug_info    0x0000000000007ed7      0x45e build/default/production/_ext/1171087748/ES_Framework.o
 .debug_info    0x0000000000008335      0x26b build/default/production/_ext/1171087748/ES_KeyboardInput.o
 .debug_info    0x00000000000085a0       0xd1 build/default/production/_ext/1171087748/ES_LookupTables.o
 .debug_info    0x0000000000008671       0x91 build/default/production/_ext/1171087748/ES_PostList.o
 .debug_info    0x0000000000008702      0x30c build/default/production/_ext/1171087748/ES_Queue.o
 .debug_info    0x0000000000008a0e       0x9f build/default/production/_ext/1171087748/ES_TattleTale.o
 .debug_info    0x0000000000008aad      0xb47 build/default/production/_ext/1171087748/ES_Timers.o
 .debug_info    0x00000000000095f4      0x312 build/default/production/_ext/1171087748/ES_TimerService.o
 .debug_info    0x0000000000009906      0x2b6 build/default/production/_ext/1956984033/ObstacleSubHSM.o
 .debug_info    0x0000000000009bbc      0x2a4 build/default/production/_ext/1956984033/SearchingSubHSM.o
 .debug_info    0x0000000000009e60      0x2c8 build/default/production/_ext/1956984033/SnackobotoHSM.o
 .debug_info    0x000000000000a128      0x2b3 build/default/production/_ext/1956984033/TargetLAimSubHSM.o
 .debug_info    0x000000000000a3db      0x282 build/default/production/_ext/1956984033/TargetLSubHSM.o
 .debug_info    0x000000000000a65d      0x2b3 build/default/production/_ext/1956984033/TargetRAimSubHSM.o
 .debug_info    0x000000000000a910      0x282 build/default/production/_ext/1956984033/TargetRSubHSM.o
 .debug_info    0x000000000000ab92      0x276 build/default/production/_ext/330559661/KnockdownService.o
 .debug_info    0x000000000000ae08       0x9d c:/program files/microchip/xc32/v4.60/bin/bin/../../lib/gcc/pic32mx/8.3.1\libgcc.a(floatunsisf.o)
 .debug_info    0x000000000000aea5       0xaf c:/program files/microchip/xc32/v4.60/bin/bin/../../lib/gcc/pic32mx/8.3.1\libgcc.a(floatunsidf.o)
 .debug_info    0x000000000000af54       0x41 c:/program files/microchip/xc32/v4.60/bin/bin/../../lib/gcc/pic32mx/8.3.1/../../../../pic32mx/lib\libpic32.a(default-bootstrap-exception-handler.o)
 .debug_info    0x000000000000af95       0x3f c:/program files/microchip/xc32/v4.60/bin/bin/../../lib/gcc/pic32mx/8.3.1/../../../../pic32mx/lib\libpic32.a(default-on-reset.o)
 .debug_info    0x000000000000afd4       0x3f c:/program files/microchip/xc32/v4.60/bin/bin/../../lib/gcc/pic32mx/8.3.1/../../../../pic32mx/lib\libpic32.a(default-on-bootstrap.o)
 .debug_info    0x000000000000b013       0x41 c:/program files/microchip/xc32/v4.60/bin/bin/../../lib/gcc/pic32mx/8.3.1/../../../../pic32mx/lib\libpic32.a(default-general-exception-handler.o)
 .debug_info    0x000000000000b054       0x40 c:/program files/microchip/xc32/v4.60/bin/bin/../../lib/gcc/pic32mx/8.3.1/../../../../pic32mx/lib\libpic32.a(defaultinterrupt.o)
 .debug_info    0x000000000000b094       0xd0 c:/program files/microchip/xc32/v4.60/bin/bin/../../lib/gcc/pic32mx/8.3.1/../../../../pic32mx/lib\libc-musl.a(rand.o)
 .debug_info    0x000000000000b164      0x1cc c:/program files/microchip/xc32/v4.60/bin/bin/../../lib/gcc/pic32mx/8.3.1/../../../../pic32mx/lib\libc-musl.a(__sio_printf_deEfFgGn.o)
 .debug_info    0x000000000000b330      0x327 c:/program files/microchip/xc32/v4.60/bin/bin/../../lib/gcc/pic32mx/8.3.1/../../../../pic32mx/lib\libc-musl.a(__fmt_d.o)
 .debug_info    0x000000000000b657      0x613 c:/program files/microchip/xc32/v4.60/bin/bin/../../lib/gcc/pic32mx/8.3.1/../../../../pic32mx/lib\libc-musl.a(__fmt_fp.o)
 .debug_info    0x000000000000bc6a      0x134 c:/program files/microchip/xc32/v4.60/bin/bin/../../lib/gcc/pic32mx/8.3.1/../../../../pic32mx/lib\libc-musl.a(__pop_float.o)
 .debug_info    0x000000000000bd9e      0x14e c:/program files/microchip/xc32/v4.60/bin/bin/../../lib/gcc/pic32mx/8.3.1/../../../../pic32mx/lib\libc-musl.a(__pop_int.o)
 .debug_info    0x000000000000beec      0x15e c:/program files/microchip/xc32/v4.60/bin/bin/../../lib/gcc/pic32mx/8.3.1/../../../../pic32mx/lib\libc-musl.a(__pop_ptr.o)
 .debug_info    0x000000000000c04a      0xa27 c:/program files/microchip/xc32/v4.60/bin/bin/../../lib/gcc/pic32mx/8.3.1/../../../../pic32mx/lib\libc-musl.a(__printf_core.o)
 .debug_info    0x000000000000ca71      0x40c c:/program files/microchip/xc32/v4.60/bin/bin/../../lib/gcc/pic32mx/8.3.1/../../../../pic32mx/lib\libc-musl.a(stdout.o)
 .debug_info    0x000000000000ce7d      0x3a3 c:/program files/microchip/xc32/v4.60/bin/bin/../../lib/gcc/pic32mx/8.3.1/../../../../pic32mx/lib\libc-musl.a(puts.o)
 .debug_info    0x000000000000d220       0xee c:/program files/microchip/xc32/v4.60/bin/bin/../../lib/gcc/pic32mx/8.3.1/../../../../pic32mx/lib\libc-musl.a(atoi.o)
 .debug_info    0x000000000000d30e      0x11b c:/program files/microchip/xc32/v4.60/bin/bin/../../lib/gcc/pic32mx/8.3.1/../../../../pic32mx/lib\libc-musl.a(tolower.o)
 .debug_info    0x000000000000d429      0x1e0 c:/program files/microchip/xc32/v4.60/bin/bin/../../lib/gcc/pic32mx/8.3.1/../../../../pic32mx/lib\libc-musl.a(__int_vfprintf.o)
 .debug_info    0x000000000000d609      0x3ad c:/program files/microchip/xc32/v4.60/bin/bin/../../lib/gcc/pic32mx/8.3.1/../../../../pic32mx/lib\libc-musl.a(fputs.o)
 .debug_info    0x000000000000d9b6      0x1d0 c:/program files/microchip/xc32/v4.60/bin/bin/../../lib/gcc/pic32mx/8.3.1/../../../../pic32mx/lib\libc-musl.a(__cvt_u.o)
 .debug_info    0x000000000000db86       0xdf c:/program files/microchip/xc32/v4.60/bin/bin/../../lib/gcc/pic32mx/8.3.1/../../../../pic32mx/lib\libc-musl.a(__io_init_needed.o)
 .debug_info    0x000000000000dc65      0x29f c:/program files/microchip/xc32/v4.60/bin/bin/../../lib/gcc/pic32mx/8.3.1/../../../../pic32mx/lib\libc-musl.a(__out.o)
 .debug_info    0x000000000000df04      0x3f6 c:/program files/microchip/xc32/v4.60/bin/bin/../../lib/gcc/pic32mx/8.3.1/../../../../pic32mx/lib\libc-musl.a(__stdio_close.o)
 .debug_info    0x000000000000e2fa      0x24c c:/program files/microchip/xc32/v4.60/bin/bin/../../lib/gcc/pic32mx/8.3.1/../../../../pic32mx/lib\libc-musl.a(fwrite.o)
 .debug_info    0x000000000000e546      0x217 c:/program files/microchip/xc32/v4.60/bin/bin/../../lib/gcc/pic32mx/8.3.1/../../../../pic32mx/lib\libc-musl.a(putc.o)
 .debug_info    0x000000000000e75d       0xb9 c:/program files/microchip/xc32/v4.60/bin/bin/../../lib/gcc/pic32mx/8.3.1/../../../../pic32mx/lib\libc-musl.a(__init_stdio.o)
 .debug_info    0x000000000000e816       0xaf c:/program files/microchip/xc32/v4.60/bin/bin/../../lib/gcc/pic32mx/8.3.1/../../../../pic32mx/lib\libc-musl.a(__io_file_needed.o)
 .debug_info    0x000000000000e8c5      0x528 c:/program files/microchip/xc32/v4.60/bin/bin/../../lib/gcc/pic32mx/8.3.1/../../../../pic32mx/lib\libm-musl.a(fma.o)
 .debug_info    0x000000000000eded      0x109 c:/program files/microchip/xc32/v4.60/bin/bin/../../lib/gcc/pic32mx/8.3.1/../../../../pic32mx/lib\libm-musl.a(scalbn.o)
 .debug_info    0x000000000000eef6       0x40 c:/program files/microchip/xc32/v4.60/bin/bin/../../lib/gcc/pic32mx/8.3.1/../../../../pic32mx/lib\libpic32.a(write.o)
 .debug_info    0x000000000000ef36       0x3f c:/program files/microchip/xc32/v4.60/bin/bin/../../lib/gcc/pic32mx/8.3.1/../../../../pic32mx/lib\libpic32.a(lseek.o)
 .debug_info    0x000000000000ef75       0x3f c:/program files/microchip/xc32/v4.60/bin/bin/../../lib/gcc/pic32mx/8.3.1/../../../../pic32mx/lib\libpic32.a(close.o)
 .debug_info    0x000000000000efb4       0xf7 c:/program files/microchip/xc32/v4.60/bin/bin/../../lib/gcc/pic32mx/8.3.1/../../../../pic32mx/lib\libc-size-musl.a(memcpy.o)
 .debug_info    0x000000000000f0ab       0xc0 c:/program files/microchip/xc32/v4.60/bin/bin/../../lib/gcc/pic32mx/8.3.1/../../../../pic32mx/lib\libc-size-musl.a(memset.o)
 .debug_info    0x000000000000f16b       0xa3 c:/program files/microchip/xc32/v4.60/bin/bin/../../lib/gcc/pic32mx/8.3.1/../../../../pic32mx/lib\libc-size-musl.a(strlen.o)
 .debug_info    0x000000000000f20e       0xbb c:/program files/microchip/xc32/v4.60/bin/bin/../../lib/gcc/pic32mx/8.3.1/../../../../pic32mx/lib\libc-size-musl.a(strcpy.o)
 .debug_info    0x000000000000f2c9       0xab c:/program files/microchip/xc32/v4.60/bin/bin/../../lib/gcc/pic32mx/8.3.1/../../../../pic32mx/lib\libc-size-musl.a(stpcpy.o)
 .debug_info    0x000000000000f374       0x77 c:/program files/microchip/xc32/v4.60/bin/bin/../../lib/gcc/pic32mx/8.3.1/../../../../pic32mx/lib\libe.a(_floatdidf.o)
 .debug_info    0x000000000000f3eb      0x1aa c:/program files/microchip/xc32/v4.60/bin/bin/../../lib/gcc/pic32mx/8.3.1\libgcc.a(_lshrdi3.o)
 .debug_info    0x000000000000f595      0x1aa c:/program files/microchip/xc32/v4.60/bin/bin/../../lib/gcc/pic32mx/8.3.1\libgcc.a(_ashldi3.o)
 .debug_info    0x000000000000f73f      0x6ca c:/program files/microchip/xc32/v4.60/bin/bin/../../lib/gcc/pic32mx/8.3.1\libgcc.a(_udivdi3.o)
 .debug_info    0x000000000000fe09      0x73e c:/program files/microchip/xc32/v4.60/bin/bin/../../lib/gcc/pic32mx/8.3.1\libgcc.a(_umoddi3.o)

.debug_abbrev   0x0000000000000000     0x4fbf
 *.elf(.debug_abbrev)
 *(.debug_abbrev)
 .debug_abbrev  0x0000000000000000       0xb6 build/default/production/_ext/659850791/main.o
 .debug_abbrev  0x00000000000000b6      0x1d3 build/default/production/_ext/1639450193/AD.o
 .debug_abbrev  0x0000000000000289       0xbf build/default/production/_ext/1639450193/BOARD.o
 .debug_abbrev  0x0000000000000348       0xa4 build/default/production/_ext/1639450193/HallSensor.o
 .debug_abbrev  0x00000000000003ec      0x1fc build/default/production/_ext/1639450193/IO_Ports.o
 .debug_abbrev  0x00000000000005e8       0x84 build/default/production/_ext/1639450193/IR_Sensor.o
 .debug_abbrev  0x000000000000066c      0x21a build/default/production/_ext/1639450193/LED.o
 .debug_abbrev  0x0000000000000886      0x172 build/default/production/_ext/1639450193/ping.o
 .debug_abbrev  0x00000000000009f8      0x1c5 build/default/production/_ext/1639450193/pwm.o
 .debug_abbrev  0x0000000000000bbd      0x241 build/default/production/_ext/1639450193/RC_Servo.o
 .debug_abbrev  0x0000000000000dfe       0x46 build/default/production/_ext/1639450193/TapeSensor.o
 .debug_abbrev  0x0000000000000e44      0x1ac build/default/production/_ext/1639450193/Snackoboto.o
 .debug_abbrev  0x0000000000000ff0      0x1f5 build/default/production/_ext/2035180596/serial.o
 .debug_abbrev  0x00000000000011e5      0x267 build/default/production/_ext/1639450193/TwoStepper.o
 .debug_abbrev  0x000000000000144c       0x88 build/default/production/_ext/330559661/HallEventChecker.o
 .debug_abbrev  0x00000000000014d4       0xe9 build/default/production/_ext/330559661/IRPeakEventChecker.o
 .debug_abbrev  0x00000000000015bd       0xd5 build/default/production/_ext/330559661/TapeEventChecker.o
 .debug_abbrev  0x0000000000001692       0xde build/default/production/_ext/330559661/ObstacleEventChecker.o
 .debug_abbrev  0x0000000000001770       0xa2 build/default/production/_ext/1171087748/ES_CheckEvents.o
 .debug_abbrev  0x0000000000001812      0x1a1 build/default/production/_ext/1171087748/ES_Framework.o
 .debug_abbrev  0x00000000000019b3      0x13c build/default/production/_ext/1171087748/ES_KeyboardInput.o
 .debug_abbrev  0x0000000000001aef       0x61 build/default/production/_ext/1171087748/ES_LookupTables.o
 .debug_abbrev  0x0000000000001b50       0x59 build/default/production/_ext/1171087748/ES_PostList.o
 .debug_abbrev  0x0000000000001ba9      0x113 build/default/production/_ext/1171087748/ES_Queue.o
 .debug_abbrev  0x0000000000001cbc       0x59 build/default/production/_ext/1171087748/ES_TattleTale.o
 .debug_abbrev  0x0000000000001d15      0x256 build/default/production/_ext/1171087748/ES_Timers.o
 .debug_abbrev  0x0000000000001f6b      0x133 build/default/production/_ext/1171087748/ES_TimerService.o
 .debug_abbrev  0x000000000000209e      0x104 build/default/production/_ext/1956984033/ObstacleSubHSM.o
 .debug_abbrev  0x00000000000021a2      0x104 build/default/production/_ext/1956984033/SearchingSubHSM.o
 .debug_abbrev  0x00000000000022a6      0x104 build/default/production/_ext/1956984033/SnackobotoHSM.o
 .debug_abbrev  0x00000000000023aa      0x104 build/default/production/_ext/1956984033/TargetLAimSubHSM.o
 .debug_abbrev  0x00000000000024ae      0x104 build/default/production/_ext/1956984033/TargetLSubHSM.o
 .debug_abbrev  0x00000000000025b2      0x104 build/default/production/_ext/1956984033/TargetRAimSubHSM.o
 .debug_abbrev  0x00000000000026b6      0x104 build/default/production/_ext/1956984033/TargetRSubHSM.o
 .debug_abbrev  0x00000000000027ba      0x104 build/default/production/_ext/330559661/KnockdownService.o
 .debug_abbrev  0x00000000000028be       0x7d c:/program files/microchip/xc32/v4.60/bin/bin/../../lib/gcc/pic32mx/8.3.1\libgcc.a(floatunsisf.o)
 .debug_abbrev  0x000000000000293b       0x7d c:/program files/microchip/xc32/v4.60/bin/bin/../../lib/gcc/pic32mx/8.3.1\libgcc.a(floatunsidf.o)
 .debug_abbrev  0x00000000000029b8       0x31 c:/program files/microchip/xc32/v4.60/bin/bin/../../lib/gcc/pic32mx/8.3.1/../../../../pic32mx/lib\libpic32.a(default-bootstrap-exception-handler.o)
 .debug_abbrev  0x00000000000029e9       0x2e c:/program files/microchip/xc32/v4.60/bin/bin/../../lib/gcc/pic32mx/8.3.1/../../../../pic32mx/lib\libpic32.a(default-on-reset.o)
 .debug_abbrev  0x0000000000002a17       0x2e c:/program files/microchip/xc32/v4.60/bin/bin/../../lib/gcc/pic32mx/8.3.1/../../../../pic32mx/lib\libpic32.a(default-on-bootstrap.o)
 .debug_abbrev  0x0000000000002a45       0x31 c:/program files/microchip/xc32/v4.60/bin/bin/../../lib/gcc/pic32mx/8.3.1/../../../../pic32mx/lib\libpic32.a(default-general-exception-handler.o)
 .debug_abbrev  0x0000000000002a76       0x31 c:/program files/microchip/xc32/v4.60/bin/bin/../../lib/gcc/pic32mx/8.3.1/../../../../pic32mx/lib\libpic32.a(defaultinterrupt.o)
 .debug_abbrev  0x0000000000002aa7       0x96 c:/program files/microchip/xc32/v4.60/bin/bin/../../lib/gcc/pic32mx/8.3.1/../../../../pic32mx/lib\libc-musl.a(rand.o)
 .debug_abbrev  0x0000000000002b3d      0x12b c:/program files/microchip/xc32/v4.60/bin/bin/../../lib/gcc/pic32mx/8.3.1/../../../../pic32mx/lib\libc-musl.a(__sio_printf_deEfFgGn.o)
 .debug_abbrev  0x0000000000002c68      0x161 c:/program files/microchip/xc32/v4.60/bin/bin/../../lib/gcc/pic32mx/8.3.1/../../../../pic32mx/lib\libc-musl.a(__fmt_d.o)
 .debug_abbrev  0x0000000000002dc9      0x1d8 c:/program files/microchip/xc32/v4.60/bin/bin/../../lib/gcc/pic32mx/8.3.1/../../../../pic32mx/lib\libc-musl.a(__fmt_fp.o)
 .debug_abbrev  0x0000000000002fa1       0xc3 c:/program files/microchip/xc32/v4.60/bin/bin/../../lib/gcc/pic32mx/8.3.1/../../../../pic32mx/lib\libc-musl.a(__pop_float.o)
 .debug_abbrev  0x0000000000003064       0xc3 c:/program files/microchip/xc32/v4.60/bin/bin/../../lib/gcc/pic32mx/8.3.1/../../../../pic32mx/lib\libc-musl.a(__pop_int.o)
 .debug_abbrev  0x0000000000003127       0xd7 c:/program files/microchip/xc32/v4.60/bin/bin/../../lib/gcc/pic32mx/8.3.1/../../../../pic32mx/lib\libc-musl.a(__pop_ptr.o)
 .debug_abbrev  0x00000000000031fe      0x318 c:/program files/microchip/xc32/v4.60/bin/bin/../../lib/gcc/pic32mx/8.3.1/../../../../pic32mx/lib\libc-musl.a(__printf_core.o)
 .debug_abbrev  0x0000000000003516      0x1bd c:/program files/microchip/xc32/v4.60/bin/bin/../../lib/gcc/pic32mx/8.3.1/../../../../pic32mx/lib\libc-musl.a(stdout.o)
 .debug_abbrev  0x00000000000036d3      0x159 c:/program files/microchip/xc32/v4.60/bin/bin/../../lib/gcc/pic32mx/8.3.1/../../../../pic32mx/lib\libc-musl.a(puts.o)
 .debug_abbrev  0x000000000000382c       0xc4 c:/program files/microchip/xc32/v4.60/bin/bin/../../lib/gcc/pic32mx/8.3.1/../../../../pic32mx/lib\libc-musl.a(atoi.o)